../Core/Inc/ina228_driver.h:174:20:ina228_is_fresh	16	static
../Core/Src/comm.c:95:17:tlm_crc16	24	static
../Core/Src/comm.c:114:20:put_be	40	static
../Core/Src/comm.c:122:14:get_be_f32	24	static
../Core/Src/comm.c:132:17:get_be_u32	16	static
../Core/Src/comm.c:138:17:get_be_u16	16	static
../Core/Src/comm.c:146:6:dcm_poll	16	static
../Core/Src/comm.c:173:13:tlm_build	88	static
../Core/Src/comm.c:224:13:tlm_port_release	16	static
../Core/Src/comm.c:232:13:tlm_tx_start	24	static,ignoring_inline_asm
../Core/Src/comm.c:247:13:tlm_dispatch	24	static
../Core/Src/comm.c:275:6:HAL_UART_TxCpltCallback	24	static
../Core/Src/comm.c:285:13:rx_rearm	24	static
../Core/Src/comm.c:299:6:HAL_UART_ErrorCallback	24	static
../Core/Src/comm.c:328:6:Comm_RxStart	16	static
../Core/Src/comm.c:346:17:rx_frame_len	16	static
../Core/Src/comm.c:368:24:rx_head	16	static
../Core/Src/comm.c:376:13:rx_exec	64	static
../Core/Src/comm.c:487:13:rx_feed	32	static
../Core/Src/comm.c:535:6:Comm_RxPoll	16	static
../Core/Src/comm.c:559:6:Comm_Init	16	static
../Core/Src/comm.c:586:6:Comm_OnTick	8	static
../Core/Src/comm.c:593:6:Comm_Poll	16	static
../Core/Src/comm.c:604:6:Comm_TxWatchdog	24	static
../Core/Src/comm.c:622:17:aux_acquire	16	static
../Core/Src/comm.c:632:13:aux_seal	40	static
../Core/Src/comm.c:640:16:tlm_send_aux	40	static,ignoring_inline_asm
../Core/Src/comm.c:670:13:cfg_send_ack	56	static
../Core/Src/comm.c:697:13:fw_send_ack	48	static
../Core/Src/comm.c:724:13:cfg_persist_limits	40	static
../Core/Src/comm.c:742:6:Comm_CfgTask	40	static
../Core/Src/comm.c:774:9:Comm_DcmFault	4	static
../Core/Src/comm.c:776:6:Comm_PcLinkAlive	16	static
../Core/Src/comm.c:785:6:Comm_StatusTask	40	static
../Core/Src/comm.c:843:6:Comm_FwPoll	16	static
