../Core/Src/ina228_driver.c:71:23:ina_parse_20_signed	24	static
../Core/Src/ina228_driver.c:79:24:ina_parse_20_unsigned	24	static
../Core/Src/ina228_driver.c:106:13:ina_store	24	static
../Core/Src/ina228_driver.c:148:24:ina_read_blocking	56	static
../Core/Src/ina228_driver.c:162:17:ina228_write_reg16	40	static
../Core/Src/ina228_driver.c:177:17:ina228_read_reg16	32	static
../Core/Src/ina228_driver.c:189:17:ina228_bus_init	16	static
../Core/Src/ina228_driver.c:203:17:ina228_dev_init	56	static
../Core/Src/ina228_driver.c:261:17:ina228_init_all	16	static
../Core/Src/ina228_driver.c:277:13:ina_finish_cycle	8	static
../Core/Src/ina228_driver.c:286:13:ina_kick	24	static
../Core/Src/ina228_driver.c:307:13:ina_advance	24	static
../Core/Src/ina228_driver.c:325:17:ina228_bus_start	8	static
../Core/Src/ina228_driver.c:341:6:ina228_i2c_rx_complete	16	static
../Core/Src/ina228_driver.c:350:6:ina228_i2c_error	16	static
../Core/Src/ina228_driver.c:356:20:ina228_bus_state	4	static
../Core/Src/ina228_driver.c:361:6:ina228_bus_collect	32	static
../Core/Src/ina228_driver.c:373:6:ina228_bus_tick	16	static,ignoring_inline_asm
../Core/Src/ina228_driver.c:394:6:ina228_alert_isr	24	static
../Core/Src/ina228_driver.c:406:17:ina228_alert_process	16	static
../Core/Src/ina228_driver.c:436:10:ina228_get_sticky	24	static
../Core/Src/ina228_driver.c:447:15:ina228_get_dev	16	static
../Core/Src/ina228_driver.c:453:6:ina228_check_dma_buffer	16	static
../Core/Src/ina228_driver.c:461:6:HAL_I2C_MemRxCpltCallback	16	static
../Core/Src/ina228_driver.c:462:6:HAL_I2C_ErrorCallback	16	static
../Core/Src/ina228_driver.c:463:6:HAL_GPIO_EXTI_Callback	16	static
