../Core/Src/ina228_driver.c:69:23:ina_parse_20_signed	24	static
../Core/Src/ina228_driver.c:77:24:ina_parse_20_unsigned	24	static
../Core/Src/ina228_driver.c:104:13:ina_store	24	static
../Core/Src/ina228_driver.c:136:24:ina_read_blocking	56	static
../Core/Src/ina228_driver.c:150:17:ina228_write_reg16	40	static
../Core/Src/ina228_driver.c:165:17:ina228_read_reg16	32	static
../Core/Src/ina228_driver.c:177:17:ina228_bus_init	16	static
../Core/Src/ina228_driver.c:191:17:ina228_dev_init	56	static
../Core/Src/ina228_driver.c:243:17:ina228_init_all	16	static
../Core/Src/ina228_driver.c:259:13:ina_finish_cycle	8	static
../Core/Src/ina228_driver.c:268:13:ina_kick	24	static
../Core/Src/ina228_driver.c:289:13:ina_advance	24	static
../Core/Src/ina228_driver.c:307:17:ina228_bus_start	8	static
../Core/Src/ina228_driver.c:323:6:ina228_i2c_rx_complete	16	static
../Core/Src/ina228_driver.c:332:6:ina228_i2c_error	16	static
../Core/Src/ina228_driver.c:338:20:ina228_bus_state	4	static
../Core/Src/ina228_driver.c:343:6:ina228_bus_collect	32	static
../Core/Src/ina228_driver.c:355:6:ina228_bus_tick	16	static,ignoring_inline_asm
../Core/Src/ina228_driver.c:376:6:ina228_alert_isr	24	static
../Core/Src/ina228_driver.c:388:17:ina228_alert_process	32	static
../Core/Src/ina228_driver.c:429:10:ina228_get_sticky	24	static
../Core/Src/ina228_driver.c:440:15:ina228_get_dev	16	static
../Core/Src/ina228_driver.c:450:6:HAL_I2C_MemRxCpltCallback	16	static
../Core/Src/ina228_driver.c:451:6:HAL_I2C_ErrorCallback	16	static
../Core/Src/ina228_driver.c:452:6:HAL_GPIO_EXTI_Callback	16	static
../Core/Src/ina228_driver.c:464:17:ina228_write_limits	24	static
../Core/Src/ina228_driver.c:477:17:lim_sovl_raw	24	static
../Core/Src/ina228_driver.c:486:17:lim_busv_raw	24	static
../Core/Src/ina228_driver.c:495:17:ina228_read_limits	24	static
../Core/Src/ina228_driver.c:507:17:ina228_set_limits_f	32	static
