../Core/Inc/ina228_driver.h:174:20:ina228_is_fresh	16	static
../Core/Src/main.c:97:5:main	88	static,ignoring_inline_asm
../Core/Src/main.c:257:6:SystemClock_Config	120	static
../Core/Src/main.c:320:13:MX_I2C1_Init	8	static
../Core/Src/main.c:368:13:MX_UART4_Init	8	static
../Core/Src/main.c:416:13:MX_UART5_Init	8	static
../Core/Src/main.c:464:13:MX_USART1_UART_Init	8	static
../Core/Src/main.c:510:13:MX_DMA_Init	16	static
../Core/Src/main.c:549:13:MX_GPIO_Init	48	static
../Core/Src/main.c:645:6:MPU_Config	24	static
../Core/Src/main.c:676:6:Error_Handler	4	static,ignoring_inline_asm
