../Core/Inc/ina228_driver.h:147:20:ina228_is_fresh	16	static
../Core/Src/main.c:93:5:main	40	static,ignoring_inline_asm
../Core/Src/main.c:204:6:SystemClock_Config	120	static
../Core/Src/main.c:267:13:MX_I2C1_Init	8	static
../Core/Src/main.c:315:13:MX_UART4_Init	8	static
../Core/Src/main.c:363:13:MX_UART5_Init	8	static
../Core/Src/main.c:411:13:MX_USART1_UART_Init	8	static
../Core/Src/main.c:457:13:MX_DMA_Init	16	static
../Core/Src/main.c:496:13:MX_GPIO_Init	48	static
../Core/Src/main.c:592:6:MPU_Config	24	static
../Core/Src/main.c:623:6:Error_Handler	4	static,ignoring_inline_asm
