Archive member included to satisfy reference by file (symbol)

D:/STM32CubeIDE/STM32CubeIDE_1.19.0/STM32CubeIDE/plugins/com.st.stm32cube.ide.mcu.externaltools.gnu-tools-for-stm32.13.3.rel1.win32_1.0.0.202411081344/tools/bin/../lib/gcc/arm-none-eabi/13.3.1/../../../../arm-none-eabi/lib/thumb/v7e-m+dp/hard\libc_nano.a(libc_a-exit.o)
                              D:/STM32CubeIDE/STM32CubeIDE_1.19.0/STM32CubeIDE/plugins/com.st.stm32cube.ide.mcu.externaltools.gnu-tools-for-stm32.13.3.rel1.win32_1.0.0.202411081344/tools/bin/../lib/gcc/arm-none-eabi/13.3.1/../../../../arm-none-eabi/lib/thumb/v7e-m+dp/hard/crt0.o (exit)
D:/STM32CubeIDE/STM32CubeIDE_1.19.0/STM32CubeIDE/plugins/com.st.stm32cube.ide.mcu.externaltools.gnu-tools-for-stm32.13.3.rel1.win32_1.0.0.202411081344/tools/bin/../lib/gcc/arm-none-eabi/13.3.1/../../../../arm-none-eabi/lib/thumb/v7e-m+dp/hard\libc_nano.a(libc_a-findfp.o)
                              D:/STM32CubeIDE/STM32CubeIDE_1.19.0/STM32CubeIDE/plugins/com.st.stm32cube.ide.mcu.externaltools.gnu-tools-for-stm32.13.3.rel1.win32_1.0.0.202411081344/tools/bin/../lib/gcc/arm-none-eabi/13.3.1/../../../../arm-none-eabi/lib/thumb/v7e-m+dp/hard\libc_nano.a(libc_a-exit.o) (__stdio_exit_handler)
D:/STM32CubeIDE/STM32CubeIDE_1.19.0/STM32CubeIDE/plugins/com.st.stm32cube.ide.mcu.externaltools.gnu-tools-for-stm32.13.3.rel1.win32_1.0.0.202411081344/tools/bin/../lib/gcc/arm-none-eabi/13.3.1/../../../../arm-none-eabi/lib/thumb/v7e-m+dp/hard\libc_nano.a(libc_a-fwalk.o)
                              D:/STM32CubeIDE/STM32CubeIDE_1.19.0/STM32CubeIDE/plugins/com.st.stm32cube.ide.mcu.externaltools.gnu-tools-for-stm32.13.3.rel1.win32_1.0.0.202411081344/tools/bin/../lib/gcc/arm-none-eabi/13.3.1/../../../../arm-none-eabi/lib/thumb/v7e-m+dp/hard\libc_nano.a(libc_a-findfp.o) (_fwalk_sglue)
D:/STM32CubeIDE/STM32CubeIDE_1.19.0/STM32CubeIDE/plugins/com.st.stm32cube.ide.mcu.externaltools.gnu-tools-for-stm32.13.3.rel1.win32_1.0.0.202411081344/tools/bin/../lib/gcc/arm-none-eabi/13.3.1/../../../../arm-none-eabi/lib/thumb/v7e-m+dp/hard\libc_nano.a(libc_a-stdio.o)
                              D:/STM32CubeIDE/STM32CubeIDE_1.19.0/STM32CubeIDE/plugins/com.st.stm32cube.ide.mcu.externaltools.gnu-tools-for-stm32.13.3.rel1.win32_1.0.0.202411081344/tools/bin/../lib/gcc/arm-none-eabi/13.3.1/../../../../arm-none-eabi/lib/thumb/v7e-m+dp/hard\libc_nano.a(libc_a-findfp.o) (__sread)
D:/STM32CubeIDE/STM32CubeIDE_1.19.0/STM32CubeIDE/plugins/com.st.stm32cube.ide.mcu.externaltools.gnu-tools-for-stm32.13.3.rel1.win32_1.0.0.202411081344/tools/bin/../lib/gcc/arm-none-eabi/13.3.1/../../../../arm-none-eabi/lib/thumb/v7e-m+dp/hard\libc_nano.a(libc_a-memset.o)
                              D:/STM32CubeIDE/STM32CubeIDE_1.19.0/STM32CubeIDE/plugins/com.st.stm32cube.ide.mcu.externaltools.gnu-tools-for-stm32.13.3.rel1.win32_1.0.0.202411081344/tools/bin/../lib/gcc/arm-none-eabi/13.3.1/../../../../arm-none-eabi/lib/thumb/v7e-m+dp/hard/crt0.o (memset)
D:/STM32CubeIDE/STM32CubeIDE_1.19.0/STM32CubeIDE/plugins/com.st.stm32cube.ide.mcu.externaltools.gnu-tools-for-stm32.13.3.rel1.win32_1.0.0.202411081344/tools/bin/../lib/gcc/arm-none-eabi/13.3.1/../../../../arm-none-eabi/lib/thumb/v7e-m+dp/hard\libc_nano.a(libc_a-closer.o)
                              D:/STM32CubeIDE/STM32CubeIDE_1.19.0/STM32CubeIDE/plugins/com.st.stm32cube.ide.mcu.externaltools.gnu-tools-for-stm32.13.3.rel1.win32_1.0.0.202411081344/tools/bin/../lib/gcc/arm-none-eabi/13.3.1/../../../../arm-none-eabi/lib/thumb/v7e-m+dp/hard\libc_nano.a(libc_a-stdio.o) (_close_r)
D:/STM32CubeIDE/STM32CubeIDE_1.19.0/STM32CubeIDE/plugins/com.st.stm32cube.ide.mcu.externaltools.gnu-tools-for-stm32.13.3.rel1.win32_1.0.0.202411081344/tools/bin/../lib/gcc/arm-none-eabi/13.3.1/../../../../arm-none-eabi/lib/thumb/v7e-m+dp/hard\libc_nano.a(libc_a-reent.o)
                              D:/STM32CubeIDE/STM32CubeIDE_1.19.0/STM32CubeIDE/plugins/com.st.stm32cube.ide.mcu.externaltools.gnu-tools-for-stm32.13.3.rel1.win32_1.0.0.202411081344/tools/bin/../lib/gcc/arm-none-eabi/13.3.1/../../../../arm-none-eabi/lib/thumb/v7e-m+dp/hard\libc_nano.a(libc_a-closer.o) (errno)
D:/STM32CubeIDE/STM32CubeIDE_1.19.0/STM32CubeIDE/plugins/com.st.stm32cube.ide.mcu.externaltools.gnu-tools-for-stm32.13.3.rel1.win32_1.0.0.202411081344/tools/bin/../lib/gcc/arm-none-eabi/13.3.1/../../../../arm-none-eabi/lib/thumb/v7e-m+dp/hard\libc_nano.a(libc_a-impure.o)
                              D:/STM32CubeIDE/STM32CubeIDE_1.19.0/STM32CubeIDE/plugins/com.st.stm32cube.ide.mcu.externaltools.gnu-tools-for-stm32.13.3.rel1.win32_1.0.0.202411081344/tools/bin/../lib/gcc/arm-none-eabi/13.3.1/../../../../arm-none-eabi/lib/thumb/v7e-m+dp/hard\libc_nano.a(libc_a-reent.o) (_impure_ptr)
D:/STM32CubeIDE/STM32CubeIDE_1.19.0/STM32CubeIDE/plugins/com.st.stm32cube.ide.mcu.externaltools.gnu-tools-for-stm32.13.3.rel1.win32_1.0.0.202411081344/tools/bin/../lib/gcc/arm-none-eabi/13.3.1/../../../../arm-none-eabi/lib/thumb/v7e-m+dp/hard\libc_nano.a(libc_a-lseekr.o)
[...]
Memory Configuration

Name             Origin             Length             Attributes
ITCMRAM          0x00000000         0x00010000         xrw
DTCMRAM          0x20000000         0x00020000         xrw
FLASH            0x08000000         0x00100000         xr
RAM_D1           0x24000000         0x00050000         xrw
RAM_D2           0x30000000         0x00008000         xrw
RAM_D3           0x38000000         0x00004000         xrw
*default*        0x00000000         0xffffffff

Linker script and memory map

LOAD D:/STM32CubeIDE/STM32CubeIDE_1.19.0/STM32CubeIDE/plugins/com.st.stm32cube.ide.mcu.externaltools.gnu-tools-for-stm32.13.3.rel1.win32_1.0.0.202411081344/tools/bin/../lib/gcc/arm-none-eabi/13.3.1/thumb/v7e-m+dp/hard/crti.o
LOAD D:/STM32CubeIDE/STM32CubeIDE_1.19.0/STM32CubeIDE/plugins/com.st.stm32cube.ide.mcu.externaltools.gnu-tools-for-stm32.13.3.rel1.win32_1.0.0.202411081344/tools/bin/../lib/gcc/arm-none-eabi/13.3.1/thumb/v7e-m+dp/hard/crtbegin.o
LOAD D:/STM32CubeIDE/STM32CubeIDE_1.19.0/STM32CubeIDE/plugins/com.st.stm32cube.ide.mcu.externaltools.gnu-tools-for-stm32.13.3.rel1.win32_1.0.0.202411081344/tools/bin/../lib/gcc/arm-none-eabi/13.3.1/../../../../arm-none-eabi/lib/thumb/v7e-m+dp/hard/crt0.o
LOAD ./Core/Src/comm.o
LOAD ./Core/Src/ina228_driver.o
LOAD ./Core/Src/main.o
LOAD ./Core/Src/stm32h7xx_hal_msp.o
LOAD ./Core/Src/stm32h7xx_it.o
LOAD ./Core/Src/syscalls.o
LOAD ./Core/Src/sysmem.o
LOAD ./Core/Src/system_stm32h7xx.o
LOAD ./Core/Startup/startup_stm32h725rgvx.o
LOAD ./Drivers/STM32H7xx_HAL_Driver/Src/stm32h7xx_hal.o
LOAD ./Drivers/STM32H7xx_HAL_Driver/Src/stm32h7xx_hal_cortex.o
LOAD ./Drivers/STM32H7xx_HAL_Driver/Src/stm32h7xx_hal_dma.o
LOAD ./Drivers/STM32H7xx_HAL_Driver/Src/stm32h7xx_hal_dma_ex.o
LOAD ./Drivers/STM32H7xx_HAL_Driver/Src/stm32h7xx_hal_exti.o
LOAD ./Drivers/STM32H7xx_HAL_Driver/Src/stm32h7xx_hal_flash.o
LOAD ./Drivers/STM32H7xx_HAL_Driver/Src/stm32h7xx_hal_flash_ex.o
LOAD ./Drivers/STM32H7xx_HAL_Driver/Src/stm32h7xx_hal_gpio.o
LOAD ./Drivers/STM32H7xx_HAL_Driver/Src/stm32h7xx_hal_hsem.o
LOAD ./Drivers/STM32H7xx_HAL_Driver/Src/stm32h7xx_hal_i2c.o
LOAD ./Drivers/STM32H7xx_HAL_Driver/Src/stm32h7xx_hal_i2c_ex.o
LOAD ./Drivers/STM32H7xx_HAL_Driver/Src/stm32h7xx_hal_mdma.o
LOAD ./Drivers/STM32H7xx_HAL_Driver/Src/stm32h7xx_hal_pcd.o
LOAD ./Drivers/STM32H7xx_HAL_Driver/Src/stm32h7xx_hal_pcd_ex.o
LOAD ./Drivers/STM32H7xx_HAL_Driver/Src/stm32h7xx_hal_pwr.o
LOAD ./Drivers/STM32H7xx_HAL_Driver/Src/stm32h7xx_hal_pwr_ex.o
LOAD ./Drivers/STM32H7xx_HAL_Driver/Src/stm32h7xx_hal_rcc.o
LOAD ./Drivers/STM32H7xx_HAL_Driver/Src/stm32h7xx_hal_rcc_ex.o
LOAD ./Drivers/STM32H7xx_HAL_Driver/Src/stm32h7xx_hal_tim.o
LOAD ./Drivers/STM32H7xx_HAL_Driver/Src/stm32h7xx_hal_tim_ex.o
LOAD ./Drivers/STM32H7xx_HAL_Driver/Src/stm32h7xx_hal_uart.o
LOAD ./Drivers/STM32H7xx_HAL_Driver/Src/stm32h7xx_hal_uart_ex.o
LOAD ./Drivers/STM32H7xx_HAL_Driver/Src/stm32h7xx_ll_usb.o
LOAD ./Middlewares/ST/STM32_USB_Device_Library/Class/CDC/Src/usbd_cdc.o
LOAD ./Middlewares/ST/STM32_USB_Device_Library/Core/Src/usbd_core.o
LOAD ./Middlewares/ST/STM32_USB_Device_Library/Core/Src/usbd_ctlreq.o
LOAD ./Middlewares/ST/STM32_USB_Device_Library/Core/Src/usbd_ioreq.o
LOAD ./USB_DEVICE/App/usb_device.o
LOAD ./USB_DEVICE/App/usbd_cdc_if.o
LOAD ./USB_DEVICE/App/usbd_desc.o
LOAD ./USB_DEVICE/Target/usbd_conf.o
START GROUP
LOAD D:/STM32CubeIDE/STM32CubeIDE_1.19.0/STM32CubeIDE/plugins/com.st.stm32cube.ide.mcu.externaltools.gnu-tools-for-stm32.13.3.rel1.win32_1.0.0.202411081344/tools/bin/../lib/gcc/arm-none-eabi/13.3.1/../../../../arm-none-eabi/lib/thumb/v7e-m+dp/hard\libc_nano.a
LOAD D:/STM32CubeIDE/STM32CubeIDE_1.19.0/STM32CubeIDE/plugins/com.st.stm32cube.ide.mcu.externaltools.gnu-tools-for-stm32.13.3.rel1.win32_1.0.0.202411081344/tools/bin/../lib/gcc/arm-none-eabi/13.3.1/../../../../arm-none-eabi/lib/thumb/v7e-m+dp/hard\libm.a
END GROUP
START GROUP
LOAD D:/STM32CubeIDE/STM32CubeIDE_1.19.0/STM32CubeIDE/plugins/com.st.stm32cube.ide.mcu.externaltools.gnu-tools-for-stm32.13.3.rel1.win32_1.0.0.202411081344/tools/bin/../lib/gcc/arm-none-eabi/13.3.1/thumb/v7e-m+dp/hard\libgcc.a
LOAD D:/STM32CubeIDE/STM32CubeIDE_1.19.0/STM32CubeIDE/plugins/com.st.stm32cube.ide.mcu.externaltools.gnu-tools-for-stm32.13.3.rel1.win32_1.0.0.202411081344/tools/bin/../lib/gcc/arm-none-eabi/13.3.1/../../../../arm-none-eabi/lib/thumb/v7e-m+dp/hard\libc_nano.a
END GROUP
START GROUP
LOAD D:/STM32CubeIDE/STM32CubeIDE_1.19.0/STM32CubeIDE/plugins/com.st.stm32cube.ide.mcu.externaltools.gnu-tools-for-stm32.13.3.rel1.win32_1.0.0.202411081344/tools/bin/../lib/gcc/arm-none-eabi/13.3.1/thumb/v7e-m+dp/hard\libgcc.a
LOAD D:/STM32CubeIDE/STM32CubeIDE_1.19.0/STM32CubeIDE/plugins/com.st.stm32cube.ide.mcu.externaltools.gnu-tools-for-stm32.13.3.rel1.win32_1.0.0.202411081344/tools/bin/../lib/gcc/arm-none-eabi/13.3.1/../../../../arm-none-eabi/lib/thumb/v7e-m+dp/hard\libc_nano.a
LOAD D:/STM32CubeIDE/STM32CubeIDE_1.19.0/STM32CubeIDE/plugins/com.st.stm32cube.ide.mcu.externaltools.gnu-tools-for-stm32.13.3.rel1.win32_1.0.0.202411081344/tools/bin/../lib/gcc/arm-none-eabi/13.3.1/../../../../arm-none-eabi/lib/thumb/v7e-m+dp/hard\libnosys.a
END GROUP
START GROUP
LOAD D:/STM32CubeIDE/STM32CubeIDE_1.19.0/STM32CubeIDE/plugins/com.st.stm32cube.ide.mcu.externaltools.gnu-tools-for-stm32.13.3.rel1.win32_1.0.0.202411081344/tools/bin/../lib/gcc/arm-none-eabi/13.3.1/thumb/v7e-m+dp/hard\libgcc.a
LOAD D:/STM32CubeIDE/STM32CubeIDE_1.19.0/STM32CubeIDE/plugins/com.st.stm32cube.ide.mcu.externaltools.gnu-tools-for-stm32.13.3.rel1.win32_1.0.0.202411081344/tools/bin/../lib/gcc/arm-none-eabi/13.3.1/../../../../arm-none-eabi/lib/thumb/v7e-m+dp/hard\libc_nano.a
LOAD D:/STM32CubeIDE/STM32CubeIDE_1.19.0/STM32CubeIDE/plugins/com.st.stm32cube.ide.mcu.externaltools.gnu-tools-for-stm32.13.3.rel1.win32_1.0.0.202411081344/tools/bin/../lib/gcc/arm-none-eabi/13.3.1/../../../../arm-none-eabi/lib/thumb/v7e-m+dp/hard\libnosys.a
END GROUP
LOAD D:/STM32CubeIDE/STM32CubeIDE_1.19.0/STM32CubeIDE/plugins/com.st.stm32cube.ide.mcu.externaltools.gnu-tools-for-stm32.13.3.rel1.win32_1.0.0.202411081344/tools/bin/../lib/gcc/arm-none-eabi/13.3.1/thumb/v7e-m+dp/hard/crtend.o
LOAD D:/STM32CubeIDE/STM32CubeIDE_1.19.0/STM32CubeIDE/plugins/com.st.stm32cube.ide.mcu.externaltools.gnu-tools-for-stm32.13.3.rel1.win32_1.0.0.202411081344/tools/bin/../lib/gcc/arm-none-eabi/13.3.1/thumb/v7e-m+dp/hard/crtn.o
                0x24050000                        _estack = (ORIGIN (RAM_D1) + LENGTH (RAM_D1))
                0x00000200                        _Min_Heap_Size = 0x200
                0x00000400                        _Min_Stack_Size = 0x400

.isr_vector     0x08000000      0x2cc
                0x08000000                        . = ALIGN (0x4)
 *(.isr_vector)
 .isr_vector    0x08000000      0x2cc ./Core/Startup/startup_stm32h725rgvx.o
                0x08000000                g_pfnVectors
                0x080002cc                        . = ALIGN (0x4)

.text           0x080002cc    0x133d8
                0x080002cc                        . = ALIGN (0x4)
 *(.text)
 .text          0x080002cc       0x40 D:/STM32CubeIDE/STM32CubeIDE_1.19.0/STM32CubeIDE/plugins/com.st.stm32cube.ide.mcu.externaltools.gnu-tools-for-stm32.13.3.rel1.win32_1.0.0.202411081344/tools/bin/../lib/gcc/arm-none-eabi/13.3.1/thumb/v7e-m+dp/hard/crtbegin.o
 .text          0x0800030c       0x30 D:/STM32CubeIDE/STM32CubeIDE_1.19.0/STM32CubeIDE/plugins/com.st.stm32cube.ide.mcu.externaltools.gnu-tools-for-stm32.13.3.rel1.win32_1.0.0.202411081344/tools/bin/../lib/gcc/arm-none-eabi/13.3.1/thumb/v7e-m+dp/hard\libgcc.a(_aeabi_uldivmod.o)
                0x0800030c                __aeabi_uldivmod
 .text          0x0800033c      0x2f8 D:/STM32CubeIDE/STM32CubeIDE_1.19.0/STM32CubeIDE/plugins/com.st.stm32cube.ide.mcu.externaltools.gnu-tools-for-stm32.13.3.rel1.win32_1.0.0.202411081344/tools/bin/../lib/gcc/arm-none-eabi/13.3.1/thumb/v7e-m+dp/hard\libgcc.a(_udivmoddi4.o)
                0x0800033c                __udivmoddi4
 .text          0x08000634        0x4 D:/STM32CubeIDE/STM32CubeIDE_1.19.0/STM32CubeIDE/plugins/com.st.stm32cube.ide.mcu.externaltools.gnu-tools-for-stm32.13.3.rel1.win32_1.0.0.202411081344/tools/bin/../lib/gcc/arm-none-eabi/13.3.1/thumb/v7e-m+dp/hard\libgcc.a(_dvmd_tls.o)
                0x08000634                __aeabi_idiv0
                0x08000634                __aeabi_ldiv0
 *(.text*)
 .text.put_be   0x08000638       0x64 ./Core/Src/comm.o
 .text.dcm_poll
                0x0800069c       0xd4 ./Core/Src/comm.o
                0x0800069c                dcm_poll
 .text.tlm_build
                0x08000770      0x1a8 ./Core/Src/comm.o
 .text.tlm_port_release
                0x08000918       0x2e ./Core/Src/comm.o
 .text.tlm_tx_start
                0x08000946       0x68 ./Core/Src/comm.o
 *fill*         0x080009ae        0x2 
 .text.tlm_dispatch
                0x080009b0       0xc4 ./Core/Src/comm.o
 .text.HAL_UART_TxCpltCallback
                0x08000a74       0x50 ./Core/Src/comm.o
                0x08000a74                HAL_UART_TxCpltCallback
 .text.HAL_UART_ErrorCallback
                0x08000ac4       0xdc ./Core/Src/comm.o
                0x08000ac4                HAL_UART_ErrorCallback
 .text.Comm_RxStart
                0x08000ba0       0x9c ./Core/Src/comm.o
                0x08000ba0                Comm_RxStart
 .text.rx_head  0x08000c3c      0x268 ./Core/Src/comm.o
 .text.rx_exec  0x08000ea4       0xbc ./Core/Src/comm.o
 .text.rx_feed  0x08000f60      0x100 ./Core/Src/comm.o
 .text.Comm_RxPoll
                0x08001060       0xc4 ./Core/Src/comm.o
                0x08001060                Comm_RxPoll
 .text.Comm_Init
                0x08001124       0xb4 ./Core/Src/comm.o
                0x08001124                Comm_Init
 .text.Comm_OnTick
                0x080011d8       0x20 ./Core/Src/comm.o
                0x080011d8                Comm_OnTick
 .text.Comm_Poll
                0x080011f8       0x28 ./Core/Src/comm.o
                0x080011f8                Comm_Poll
 .text.Comm_TxWatchdog
                0x08001220       0x90 ./Core/Src/comm.o
                0x08001220                Comm_TxWatchdog
 .text.ina_parse_20_signed
                0x080012b0       0x4c ./Core/Src/ina228_driver.o
 .text.ina_parse_20_unsigned
                0x080012fc       0x36 ./Core/Src/ina228_driver.o
 *fill*         0x08001332        0x2 
 .text.ina_store
                0x08001334      0x10c ./Core/Src/ina228_driver.o
 .text.ina_read_blocking
                0x08001440       0x6c ./Core/Src/ina228_driver.o
 .text.ina228_write_reg16
                0x080014ac       0x78 ./Core/Src/ina228_driver.o
                0x080014ac                ina228_write_reg16
 .text.ina228_read_reg16
                0x08001524       0x46 ./Core/Src/ina228_driver.o
                0x08001524                ina228_read_reg16
 *fill*         0x0800156a        0x2 
 .text.ina228_bus_init
                0x0800156c       0x5c ./Core/Src/ina228_driver.o
                0x0800156c                ina228_bus_init
 .text.ina228_dev_init
                0x080015c8      0x13c ./Core/Src/ina228_driver.o
                0x080015c8                ina228_dev_init
 .text.ina228_init_all
                0x08001704       0x68 ./Core/Src/ina228_driver.o
                0x08001704                ina228_init_all
 .text.ina_finish_cycle
                0x0800176c       0x28 ./Core/Src/ina228_driver.o
 .text.ina_kick
                0x08001794       0xb0 ./Core/Src/ina228_driver.o
 .text.ina_advance
                0x08001844       0x8c ./Core/Src/ina228_driver.o
 .text.ina228_bus_start
                0x080018d0       0x54 ./Core/Src/ina228_driver.o
                0x080018d0                ina228_bus_start
 .text.ina228_i2c_rx_complete
                0x08001924       0x64 ./Core/Src/ina228_driver.o
                0x08001924                ina228_i2c_rx_complete
 .text.ina228_i2c_error
                0x08001988       0x30 ./Core/Src/ina228_driver.o
                0x08001988                ina228_i2c_error
 .text.ina228_bus_state
                0x080019b8       0x18 ./Core/Src/ina228_driver.o
                0x080019b8                ina228_bus_state
 .text.ina228_bus_collect
                0x080019d0       0x74 ./Core/Src/ina228_driver.o
                0x080019d0                ina228_bus_collect
 .text.ina228_bus_tick
                0x08001a44       0x78 ./Core/Src/ina228_driver.o
                0x08001a44                ina228_bus_tick
 .text.ina228_alert_isr
                0x08001abc       0x6c ./Core/Src/ina228_driver.o
                0x08001abc                ina228_alert_isr
 .text.ina228_alert_process
                0x08001b28       0xb8 ./Core/Src/ina228_driver.o
                0x08001b28                ina228_alert_process
 .text.ina228_get_dev
                0x08001be0       0x44 ./Core/Src/ina228_driver.o
                0x08001be0                ina228_get_dev
 .text.HAL_I2C_MemRxCpltCallback
                0x08001c24       0x16 ./Core/Src/ina228_driver.o
                0x08001c24                HAL_I2C_MemRxCpltCallback
 .text.HAL_I2C_ErrorCallback
                0x08001c3a       0x16 ./Core/Src/ina228_driver.o
                0x08001c3a                HAL_I2C_ErrorCallback
 .text.HAL_GPIO_EXTI_Callback
                0x08001c50       0x1a ./Core/Src/ina228_driver.o
                0x08001c50                HAL_GPIO_EXTI_Callback
 .text.ina228_is_fresh
                0x08001c6a       0x2c ./Core/Src/main.o
 *fill*         0x08001c96        0x2 
 .text.main     0x08001c98      0x1b4 ./Core/Src/main.o
                0x08001c98                main
 .text.SystemClock_Config
                0x08001e4c       0xec ./Core/Src/main.o
                0x08001e4c                SystemClock_Config
 .text.MX_I2C1_Init
                0x08001f38       0x80 ./Core/Src/main.o
 .text.MX_UART4_Init
                0x08001fb8       0x98 ./Core/Src/main.o
 .text.MX_UART5_Init
                0x08002050       0x98 ./Core/Src/main.o
 .text.MX_USART1_UART_Init
                0x080020e8       0x98 ./Core/Src/main.o
 .text.MX_DMA_Init
                0x08002180       0xb0 ./Core/Src/main.o
 .text.MX_GPIO_Init
                0x08002230      0x1ec ./Core/Src/main.o
 .text.MPU_Config
                0x0800241c       0x58 ./Core/Src/main.o
 .text.Error_Handler
                0x08002474        0xc ./Core/Src/main.o
                0x08002474                Error_Handler
 .text.HAL_MspInit
                0x08002480       0x34 ./Core/Src/stm32h7xx_hal_msp.o
                0x08002480                HAL_MspInit
 .text.HAL_I2C_MspInit
                0x080024b4      0x1bc ./Core/Src/stm32h7xx_hal_msp.o
                0x080024b4                HAL_I2C_MspInit
 .text.HAL_UART_MspInit
                0x08002670      0x4a8 ./Core/Src/stm32h7xx_hal_msp.o
                0x08002670                HAL_UART_MspInit
 .text.NMI_Handler
                0x08002b18        0x8 ./Core/Src/stm32h7xx_it.o
                0x08002b18                NMI_Handler
 .text.HardFault_Handler
                0x08002b20        0x8 ./Core/Src/stm32h7xx_it.o
                0x08002b20                HardFault_Handler
 .text.MemManage_Handler
                0x08002b28        0x8 ./Core/Src/stm32h7xx_it.o
                0x08002b28                MemManage_Handler
 .text.BusFault_Handler
                0x08002b30        0x8 ./Core/Src/stm32h7xx_it.o
                0x08002b30                BusFault_Handler
 .text.UsageFault_Handler
                0x08002b38        0x8 ./Core/Src/stm32h7xx_it.o
                0x08002b38                UsageFault_Handler
 .text.SVC_Handler
                0x08002b40        0xe ./Core/Src/stm32h7xx_it.o
                0x08002b40                SVC_Handler
 .text.DebugMon_Handler
                0x08002b4e        0xe ./Core/Src/stm32h7xx_it.o
                0x08002b4e                DebugMon_Handler
 .text.PendSV_Handler
                0x08002b5c        0xe ./Core/Src/stm32h7xx_it.o
                0x08002b5c                PendSV_Handler
 .text.SysTick_Handler
                0x08002b6a        0xc ./Core/Src/stm32h7xx_it.o
                0x08002b6a                SysTick_Handler
 .text.EXTI4_IRQHandler
                0x08002b76        0xe ./Core/Src/stm32h7xx_it.o
                0x08002b76                EXTI4_IRQHandler
 .text.DMA1_Stream0_IRQHandler
                0x08002b84       0x14 ./Core/Src/stm32h7xx_it.o
                0x08002b84                DMA1_Stream0_IRQHandler
 .text.DMA1_Stream1_IRQHandler
                0x08002b98       0x14 ./Core/Src/stm32h7xx_it.o
                0x08002b98                DMA1_Stream1_IRQHandler
 .text.DMA1_Stream2_IRQHandler
                0x08002bac       0x14 ./Core/Src/stm32h7xx_it.o
                0x08002bac                DMA1_Stream2_IRQHandler
 .text.DMA1_Stream3_IRQHandler
                0x08002bc0       0x14 ./Core/Src/stm32h7xx_it.o
                0x08002bc0                DMA1_Stream3_IRQHandler
 .text.DMA1_Stream4_IRQHandler
                0x08002bd4       0x14 ./Core/Src/stm32h7xx_it.o
                0x08002bd4                DMA1_Stream4_IRQHandler
 .text.DMA1_Stream5_IRQHandler
                0x08002be8       0x14 ./Core/Src/stm32h7xx_it.o
                0x08002be8                DMA1_Stream5_IRQHandler
 .text.DMA1_Stream6_IRQHandler
                0x08002bfc       0x14 ./Core/Src/stm32h7xx_it.o
                0x08002bfc                DMA1_Stream6_IRQHandler
 .text.EXTI9_5_IRQHandler
                0x08002c10       0x1a ./Core/Src/stm32h7xx_it.o
                0x08002c10                EXTI9_5_IRQHandler
 *fill*         0x08002c2a        0x2 
 .text.I2C1_EV_IRQHandler
                0x08002c2c       0x14 ./Core/Src/stm32h7xx_it.o
                0x08002c2c                I2C1_EV_IRQHandler
 .text.I2C1_ER_IRQHandler
                0x08002c40       0x14 ./Core/Src/stm32h7xx_it.o
                0x08002c40                I2C1_ER_IRQHandler
 .text.USART1_IRQHandler
                0x08002c54       0x14 ./Core/Src/stm32h7xx_it.o
                0x08002c54                USART1_IRQHandler
 .text.DMA1_Stream7_IRQHandler
                0x08002c68       0x14 ./Core/Src/stm32h7xx_it.o
                0x08002c68                DMA1_Stream7_IRQHandler
 .text.UART4_IRQHandler
                0x08002c7c       0x14 ./Core/Src/stm32h7xx_it.o
                0x08002c7c                UART4_IRQHandler
 .text.UART5_IRQHandler
                0x08002c90       0x14 ./Core/Src/stm32h7xx_it.o
                0x08002c90                UART5_IRQHandler
 .text.OTG_HS_IRQHandler
                0x08002ca4       0x14 ./Core/Src/stm32h7xx_it.o
                0x08002ca4                OTG_HS_IRQHandler
 .text.SystemInit
                0x08002cb8      0x120 ./Core/Src/system_stm32h7xx.o
                0x08002cb8                SystemInit
 .text.ExitRun0Mode
                0x08002dd8       0x18 ./Core/Src/system_stm32h7xx.o
                0x08002dd8                ExitRun0Mode
 .text.Reset_Handler
                0x08002df0       0x54 ./Core/Startup/startup_stm32h725rgvx.o
                0x08002df0                Reset_Handler
 .text.Default_Handler
                0x08002e44        0x2 ./Core/Startup/startup_stm32h725rgvx.o
                0x08002e44                RTC_Alarm_IRQHandler
                0x08002e44                EXTI2_IRQHandler
                0x08002e44                TIM8_CC_IRQHandler
                0x08002e44                UART8_IRQHandler
                0x08002e44                SPI4_IRQHandler
                0x08002e44                FDCAN3_IT0_IRQHandler
                0x08002e44                TIM1_CC_IRQHandler
                0x08002e44                BDMA_Channel6_IRQHandler
                0x08002e44                DMA2_Stream5_IRQHandler
                0x08002e44                CORDIC_IRQHandler
                0x08002e44                BDMA_Channel1_IRQHandler
                0x08002e44                TAMP_STAMP_IRQHandler
                0x08002e44                EXTI3_IRQHandler
                0x08002e44                LPTIM4_IRQHandler
                0x08002e44                TIM8_TRG_COM_TIM14_IRQHandler
                0x08002e44                LPTIM2_IRQHandler
                0x08002e44                DFSDM1_FLT1_IRQHandler
                0x08002e44                DMAMUX2_OVR_IRQHandler
                0x08002e44                TIM8_UP_TIM13_IRQHandler
                0x08002e44                I2C3_ER_IRQHandler
                0x08002e44                DFSDM1_FLT2_IRQHandler
                0x08002e44                I2C5_EV_IRQHandler
                0x08002e44                USART10_IRQHandler
                0x08002e44                MDMA_IRQHandler
                0x08002e44                LPTIM3_IRQHandler
                0x08002e44                HSEM1_IRQHandler
                0x08002e44                EXTI0_IRQHandler
                0x08002e44                I2C2_EV_IRQHandler
                0x08002e44                FPU_IRQHandler
                0x08002e44                OTG_HS_WKUP_IRQHandler
                0x08002e44                FDCAN1_IT1_IRQHandler
                0x08002e44                LTDC_ER_IRQHandler
                0x08002e44                DMA2_Stream2_IRQHandler
                0x08002e44                SPI1_IRQHandler
                0x08002e44                OCTOSPI1_IRQHandler
                0x08002e44                TIM6_DAC_IRQHandler
                0x08002e44                DMA2_Stream3_IRQHandler
                0x08002e44                OCTOSPI2_IRQHandler
                0x08002e44                DFSDM1_FLT3_IRQHandler
                0x08002e44                TIM23_IRQHandler
                0x08002e44                USART6_IRQHandler
                0x08002e44                TIM17_IRQHandler
                0x08002e44                USART3_IRQHandler
                0x08002e44                BDMA_Channel7_IRQHandler
                0x08002e44                LPTIM5_IRQHandler
                0x08002e44                ADC3_IRQHandler
                0x08002e44                DMA2_Stream0_IRQHandler
                0x08002e44                TIM4_IRQHandler
                0x08002e44                BDMA_Channel2_IRQHandler
                0x08002e44                DMAMUX1_OVR_IRQHandler
                0x08002e44                TIM16_IRQHandler
                0x08002e44                BDMA_Channel5_IRQHandler
                0x08002e44                TIM3_IRQHandler
                0x08002e44                RCC_IRQHandler
                0x08002e44                UART9_IRQHandler
                0x08002e44                TIM8_BRK_TIM12_IRQHandler
                0x08002e44                TIM1_TRG_COM_IRQHandler
                0x08002e44                Default_Handler
                0x08002e44                ECC_IRQHandler
                0x08002e44                FMAC_IRQHandler
                0x08002e44                CEC_IRQHandler
                0x08002e44                EXTI15_10_IRQHandler
                0x08002e44                BDMA_Channel0_IRQHandler
                0x08002e44                ADC_IRQHandler
                0x08002e44                I2C5_ER_IRQHandler
                0x08002e44                SPI5_IRQHandler
                0x08002e44                TIM7_IRQHandler
                0x08002e44                FDCAN3_IT1_IRQHandler
                0x08002e44                SDMMC1_IRQHandler
                0x08002e44                TIM5_IRQHandler
                0x08002e44                DMA2_Stream7_IRQHandler
                0x08002e44                TIM15_IRQHandler
                0x08002e44                PVD_AVD_IRQHandler
                0x08002e44                I2C3_EV_IRQHandler
                0x08002e44                RTC_WKUP_IRQHandler
                0x08002e44                LTDC_IRQHandler
                0x08002e44                ETH_WKUP_IRQHandler
                0x08002e44                SPDIF_RX_IRQHandler
                0x08002e44                SPI2_IRQHandler
                0x08002e44                OTG_HS_EP1_IN_IRQHandler
                0x08002e44                TIM24_IRQHandler
                0x08002e44                CRS_IRQHandler
                0x08002e44                RNG_IRQHandler
                0x08002e44                FDCAN2_IT1_IRQHandler
                0x08002e44                ETH_IRQHandler
                0x08002e44                TIM1_UP_IRQHandler
                0x08002e44                BDMA_Channel4_IRQHandler
                0x08002e44                OTG_HS_EP1_OUT_IRQHandler
                0x08002e44                WWDG_IRQHandler
                0x08002e44                SPI6_IRQHandler
                0x08002e44                MDIOS_IRQHandler
                0x08002e44                I2C4_EV_IRQHandler
                0x08002e44                FDCAN2_IT0_IRQHandler
                0x08002e44                LPUART1_IRQHandler
                0x08002e44                FDCAN1_IT0_IRQHandler
                0x08002e44                TIM2_IRQHandler
                0x08002e44                DMA2D_IRQHandler
                0x08002e44                TIM1_BRK_IRQHandler
                0x08002e44                EXTI1_IRQHandler
                0x08002e44                SDMMC2_IRQHandler
                0x08002e44                BDMA_Channel3_IRQHandler
                0x08002e44                DTS_IRQHandler
                0x08002e44                UART7_IRQHandler
                0x08002e44                MDIOS_WKUP_IRQHandler
                0x08002e44                USART2_IRQHandler
                0x08002e44                DFSDM1_FLT0_IRQHandler
                0x08002e44                SAI4_IRQHandler
                0x08002e44                I2C2_ER_IRQHandler
                0x08002e44                DMA2_Stream1_IRQHandler
                0x08002e44                FLASH_IRQHandler
                0x08002e44                DMA2_Stream4_IRQHandler
                0x08002e44                SPI3_IRQHandler
                0x08002e44                WAKEUP_PIN_IRQHandler
                0x08002e44                FMC_IRQHandler
                0x08002e44                FDCAN_CAL_IRQHandler
                0x08002e44                SWPMI1_IRQHandler
                0x08002e44                COMP1_IRQHandler
                0x08002e44                LPTIM1_IRQHandler
                0x08002e44                DCMI_PSSI_IRQHandler
                0x08002e44                I2C4_ER_IRQHandler
                0x08002e44                DMA2_Stream6_IRQHandler
                0x08002e44                SAI1_IRQHandler
 *fill*         0x08002e46        0x2 
 .text.HAL_Init
                0x08002e48       0x78 ./Drivers/STM32H7xx_HAL_Driver/Src/stm32h7xx_hal.o
                0x08002e48                HAL_Init
 .text.HAL_InitTick
                0x08002ec0       0x6c ./Drivers/STM32H7xx_HAL_Driver/Src/stm32h7xx_hal.o
                0x08002ec0                HAL_InitTick
 .text.HAL_IncTick
                0x08002f2c       0x28 ./Drivers/STM32H7xx_HAL_Driver/Src/stm32h7xx_hal.o
                0x08002f2c                HAL_IncTick
 .text.HAL_GetTick
                0x08002f54       0x18 ./Drivers/STM32H7xx_HAL_Driver/Src/stm32h7xx_hal.o
                0x08002f54                HAL_GetTick
 .text.HAL_Delay
                0x08002f6c       0x48 ./Drivers/STM32H7xx_HAL_Driver/Src/stm32h7xx_hal.o
                0x08002f6c                HAL_Delay
 .text.__NVIC_SetPriorityGrouping
                0x08002fb4       0x48 ./Drivers/STM32H7xx_HAL_Driver/Src/stm32h7xx_hal_cortex.o
 .text.__NVIC_GetPriorityGrouping
                0x08002ffc       0x1c ./Drivers/STM32H7xx_HAL_Driver/Src/stm32h7xx_hal_cortex.o
 .text.__NVIC_EnableIRQ
                0x08003018       0x3c ./Drivers/STM32H7xx_HAL_Driver/Src/stm32h7xx_hal_cortex.o
 .text.__NVIC_SetPriority
                0x08003054       0x54 ./Drivers/STM32H7xx_HAL_Driver/Src/stm32h7xx_hal_cortex.o
 .text.NVIC_EncodePriority
                0x080030a8       0x66 ./Drivers/STM32H7xx_HAL_Driver/Src/stm32h7xx_hal_cortex.o
 *fill*         0x0800310e        0x2 
 .text.SysTick_Config
                0x08003110       0x44 ./Drivers/STM32H7xx_HAL_Driver/Src/stm32h7xx_hal_cortex.o
 .text.HAL_NVIC_SetPriorityGrouping
                0x08003154       0x16 ./Drivers/STM32H7xx_HAL_Driver/Src/stm32h7xx_hal_cortex.o
                0x08003154                HAL_NVIC_SetPriorityGrouping
 .text.HAL_NVIC_SetPriority
                0x0800316a       0x34 ./Drivers/STM32H7xx_HAL_Driver/Src/stm32h7xx_hal_cortex.o
                0x0800316a                HAL_NVIC_SetPriority
 .text.HAL_NVIC_EnableIRQ
                0x0800319e       0x1c ./Drivers/STM32H7xx_HAL_Driver/Src/stm32h7xx_hal_cortex.o
                0x0800319e                HAL_NVIC_EnableIRQ
 .text.HAL_SYSTICK_Config
                0x080031ba       0x18 ./Drivers/STM32H7xx_HAL_Driver/Src/stm32h7xx_hal_cortex.o
                0x080031ba                HAL_SYSTICK_Config
 *fill*         0x080031d2        0x2 
 .text.HAL_MPU_Disable
                0x080031d4       0x30 ./Drivers/STM32H7xx_HAL_Driver/Src/stm32h7xx_hal_cortex.o
                0x080031d4                HAL_MPU_Disable
 .text.HAL_MPU_Enable
                0x08003204       0x40 ./Drivers/STM32H7xx_HAL_Driver/Src/stm32h7xx_hal_cortex.o
                0x08003204                HAL_MPU_Enable
 .text.HAL_MPU_ConfigRegion
                0x08003244       0x80 ./Drivers/STM32H7xx_HAL_Driver/Src/stm32h7xx_hal_cortex.o
                0x08003244                HAL_MPU_ConfigRegion
 .text.HAL_DMA_Init
                0x080032c4      0x6b0 ./Drivers/STM32H7xx_HAL_Driver/Src/stm32h7xx_hal_dma.o
                0x080032c4                HAL_DMA_Init
 .text.HAL_DMA_Start_IT
                0x08003974      0x4d4 ./Drivers/STM32H7xx_HAL_Driver/Src/stm32h7xx_hal_dma.o
                0x08003974                HAL_DMA_Start_IT
 .text.HAL_DMA_Abort
                0x08003e48      0x63c ./Drivers/STM32H7xx_HAL_Driver/Src/stm32h7xx_hal_dma.o
                0x08003e48                HAL_DMA_Abort
 .text.HAL_DMA_Abort_IT
                0x08004484      0x48c ./Drivers/STM32H7xx_HAL_Driver/Src/stm32h7xx_hal_dma.o
                0x08004484                HAL_DMA_Abort_IT
 .text.HAL_DMA_IRQHandler
                0x08004910      0xe54 ./Drivers/STM32H7xx_HAL_Driver/Src/stm32h7xx_hal_dma.o
                0x08004910                HAL_DMA_IRQHandler
 .text.HAL_DMA_GetState
                0x08005764       0x1c ./Drivers/STM32H7xx_HAL_Driver/Src/stm32h7xx_hal_dma.o
                0x08005764                HAL_DMA_GetState
 .text.HAL_DMA_GetError
                0x08005780       0x18 ./Drivers/STM32H7xx_HAL_Driver/Src/stm32h7xx_hal_dma.o
                0x08005780                HAL_DMA_GetError
 .text.DMA_SetConfig
                0x08005798      0x358 ./Drivers/STM32H7xx_HAL_Driver/Src/stm32h7xx_hal_dma.o
 .text.DMA_CalcBaseAndBitshift
                0x08005af0      0x164 ./Drivers/STM32H7xx_HAL_Driver/Src/stm32h7xx_hal_dma.o
 .text.DMA_CheckFifoParam
                0x08005c54       0xf8 ./Drivers/STM32H7xx_HAL_Driver/Src/stm32h7xx_hal_dma.o
 .text.DMA_CalcDMAMUXChannelBaseAndMask
                0x08005d4c      0x134 ./Drivers/STM32H7xx_HAL_Driver/Src/stm32h7xx_hal_dma.o
 .text.DMA_CalcDMAMUXRequestGenBaseAndMask
                0x08005e80       0xe8 ./Drivers/STM32H7xx_HAL_Driver/Src/stm32h7xx_hal_dma.o
 .text.HAL_GPIO_Init
                0x08005f68      0x364 ./Drivers/STM32H7xx_HAL_Driver/Src/stm32h7xx_hal_gpio.o
                0x08005f68                HAL_GPIO_Init
 .text.HAL_GPIO_ReadPin
                0x080062cc       0x30 ./Drivers/STM32H7xx_HAL_Driver/Src/stm32h7xx_hal_gpio.o
                0x080062cc                HAL_GPIO_ReadPin
 .text.HAL_GPIO_WritePin
                0x080062fc       0x32 ./Drivers/STM32H7xx_HAL_Driver/Src/stm32h7xx_hal_gpio.o
                0x080062fc                HAL_GPIO_WritePin
 .text.HAL_GPIO_TogglePin
                0x0800632e       0x34 ./Drivers/STM32H7xx_HAL_Driver/Src/stm32h7xx_hal_gpio.o
                0x0800632e                HAL_GPIO_TogglePin
 .text.HAL_GPIO_EXTI_IRQHandler
                0x08006362       0x34 ./Drivers/STM32H7xx_HAL_Driver/Src/stm32h7xx_hal_gpio.o
                0x08006362                HAL_GPIO_EXTI_IRQHandler
 *fill*         0x08006396        0x2 
 .text.HAL_I2C_Init
                0x08006398      0x138 ./Drivers/STM32H7xx_HAL_Driver/Src/stm32h7xx_hal_i2c.o
                0x08006398                HAL_I2C_Init
 .text.HAL_I2C_Mem_Write
                0x080064d0      0x228 ./Drivers/STM32H7xx_HAL_Driver/Src/stm32h7xx_hal_i2c.o
                0x080064d0                HAL_I2C_Mem_Write
 .text.HAL_I2C_Mem_Read
                0x080066f8      0x234 ./Drivers/STM32H7xx_HAL_Driver/Src/stm32h7xx_hal_i2c.o
                0x080066f8                HAL_I2C_Mem_Read
 .text.HAL_I2C_Mem_Read_DMA
                0x0800692c      0x1cc ./Drivers/STM32H7xx_HAL_Driver/Src/stm32h7xx_hal_i2c.o
                0x0800692c                HAL_I2C_Mem_Read_DMA
 .text.HAL_I2C_Master_Abort_IT
                0x08006af8       0xa8 ./Drivers/STM32H7xx_HAL_Driver/Src/stm32h7xx_hal_i2c.o
                0x08006af8                HAL_I2C_Master_Abort_IT
 .text.HAL_I2C_EV_IRQHandler
                0x08006ba0       0x34 ./Drivers/STM32H7xx_HAL_Driver/Src/stm32h7xx_hal_i2c.o
                0x08006ba0                HAL_I2C_EV_IRQHandler
 .text.HAL_I2C_ER_IRQHandler
                0x08006bd4       0xc2 ./Drivers/STM32H7xx_HAL_Driver/Src/stm32h7xx_hal_i2c.o
                0x08006bd4                HAL_I2C_ER_IRQHandler
 .text.HAL_I2C_MasterTxCpltCallback
                0x08006c96       0x14 ./Drivers/STM32H7xx_HAL_Driver/Src/stm32h7xx_hal_i2c.o
                0x08006c96                HAL_I2C_MasterTxCpltCallback
 .text.HAL_I2C_MasterRxCpltCallback
                0x08006caa       0x14 ./Drivers/STM32H7xx_HAL_Driver/Src/stm32h7xx_hal_i2c.o
                0x08006caa                HAL_I2C_MasterRxCpltCallback
 .text.HAL_I2C_SlaveTxCpltCallback
                0x08006cbe       0x14 ./Drivers/STM32H7xx_HAL_Driver/Src/stm32h7xx_hal_i2c.o
                0x08006cbe                HAL_I2C_SlaveTxCpltCallback
 .text.HAL_I2C_SlaveRxCpltCallback
                0x08006cd2       0x14 ./Drivers/STM32H7xx_HAL_Driver/Src/stm32h7xx_hal_i2c.o
                0x08006cd2                HAL_I2C_SlaveRxCpltCallback
 .text.HAL_I2C_AddrCallback
                0x08006ce6       0x1c ./Drivers/STM32H7xx_HAL_Driver/Src/stm32h7xx_hal_i2c.o
                0x08006ce6                HAL_I2C_AddrCallback
 .text.HAL_I2C_ListenCpltCallback
                0x08006d02       0x14 ./Drivers/STM32H7xx_HAL_Driver/Src/stm32h7xx_hal_i2c.o
                0x08006d02                HAL_I2C_ListenCpltCallback
 .text.HAL_I2C_MemTxCpltCallback
                0x08006d16       0x14 ./Drivers/STM32H7xx_HAL_Driver/Src/stm32h7xx_hal_i2c.o
                0x08006d16                HAL_I2C_MemTxCpltCallback
 .text.HAL_I2C_AbortCpltCallback
                0x08006d2a       0x14 ./Drivers/STM32H7xx_HAL_Driver/Src/stm32h7xx_hal_i2c.o
                0x08006d2a                HAL_I2C_AbortCpltCallback
 .text.I2C_Slave_ISR_IT
                0x08006d3e      0x208 ./Drivers/STM32H7xx_HAL_Driver/Src/stm32h7xx_hal_i2c.o
 .text.I2C_Master_ISR_DMA
                0x08006f46      0x1e6 ./Drivers/STM32H7xx_HAL_Driver/Src/stm32h7xx_hal_i2c.o
 .text.I2C_Mem_ISR_DMA
                0x0800712c      0x260 ./Drivers/STM32H7xx_HAL_Driver/Src/stm32h7xx_hal_i2c.o
 .text.I2C_Slave_ISR_DMA
                0x0800738c      0x3c8 ./Drivers/STM32H7xx_HAL_Driver/Src/stm32h7xx_hal_i2c.o
 .text.I2C_RequestMemoryWrite
                0x08007754       0xa8 ./Drivers/STM32H7xx_HAL_Driver/Src/stm32h7xx_hal_i2c.o
 .text.I2C_RequestMemoryRead
                0x080077fc       0xa8 ./Drivers/STM32H7xx_HAL_Driver/Src/stm32h7xx_hal_i2c.o
 .text.I2C_ITAddrCplt
                0x080078a4      0x108 ./Drivers/STM32H7xx_HAL_Driver/Src/stm32h7xx_hal_i2c.o
 .text.I2C_ITMasterSeqCplt
                0x080079ac       0x7a ./Drivers/STM32H7xx_HAL_Driver/Src/stm32h7xx_hal_i2c.o
 .text.I2C_ITSlaveSeqCplt
                0x08007a26       0xbc ./Drivers/STM32H7xx_HAL_Driver/Src/stm32h7xx_hal_i2c.o
 *fill*         0x08007ae2        0x2 
 .text.I2C_ITMasterCplt
                0x08007ae4      0x194 ./Drivers/STM32H7xx_HAL_Driver/Src/stm32h7xx_hal_i2c.o
 .text.I2C_ITSlaveCplt
                0x08007c78      0x4b4 ./Drivers/STM32H7xx_HAL_Driver/Src/stm32h7xx_hal_i2c.o
 .text.I2C_ITListenCplt
                0x0800812c       0xac ./Drivers/STM32H7xx_HAL_Driver/Src/stm32h7xx_hal_i2c.o
 .text.I2C_ITError
                0x080081d8      0x1e0 ./Drivers/STM32H7xx_HAL_Driver/Src/stm32h7xx_hal_i2c.o
 .text.I2C_TreatErrorCallback
                0x080083b8       0x4e ./Drivers/STM32H7xx_HAL_Driver/Src/stm32h7xx_hal_i2c.o
 .text.I2C_Flush_TXDR
                0x08008406       0x48 ./Drivers/STM32H7xx_HAL_Driver/Src/stm32h7xx_hal_i2c.o
 .text.I2C_DMAMasterReceiveCplt
                0x0800844e       0x96 ./Drivers/STM32H7xx_HAL_Driver/Src/stm32h7xx_hal_i2c.o
 .text.I2C_DMAError
                0x080084e4      0x274 ./Drivers/STM32H7xx_HAL_Driver/Src/stm32h7xx_hal_i2c.o
 .text.I2C_DMAAbort
                0x08008758       0x3c ./Drivers/STM32H7xx_HAL_Driver/Src/stm32h7xx_hal_i2c.o
 .text.I2C_WaitOnFlagUntilTimeout
                0x08008794       0xb2 ./Drivers/STM32H7xx_HAL_Driver/Src/stm32h7xx_hal_i2c.o
 .text.I2C_WaitOnTXISFlagUntilTimeout
                0x08008846       0x8e ./Drivers/STM32H7xx_HAL_Driver/Src/stm32h7xx_hal_i2c.o
 .text.I2C_WaitOnSTOPFlagUntilTimeout
                0x080088d4       0x86 ./Drivers/STM32H7xx_HAL_Driver/Src/stm32h7xx_hal_i2c.o
 *fill*         0x0800895a        0x2 
 .text.I2C_IsErrorOccurred
                0x0800895c      0x1c0 ./Drivers/STM32H7xx_HAL_Driver/Src/stm32h7xx_hal_i2c.o
 .text.I2C_TransferConfig
                0x08008b1c       0x64 ./Drivers/STM32H7xx_HAL_Driver/Src/stm32h7xx_hal_i2c.o
 .text.I2C_Enable_IRQ
                0x08008b80      0x108 ./Drivers/STM32H7xx_HAL_Driver/Src/stm32h7xx_hal_i2c.o
 .text.I2C_Disable_IRQ
                0x08008c88       0xbc ./Drivers/STM32H7xx_HAL_Driver/Src/stm32h7xx_hal_i2c.o
 .text.HAL_I2CEx_ConfigAnalogFilter
                0x08008d44       0x96 ./Drivers/STM32H7xx_HAL_Driver/Src/stm32h7xx_hal_i2c_ex.o
                0x08008d44                HAL_I2CEx_ConfigAnalogFilter
 .text.HAL_I2CEx_ConfigDigitalFilter
                0x08008dda       0x98 ./Drivers/STM32H7xx_HAL_Driver/Src/stm32h7xx_hal_i2c_ex.o
                0x08008dda                HAL_I2CEx_ConfigDigitalFilter
 .text.HAL_PCD_Init
                0x08008e72      0x218 ./Drivers/STM32H7xx_HAL_Driver/Src/stm32h7xx_hal_pcd.o
                0x08008e72                HAL_PCD_Init
 .text.HAL_PCD_Start
                0x0800908a       0x6a ./Drivers/STM32H7xx_HAL_Driver/Src/stm32h7xx_hal_pcd.o
                0x0800908a                HAL_PCD_Start
 .text.HAL_PCD_IRQHandler
                0x080090f4      0x9d0 ./Drivers/STM32H7xx_HAL_Driver/Src/stm32h7xx_hal_pcd.o
                0x080090f4                HAL_PCD_IRQHandler
 .text.HAL_PCD_SetAddress
                0x08009ac4       0x48 ./Drivers/STM32H7xx_HAL_Driver/Src/stm32h7xx_hal_pcd.o
                0x08009ac4                HAL_PCD_SetAddress
 .text.HAL_PCD_EP_Open
                0x08009b0c       0xd4 ./Drivers/STM32H7xx_HAL_Driver/Src/stm32h7xx_hal_pcd.o
                0x08009b0c                HAL_PCD_EP_Open
 .text.HAL_PCD_EP_Close
                0x08009be0       0x94 ./Drivers/STM32H7xx_HAL_Driver/Src/stm32h7xx_hal_pcd.o
                0x08009be0                HAL_PCD_EP_Close
 .text.HAL_PCD_EP_Receive
                0x08009c74       0x76 ./Drivers/STM32H7xx_HAL_Driver/Src/stm32h7xx_hal_pcd.o
                0x08009c74                HAL_PCD_EP_Receive
 .text.HAL_PCD_EP_GetRxCount
                0x08009cea       0x30 ./Drivers/STM32H7xx_HAL_Driver/Src/stm32h7xx_hal_pcd.o
                0x08009cea                HAL_PCD_EP_GetRxCount
 .text.HAL_PCD_EP_Transmit
                0x08009d1a       0x74 ./Drivers/STM32H7xx_HAL_Driver/Src/stm32h7xx_hal_pcd.o
                0x08009d1a                HAL_PCD_EP_Transmit
 .text.HAL_PCD_EP_SetStall
                0x08009d8e       0xc6 ./Drivers/STM32H7xx_HAL_Driver/Src/stm32h7xx_hal_pcd.o
                0x08009d8e                HAL_PCD_EP_SetStall
 .text.HAL_PCD_EP_ClrStall
                0x08009e54       0xac ./Drivers/STM32H7xx_HAL_Driver/Src/stm32h7xx_hal_pcd.o
                0x08009e54                HAL_PCD_EP_ClrStall
 .text.HAL_PCD_EP_Abort
                0x08009f00       0x62 ./Drivers/STM32H7xx_HAL_Driver/Src/stm32h7xx_hal_pcd.o
                0x08009f00                HAL_PCD_EP_Abort
 .text.PCD_WriteEmptyTxFifo
                0x08009f62      0x118 ./Drivers/STM32H7xx_HAL_Driver/Src/stm32h7xx_hal_pcd.o
 *fill*         0x0800a07a        0x2 
 .text.PCD_EP_OutXfrComplete_int
                0x0800a07c      0x1d0 ./Drivers/STM32H7xx_HAL_Driver/Src/stm32h7xx_hal_pcd.o
 .text.PCD_EP_OutSetupPacket_int
                0x0800a24c       0x8c ./Drivers/STM32H7xx_HAL_Driver/Src/stm32h7xx_hal_pcd.o
 .text.HAL_PCDEx_SetTxFiFo
                0x0800a2d8       0x8e ./Drivers/STM32H7xx_HAL_Driver/Src/stm32h7xx_hal_pcd_ex.o
                0x0800a2d8                HAL_PCDEx_SetTxFiFo
 .text.HAL_PCDEx_SetRxFiFo
                0x0800a366       0x22 ./Drivers/STM32H7xx_HAL_Driver/Src/stm32h7xx_hal_pcd_ex.o
                0x0800a366                HAL_PCDEx_SetRxFiFo
 .text.HAL_PCDEx_ActivateLPM
                0x0800a388       0x48 ./Drivers/STM32H7xx_HAL_Driver/Src/stm32h7xx_hal_pcd_ex.o
                0x0800a388                HAL_PCDEx_ActivateLPM
 .text.HAL_PCDEx_LPM_Callback
                0x0800a3d0       0x18 ./Drivers/STM32H7xx_HAL_Driver/Src/stm32h7xx_hal_pcd_ex.o
                0x0800a3d0                HAL_PCDEx_LPM_Callback
 .text.HAL_PWREx_ConfigSupply
                0x0800a3e8       0xb4 ./Drivers/STM32H7xx_HAL_Driver/Src/stm32h7xx_hal_pwr_ex.o
                0x0800a3e8                HAL_PWREx_ConfigSupply
 .text.HAL_PWREx_EnableUSBVoltageDetector
                0x0800a49c       0x20 ./Drivers/STM32H7xx_HAL_Driver/Src/stm32h7xx_hal_pwr_ex.o
                0x0800a49c                HAL_PWREx_EnableUSBVoltageDetector
 .text.HAL_RCC_OscConfig
                0x0800a4bc      0x7b4 ./Drivers/STM32H7xx_HAL_Driver/Src/stm32h7xx_hal_rcc.o
                0x0800a4bc                HAL_RCC_OscConfig
 .text.HAL_RCC_ClockConfig
                0x0800ac70      0x36c ./Drivers/STM32H7xx_HAL_Driver/Src/stm32h7xx_hal_rcc.o
                0x0800ac70                HAL_RCC_ClockConfig
 .text.HAL_RCC_GetSysClockFreq
                0x0800afdc      0x2f4 ./Drivers/STM32H7xx_HAL_Driver/Src/stm32h7xx_hal_rcc.o
                0x0800afdc                HAL_RCC_GetSysClockFreq
 .text.HAL_RCC_GetHCLKFreq
                0x0800b2d0       0x60 ./Drivers/STM32H7xx_HAL_Driver/Src/stm32h7xx_hal_rcc.o
                0x0800b2d0                HAL_RCC_GetHCLKFreq
 .text.HAL_RCC_GetPCLK1Freq
                0x0800b330       0x2c ./Drivers/STM32H7xx_HAL_Driver/Src/stm32h7xx_hal_rcc.o
                0x0800b330                HAL_RCC_GetPCLK1Freq
 .text.HAL_RCC_GetPCLK2Freq
                0x0800b35c       0x2c ./Drivers/STM32H7xx_HAL_Driver/Src/stm32h7xx_hal_rcc.o
                0x0800b35c                HAL_RCC_GetPCLK2Freq
 .text.HAL_RCCEx_PeriphCLKConfig
                0x0800b388     0x1340 ./Drivers/STM32H7xx_HAL_Driver/Src/stm32h7xx_hal_rcc_ex.o
                0x0800b388                HAL_RCCEx_PeriphCLKConfig
 .text.HAL_RCCEx_GetD3PCLK1Freq
                0x0800c6c8       0x2c ./Drivers/STM32H7xx_HAL_Driver/Src/stm32h7xx_hal_rcc_ex.o
                0x0800c6c8                HAL_RCCEx_GetD3PCLK1Freq
 .text.HAL_RCCEx_GetPLL2ClockFreq
                0x0800c6f4      0x2a8 ./Drivers/STM32H7xx_HAL_Driver/Src/stm32h7xx_hal_rcc_ex.o
                0x0800c6f4                HAL_RCCEx_GetPLL2ClockFreq
 .text.HAL_RCCEx_GetPLL3ClockFreq
                0x0800c99c      0x2a8 ./Drivers/STM32H7xx_HAL_Driver/Src/stm32h7xx_hal_rcc_ex.o
                0x0800c99c                HAL_RCCEx_GetPLL3ClockFreq
 .text.RCCEx_PLL2_Config
                0x0800cc44      0x164 ./Drivers/STM32H7xx_HAL_Driver/Src/stm32h7xx_hal_rcc_ex.o
 .text.RCCEx_PLL3_Config
                0x0800cda8      0x164 ./Drivers/STM32H7xx_HAL_Driver/Src/stm32h7xx_hal_rcc_ex.o
 .text.HAL_UART_Init
                0x0800cf0c       0xa0 ./Drivers/STM32H7xx_HAL_Driver/Src/stm32h7xx_hal_uart.o
                0x0800cf0c                HAL_UART_Init
 .text.HAL_UART_Transmit_DMA
                0x0800cfac      0x100 ./Drivers/STM32H7xx_HAL_Driver/Src/stm32h7xx_hal_uart.o
                0x0800cfac                HAL_UART_Transmit_DMA
 .text.HAL_UART_Receive_DMA
                0x0800d0ac       0x98 ./Drivers/STM32H7xx_HAL_Driver/Src/stm32h7xx_hal_uart.o
                0x0800d0ac                HAL_UART_Receive_DMA
 .text.HAL_UART_AbortTransmit_IT
                0x0800d144      0x134 ./Drivers/STM32H7xx_HAL_Driver/Src/stm32h7xx_hal_uart.o
                0x0800d144                HAL_UART_AbortTransmit_IT
 .text.HAL_UART_IRQHandler
                0x0800d278      0x7ac ./Drivers/STM32H7xx_HAL_Driver/Src/stm32h7xx_hal_uart.o
                0x0800d278                HAL_UART_IRQHandler
 .text.HAL_UART_TxHalfCpltCallback
                0x0800da24       0x14 ./Drivers/STM32H7xx_HAL_Driver/Src/stm32h7xx_hal_uart.o
                0x0800da24                HAL_UART_TxHalfCpltCallback
 .text.HAL_UART_RxCpltCallback
                0x0800da38       0x14 ./Drivers/STM32H7xx_HAL_Driver/Src/stm32h7xx_hal_uart.o
                0x0800da38                HAL_UART_RxCpltCallback
 .text.HAL_UART_RxHalfCpltCallback
                0x0800da4c       0x14 ./Drivers/STM32H7xx_HAL_Driver/Src/stm32h7xx_hal_uart.o
                0x0800da4c                HAL_UART_RxHalfCpltCallback
 .text.HAL_UART_AbortTransmitCpltCallback
                0x0800da60       0x14 ./Drivers/STM32H7xx_HAL_Driver/Src/stm32h7xx_hal_uart.o
                0x0800da60                HAL_UART_AbortTransmitCpltCallback
 .text.HAL_UARTEx_RxEventCallback
                0x0800da74       0x18 ./Drivers/STM32H7xx_HAL_Driver/Src/stm32h7xx_hal_uart.o
                0x0800da74                HAL_UARTEx_RxEventCallback
 .text.UART_SetConfig
                0x0800da8c      0xcd8 ./Drivers/STM32H7xx_HAL_Driver/Src/stm32h7xx_hal_uart.o
                0x0800da8c                UART_SetConfig
 .text.UART_AdvFeatureConfig
                0x0800e764      0x144 ./Drivers/STM32H7xx_HAL_Driver/Src/stm32h7xx_hal_uart.o
                0x0800e764                UART_AdvFeatureConfig
 .text.UART_CheckIdleState
                0x0800e8a8      0x154 ./Drivers/STM32H7xx_HAL_Driver/Src/stm32h7xx_hal_uart.o
                0x0800e8a8                UART_CheckIdleState
 .text.UART_WaitOnFlagUntilTimeout
                0x0800e9fc       0xda ./Drivers/STM32H7xx_HAL_Driver/Src/stm32h7xx_hal_uart.o
                0x0800e9fc                UART_WaitOnFlagUntilTimeout
 *fill*         0x0800ead6        0x2 
 .text.UART_Start_Receive_DMA
                0x0800ead8      0x14c ./Drivers/STM32H7xx_HAL_Driver/Src/stm32h7xx_hal_uart.o
                0x0800ead8                UART_Start_Receive_DMA
 .text.UART_EndTxTransfer
                0x0800ec24       0x82 ./Drivers/STM32H7xx_HAL_Driver/Src/stm32h7xx_hal_uart.o
 *fill*         0x0800eca6        0x2 
 .text.UART_EndRxTransfer
                0x0800eca8       0xcc ./Drivers/STM32H7xx_HAL_Driver/Src/stm32h7xx_hal_uart.o
 .text.UART_DMATransmitCplt
                0x0800ed74       0x96 ./Drivers/STM32H7xx_HAL_Driver/Src/stm32h7xx_hal_uart.o
 .text.UART_DMATxHalfCplt
                0x0800ee0a       0x1c ./Drivers/STM32H7xx_HAL_Driver/Src/stm32h7xx_hal_uart.o
 *fill*         0x0800ee26        0x2 
 .text.UART_DMAReceiveCplt
                0x0800ee28      0x24c ./Drivers/STM32H7xx_HAL_Driver/Src/stm32h7xx_hal_uart.o
 .text.UART_DMARxHalfCplt
                0x0800f074      0x160 ./Drivers/STM32H7xx_HAL_Driver/Src/stm32h7xx_hal_uart.o
 .text.UART_DMAError
                0x0800f1d4       0x70 ./Drivers/STM32H7xx_HAL_Driver/Src/stm32h7xx_hal_uart.o
 .text.UART_DMAAbortOnError
                0x0800f244       0x1c ./Drivers/STM32H7xx_HAL_Driver/Src/stm32h7xx_hal_uart.o
 .text.UART_DMATxOnlyAbortCallback
                0x0800f260       0x3e ./Drivers/STM32H7xx_HAL_Driver/Src/stm32h7xx_hal_uart.o
 .text.UART_EndTransmit_IT
                0x0800f29e       0x56 ./Drivers/STM32H7xx_HAL_Driver/Src/stm32h7xx_hal_uart.o
 .text.HAL_UARTEx_WakeupCallback
                0x0800f2f4       0x14 ./Drivers/STM32H7xx_HAL_Driver/Src/stm32h7xx_hal_uart_ex.o
                0x0800f2f4                HAL_UARTEx_WakeupCallback
 .text.HAL_UARTEx_RxFifoFullCallback
                0x0800f308       0x14 ./Drivers/STM32H7xx_HAL_Driver/Src/stm32h7xx_hal_uart_ex.o
                0x0800f308                HAL_UARTEx_RxFifoFullCallback
 .text.HAL_UARTEx_TxFifoEmptyCallback
                0x0800f31c       0x14 ./Drivers/STM32H7xx_HAL_Driver/Src/stm32h7xx_hal_uart_ex.o
                0x0800f31c                HAL_UARTEx_TxFifoEmptyCallback
 .text.HAL_UARTEx_DisableFifoMode
                0x0800f330       0x72 ./Drivers/STM32H7xx_HAL_Driver/Src/stm32h7xx_hal_uart_ex.o
                0x0800f330                HAL_UARTEx_DisableFifoMode
 .text.HAL_UARTEx_SetTxFifoThreshold
                0x0800f3a2       0x7c ./Drivers/STM32H7xx_HAL_Driver/Src/stm32h7xx_hal_uart_ex.o
                0x0800f3a2                HAL_UARTEx_SetTxFifoThreshold
 .text.HAL_UARTEx_SetRxFifoThreshold
                0x0800f41e       0x7c ./Drivers/STM32H7xx_HAL_Driver/Src/stm32h7xx_hal_uart_ex.o
                0x0800f41e                HAL_UARTEx_SetRxFifoThreshold
 *fill*         0x0800f49a        0x2 
 .text.UARTEx_SetNbDataToProcess
                0x0800f49c       0x9c ./Drivers/STM32H7xx_HAL_Driver/Src/stm32h7xx_hal_uart_ex.o
 .text.USB_CoreInit
                0x0800f538       0xf0 ./Drivers/STM32H7xx_HAL_Driver/Src/stm32h7xx_ll_usb.o
                0x0800f538                USB_CoreInit
 .text.USB_SetTurnaroundTime
                0x0800f628      0x144 ./Drivers/STM32H7xx_HAL_Driver/Src/stm32h7xx_ll_usb.o
                0x0800f628                USB_SetTurnaroundTime
 .text.USB_EnableGlobalInt
                0x0800f76c       0x22 ./Drivers/STM32H7xx_HAL_Driver/Src/stm32h7xx_ll_usb.o
                0x0800f76c                USB_EnableGlobalInt
 .text.USB_DisableGlobalInt
                0x0800f78e       0x22 ./Drivers/STM32H7xx_HAL_Driver/Src/stm32h7xx_ll_usb.o
                0x0800f78e                USB_DisableGlobalInt
 .text.USB_SetCurrentMode
                0x0800f7b0       0x98 ./Drivers/STM32H7xx_HAL_Driver/Src/stm32h7xx_ll_usb.o
                0x0800f7b0                USB_SetCurrentMode
 .text.USB_DevInit
                0x0800f848      0x2bc ./Drivers/STM32H7xx_HAL_Driver/Src/stm32h7xx_ll_usb.o
                0x0800f848                USB_DevInit
 .text.USB_FlushTxFifo
                0x0800fb04       0x64 ./Drivers/STM32H7xx_HAL_Driver/Src/stm32h7xx_ll_usb.o
                0x0800fb04                USB_FlushTxFifo
 .text.USB_FlushRxFifo
                0x0800fb68       0x5c ./Drivers/STM32H7xx_HAL_Driver/Src/stm32h7xx_ll_usb.o
                0x0800fb68                USB_FlushRxFifo
 .text.USB_SetDevSpeed
                0x0800fbc4       0x32 ./Drivers/STM32H7xx_HAL_Driver/Src/stm32h7xx_ll_usb.o
                0x0800fbc4                USB_SetDevSpeed
 .text.USB_GetDevSpeed
                0x0800fbf6       0x4a ./Drivers/STM32H7xx_HAL_Driver/Src/stm32h7xx_ll_usb.o
                0x0800fbf6                USB_GetDevSpeed
 .text.USB_ActivateEndpoint
                0x0800fc40      0x110 ./Drivers/STM32H7xx_HAL_Driver/Src/stm32h7xx_ll_usb.o
                0x0800fc40                USB_ActivateEndpoint
 .text.USB_DeactivateEndpoint
                0x0800fd50      0x1b8 ./Drivers/STM32H7xx_HAL_Driver/Src/stm32h7xx_ll_usb.o
                0x0800fd50                USB_DeactivateEndpoint
 .text.USB_EPStartXfer
                0x0800ff08      0x548 ./Drivers/STM32H7xx_HAL_Driver/Src/stm32h7xx_ll_usb.o
                0x0800ff08                USB_EPStartXfer
 .text.USB_EPStopXfer
                0x08010450      0x1fa ./Drivers/STM32H7xx_HAL_Driver/Src/stm32h7xx_ll_usb.o
                0x08010450                USB_EPStopXfer
 .text.USB_EPSetStall
                0x0801064a       0xdc ./Drivers/STM32H7xx_HAL_Driver/Src/stm32h7xx_ll_usb.o
                0x0801064a                USB_EPSetStall
 .text.USB_EPClearStall
                0x08010726       0xcc ./Drivers/STM32H7xx_HAL_Driver/Src/stm32h7xx_ll_usb.o
                0x08010726                USB_EPClearStall
 .text.USB_WritePacket
                0x080107f2       0x7c ./Drivers/STM32H7xx_HAL_Driver/Src/stm32h7xx_ll_usb.o
                0x080107f2                USB_WritePacket
 .text.USB_ReadPacket
                0x0801086e       0xb0 ./Drivers/STM32H7xx_HAL_Driver/Src/stm32h7xx_ll_usb.o
                0x0801086e                USB_ReadPacket
 .text.USB_SetDevAddress
                0x0801091e       0x4c ./Drivers/STM32H7xx_HAL_Driver/Src/stm32h7xx_ll_usb.o
                0x0801091e                USB_SetDevAddress
 .text.USB_DevConnect
                0x0801096a       0x42 ./Drivers/STM32H7xx_HAL_Driver/Src/stm32h7xx_ll_usb.o
                0x0801096a                USB_DevConnect
 .text.USB_DevDisconnect
                0x080109ac       0x42 ./Drivers/STM32H7xx_HAL_Driver/Src/stm32h7xx_ll_usb.o
                0x080109ac                USB_DevDisconnect
 .text.USB_ReadInterrupts
                0x080109ee       0x26 ./Drivers/STM32H7xx_HAL_Driver/Src/stm32h7xx_ll_usb.o
                0x080109ee                USB_ReadInterrupts
 .text.USB_ReadDevAllOutEpInterrupt
                0x08010a14       0x34 ./Drivers/STM32H7xx_HAL_Driver/Src/stm32h7xx_ll_usb.o
                0x08010a14                USB_ReadDevAllOutEpInterrupt
 .text.USB_ReadDevAllInEpInterrupt
                0x08010a48       0x34 ./Drivers/STM32H7xx_HAL_Driver/Src/stm32h7xx_ll_usb.o
                0x08010a48                USB_ReadDevAllInEpInterrupt
 .text.USB_ReadDevOutEPInterrupt
                0x08010a7c       0x3c ./Drivers/STM32H7xx_HAL_Driver/Src/stm32h7xx_ll_usb.o
                0x08010a7c                USB_ReadDevOutEPInterrupt
 .text.USB_ReadDevInEPInterrupt
                0x08010ab8       0x5c ./Drivers/STM32H7xx_HAL_Driver/Src/stm32h7xx_ll_usb.o
                0x08010ab8                USB_ReadDevInEPInterrupt
 .text.USB_GetMode
                0x08010b14       0x1c ./Drivers/STM32H7xx_HAL_Driver/Src/stm32h7xx_ll_usb.o
                0x08010b14                USB_GetMode
 .text.USB_ActivateSetup
                0x08010b30       0x48 ./Drivers/STM32H7xx_HAL_Driver/Src/stm32h7xx_ll_usb.o
                0x08010b30                USB_ActivateSetup
 .text.USB_EP0_OutStart
                0x08010b78       0xbc ./Drivers/STM32H7xx_HAL_Driver/Src/stm32h7xx_ll_usb.o
                0x08010b78                USB_EP0_OutStart
 .text.USB_CoreReset
                0x08010c34       0x70 ./Drivers/STM32H7xx_HAL_Driver/Src/stm32h7xx_ll_usb.o
 .text.USBD_CDC_Init
                0x08010ca4      0x1f0 ./Middlewares/ST/STM32_USB_Device_Library/Class/CDC/Src/usbd_cdc.o
 .text.USBD_CDC_DeInit
                0x08010e94      0x104 ./Middlewares/ST/STM32_USB_Device_Library/Class/CDC/Src/usbd_cdc.o
 .text.USBD_CDC_Setup
                0x08010f98      0x1b8 ./Middlewares/ST/STM32_USB_Device_Library/Class/CDC/Src/usbd_cdc.o
 .text.USBD_CDC_DataIn
                0x08011150       0xfe ./Middlewares/ST/STM32_USB_Device_Library/Class/CDC/Src/usbd_cdc.o
 .text.USBD_CDC_DataOut
                0x0801124e       0x70 ./Middlewares/ST/STM32_USB_Device_Library/Class/CDC/Src/usbd_cdc.o
 .text.USBD_CDC_EP0_RxReady
                0x080112be       0x74 ./Middlewares/ST/STM32_USB_Device_Library/Class/CDC/Src/usbd_cdc.o
 *fill*         0x08011332        0x2 
 .text.USBD_CDC_GetFSCfgDesc
                0x08011334       0x70 ./Middlewares/ST/STM32_USB_Device_Library/Class/CDC/Src/usbd_cdc.o
 .text.USBD_CDC_GetHSCfgDesc
                0x080113a4       0x70 ./Middlewares/ST/STM32_USB_Device_Library/Class/CDC/Src/usbd_cdc.o
 .text.USBD_CDC_GetOtherSpeedCfgDesc
                0x08011414       0x70 ./Middlewares/ST/STM32_USB_Device_Library/Class/CDC/Src/usbd_cdc.o
 .text.USBD_CDC_GetDeviceQualifierDescriptor
                0x08011484       0x20 ./Middlewares/ST/STM32_USB_Device_Library/Class/CDC/Src/usbd_cdc.o
                0x08011484                USBD_CDC_GetDeviceQualifierDescriptor
 .text.USBD_CDC_RegisterInterface
                0x080114a4       0x34 ./Middlewares/ST/STM32_USB_Device_Library/Class/CDC/Src/usbd_cdc.o
                0x080114a4                USBD_CDC_RegisterInterface
 .text.USBD_CDC_SetTxBuffer
                0x080114d8       0x44 ./Middlewares/ST/STM32_USB_Device_Library/Class/CDC/Src/usbd_cdc.o
                0x080114d8                USBD_CDC_SetTxBuffer
 .text.USBD_CDC_SetRxBuffer
                0x0801151c       0x3a ./Middlewares/ST/STM32_USB_Device_Library/Class/CDC/Src/usbd_cdc.o
                0x0801151c                USBD_CDC_SetRxBuffer
 *fill*         0x08011556        0x2 
 .text.USBD_CDC_ReceivePacket
                0x08011558       0x6c ./Middlewares/ST/STM32_USB_Device_Library/Class/CDC/Src/usbd_cdc.o
                0x08011558                USBD_CDC_ReceivePacket
 .text.USBD_Init
                0x080115c4       0x60 ./Middlewares/ST/STM32_USB_Device_Library/Core/Src/usbd_core.o
                0x080115c4                USBD_Init
 .text.USBD_RegisterClass
                0x08011624       0x6c ./Middlewares/ST/STM32_USB_Device_Library/Core/Src/usbd_core.o
                0x08011624                USBD_RegisterClass
 .text.USBD_Start
                0x08011690       0x18 ./Middlewares/ST/STM32_USB_Device_Library/Core/Src/usbd_core.o
                0x08011690                USBD_Start
 .text.USBD_RunTestMode
                0x080116a8       0x16 ./Middlewares/ST/STM32_USB_Device_Library/Core/Src/usbd_core.o
                0x080116a8                USBD_RunTestMode
 .text.USBD_SetClassConfig
                0x080116be       0x38 ./Middlewares/ST/STM32_USB_Device_Library/Core/Src/usbd_core.o
                0x080116be                USBD_SetClassConfig
 .text.USBD_ClrClassConfig
                0x080116f6       0x34 ./Middlewares/ST/STM32_USB_Device_Library/Core/Src/usbd_core.o
                0x080116f6                USBD_ClrClassConfig
 .text.USBD_LL_SetupStage
                0x0801172a       0xaa ./Middlewares/ST/STM32_USB_Device_Library/Core/Src/usbd_core.o
                0x0801172a                USBD_LL_SetupStage
 .text.USBD_LL_DataOutStage
                0x080117d4      0x178 ./Middlewares/ST/STM32_USB_Device_Library/Core/Src/usbd_core.o
                0x080117d4                USBD_LL_DataOutStage
 .text.USBD_LL_DataInStage
                0x0801194c      0x176 ./Middlewares/ST/STM32_USB_Device_Library/Core/Src/usbd_core.o
                0x0801194c                USBD_LL_DataInStage
 .text.USBD_LL_Reset
                0x08011ac2       0xa6 ./Middlewares/ST/STM32_USB_Device_Library/Core/Src/usbd_core.o
                0x08011ac2                USBD_LL_Reset
 .text.USBD_LL_SetSpeed
                0x08011b68       0x20 ./Middlewares/ST/STM32_USB_Device_Library/Core/Src/usbd_core.o
                0x08011b68                USBD_LL_SetSpeed
 .text.USBD_LL_Suspend
                0x08011b88       0x38 ./Middlewares/ST/STM32_USB_Device_Library/Core/Src/usbd_core.o
                0x08011b88                USBD_LL_Suspend
 .text.USBD_LL_Resume
                0x08011bc0       0x30 ./Middlewares/ST/STM32_USB_Device_Library/Core/Src/usbd_core.o
                0x08011bc0                USBD_LL_Resume
 .text.USBD_LL_SOF
                0x08011bf0       0x40 ./Middlewares/ST/STM32_USB_Device_Library/Core/Src/usbd_core.o
                0x08011bf0                USBD_LL_SOF
 .text.USBD_LL_IsoINIncomplete
                0x08011c30       0x64 ./Middlewares/ST/STM32_USB_Device_Library/Core/Src/usbd_core.o
                0x08011c30                USBD_LL_IsoINIncomplete
 .text.USBD_LL_IsoOUTIncomplete
                0x08011c94       0x64 ./Middlewares/ST/STM32_USB_Device_Library/Core/Src/usbd_core.o
                0x08011c94                USBD_LL_IsoOUTIncomplete
 .text.USBD_LL_DevConnected
                0x08011cf8       0x16 ./Middlewares/ST/STM32_USB_Device_Library/Core/Src/usbd_core.o
                0x08011cf8                USBD_LL_DevConnected
 .text.USBD_LL_DevDisconnected
                0x08011d0e       0x46 ./Middlewares/ST/STM32_USB_Device_Library/Core/Src/usbd_core.o
                0x08011d0e                USBD_LL_DevDisconnected
 .text.USBD_CoreFindIF
                0x08011d54       0x1a ./Middlewares/ST/STM32_USB_Device_Library/Core/Src/usbd_core.o
                0x08011d54                USBD_CoreFindIF
 .text.USBD_CoreFindEP
                0x08011d6e       0x1a ./Middlewares/ST/STM32_USB_Device_Library/Core/Src/usbd_core.o
                0x08011d6e                USBD_CoreFindEP
 .text.USBD_GetEpDesc
                0x08011d88       0x70 ./Middlewares/ST/STM32_USB_Device_Library/Core/Src/usbd_core.o
                0x08011d88                USBD_GetEpDesc
 .text.USBD_GetNextDesc
                0x08011df8       0x38 ./Middlewares/ST/STM32_USB_Device_Library/Core/Src/usbd_core.o
                0x08011df8                USBD_GetNextDesc
 .text.SWAPBYTE
                0x08011e30       0x3e ./Middlewares/ST/STM32_USB_Device_Library/Core/Src/usbd_ctlreq.o
 *fill*         0x08011e6e        0x2 
 .text.USBD_StdDevReq
                0x08011e70       0xe4 ./Middlewares/ST/STM32_USB_Device_Library/Core/Src/usbd_ctlreq.o
                0x08011e70                USBD_StdDevReq
 .text.USBD_StdItfReq
                0x08011f54       0xd8 ./Middlewares/ST/STM32_USB_Device_Library/Core/Src/usbd_ctlreq.o
                0x08011f54                USBD_StdItfReq
 .text.USBD_StdEPReq
                0x0801202c      0x33e ./Middlewares/ST/STM32_USB_Device_Library/Core/Src/usbd_ctlreq.o
                0x0801202c                USBD_StdEPReq
 *fill*         0x0801236a        0x2 
 .text.USBD_GetDescriptor
                0x0801236c      0x328 ./Middlewares/ST/STM32_USB_Device_Library/Core/Src/usbd_ctlreq.o
 .text.USBD_SetAddress
                0x08012694       0x88 ./Middlewares/ST/STM32_USB_Device_Library/Core/Src/usbd_ctlreq.o
 .text.USBD_SetConfig
                0x0801271c      0x154 ./Middlewares/ST/STM32_USB_Device_Library/Core/Src/usbd_ctlreq.o
 .text.USBD_GetConfig
                0x08012870       0x6c ./Middlewares/ST/STM32_USB_Device_Library/Core/Src/usbd_ctlreq.o
 .text.USBD_GetStatus
                0x080128dc       0x68 ./Middlewares/ST/STM32_USB_Device_Library/Core/Src/usbd_ctlreq.o
 .text.USBD_SetFeature
                0x08012944       0x52 ./Middlewares/ST/STM32_USB_Device_Library/Core/Src/usbd_ctlreq.o
 .text.USBD_ClrFeature
                0x08012996       0x44 ./Middlewares/ST/STM32_USB_Device_Library/Core/Src/usbd_ctlreq.o
 .text.USBD_ParseSetupRequest
                0x080129da       0x74 ./Middlewares/ST/STM32_USB_Device_Library/Core/Src/usbd_ctlreq.o
                0x080129da                USBD_ParseSetupRequest
 .text.USBD_CtlError
                0x08012a4e       0x22 ./Middlewares/ST/STM32_USB_Device_Library/Core/Src/usbd_ctlreq.o
                0x08012a4e                USBD_CtlError
 .text.USBD_GetString
                0x08012a70       0xa4 ./Middlewares/ST/STM32_USB_Device_Library/Core/Src/usbd_ctlreq.o
                0x08012a70                USBD_GetString
 .text.USBD_GetLen
                0x08012b14       0x34 ./Middlewares/ST/STM32_USB_Device_Library/Core/Src/usbd_ctlreq.o
 .text.USBD_CtlSendData
                0x08012b48       0x3c ./Middlewares/ST/STM32_USB_Device_Library/Core/Src/usbd_ioreq.o
                0x08012b48                USBD_CtlSendData
 .text.USBD_CtlContinueSendData
                0x08012b84       0x22 ./Middlewares/ST/STM32_USB_Device_Library/Core/Src/usbd_ioreq.o
                0x08012b84                USBD_CtlContinueSendData
 .text.USBD_CtlPrepareRx
                0x08012ba6       0x42 ./Middlewares/ST/STM32_USB_Device_Library/Core/Src/usbd_ioreq.o
                0x08012ba6                USBD_CtlPrepareRx
 .text.USBD_CtlContinueRx
                0x08012be8       0x22 ./Middlewares/ST/STM32_USB_Device_Library/Core/Src/usbd_ioreq.o
                0x08012be8                USBD_CtlContinueRx
 .text.USBD_CtlSendStatus
                0x08012c0a       0x26 ./Middlewares/ST/STM32_USB_Device_Library/Core/Src/usbd_ioreq.o
                0x08012c0a                USBD_CtlSendStatus
 .text.USBD_CtlReceiveStatus
                0x08012c30       0x26 ./Middlewares/ST/STM32_USB_Device_Library/Core/Src/usbd_ioreq.o
                0x08012c30                USBD_CtlReceiveStatus
 *fill*         0x08012c56        0x2 
 .text.MX_USB_DEVICE_Init
                0x08012c58       0x64 ./USB_DEVICE/App/usb_device.o
                0x08012c58                MX_USB_DEVICE_Init
 .text.CDC_Init_HS
                0x08012cbc       0x28 ./USB_DEVICE/App/usbd_cdc_if.o
 .text.CDC_DeInit_HS
                0x08012ce4       0x10 ./USB_DEVICE/App/usbd_cdc_if.o
 .text.CDC_Control_HS
                0x08012cf4       0xbc ./USB_DEVICE/App/usbd_cdc_if.o
 .text.CDC_Receive_HS
                0x08012db0       0x28 ./USB_DEVICE/App/usbd_cdc_if.o
 .text.CDC_TransmitCplt_HS
                0x08012dd8       0x22 ./USB_DEVICE/App/usbd_cdc_if.o
 *fill*         0x08012dfa        0x2 
 .text.USBD_HS_DeviceDescriptor
                0x08012dfc       0x24 ./USB_DEVICE/App/usbd_desc.o
                0x08012dfc                USBD_HS_DeviceDescriptor
 .text.USBD_HS_LangIDStrDescriptor
                0x08012e20       0x24 ./USB_DEVICE/App/usbd_desc.o
                0x08012e20                USBD_HS_LangIDStrDescriptor
 .text.USBD_HS_ProductStrDescriptor
                0x08012e44       0x3c ./USB_DEVICE/App/usbd_desc.o
                0x08012e44                USBD_HS_ProductStrDescriptor
 .text.USBD_HS_ManufacturerStrDescriptor
                0x08012e80       0x28 ./USB_DEVICE/App/usbd_desc.o
                0x08012e80                USBD_HS_ManufacturerStrDescriptor
 .text.USBD_HS_SerialStrDescriptor
                0x08012ea8       0x24 ./USB_DEVICE/App/usbd_desc.o
                0x08012ea8                USBD_HS_SerialStrDescriptor
 .text.USBD_HS_ConfigStrDescriptor
                0x08012ecc       0x3c ./USB_DEVICE/App/usbd_desc.o
                0x08012ecc                USBD_HS_ConfigStrDescriptor
 .text.USBD_HS_InterfaceStrDescriptor
                0x08012f08       0x3c ./USB_DEVICE/App/usbd_desc.o
                0x08012f08                USBD_HS_InterfaceStrDescriptor
 .text.Get_SerialNum
                0x08012f44       0x58 ./USB_DEVICE/App/usbd_desc.o
 .text.IntToUnicode
                0x08012f9c       0x7e ./USB_DEVICE/App/usbd_desc.o
 *fill*         0x0801301a        0x2 
 .text.HAL_PCD_MspInit
                0x0801301c       0x8c ./USB_DEVICE/Target/usbd_conf.o
                0x0801301c                HAL_PCD_MspInit
 .text.HAL_PCD_SetupStageCallback
                0x080130a8       0x24 ./USB_DEVICE/Target/usbd_conf.o
                0x080130a8                HAL_PCD_SetupStageCallback
 .text.HAL_PCD_DataOutStageCallback
                0x080130cc       0x36 ./USB_DEVICE/Target/usbd_conf.o
                0x080130cc                HAL_PCD_DataOutStageCallback
 .text.HAL_PCD_DataInStageCallback
                0x08013102       0x34 ./USB_DEVICE/Target/usbd_conf.o
                0x08013102                HAL_PCD_DataInStageCallback
 .text.HAL_PCD_SOFCallback
                0x08013136       0x1c ./USB_DEVICE/Target/usbd_conf.o
                0x08013136                HAL_PCD_SOFCallback
 .text.HAL_PCD_ResetCallback
                0x08013152       0x50 ./USB_DEVICE/Target/usbd_conf.o
                0x08013152                HAL_PCD_ResetCallback
 *fill*         0x080131a2        0x2 
 .text.HAL_PCD_SuspendCallback
                0x080131a4       0x4c ./USB_DEVICE/Target/usbd_conf.o
                0x080131a4                HAL_PCD_SuspendCallback
 .text.HAL_PCD_ResumeCallback
                0x080131f0       0x1c ./USB_DEVICE/Target/usbd_conf.o
                0x080131f0                HAL_PCD_ResumeCallback
 .text.HAL_PCD_ISOOUTIncompleteCallback
                0x0801320c       0x24 ./USB_DEVICE/Target/usbd_conf.o
                0x0801320c                HAL_PCD_ISOOUTIncompleteCallback
 .text.HAL_PCD_ISOINIncompleteCallback
                0x08013230       0x24 ./USB_DEVICE/Target/usbd_conf.o
                0x08013230                HAL_PCD_ISOINIncompleteCallback
 .text.HAL_PCD_ConnectCallback
                0x08013254       0x1c ./USB_DEVICE/Target/usbd_conf.o
                0x08013254                HAL_PCD_ConnectCallback
 .text.HAL_PCD_DisconnectCallback
                0x08013270       0x1c ./USB_DEVICE/Target/usbd_conf.o
                0x08013270                HAL_PCD_DisconnectCallback
 .text.USBD_LL_Init
                0x0801328c       0xa4 ./USB_DEVICE/Target/usbd_conf.o
                0x0801328c                USBD_LL_Init
 .text.USBD_LL_Start
                0x08013330       0x36 ./USB_DEVICE/Target/usbd_conf.o
                0x08013330                USBD_LL_Start
 .text.USBD_LL_OpenEP
                0x08013366       0x4c ./USB_DEVICE/Target/usbd_conf.o
                0x08013366                USBD_LL_OpenEP
 .text.USBD_LL_CloseEP
                0x080133b2       0x3e ./USB_DEVICE/Target/usbd_conf.o
                0x080133b2                USBD_LL_CloseEP
 .text.USBD_LL_StallEP
                0x080133f0       0x3e ./USB_DEVICE/Target/usbd_conf.o
                0x080133f0                USBD_LL_StallEP
 .text.USBD_LL_ClearStallEP
                0x0801342e       0x3e ./USB_DEVICE/Target/usbd_conf.o
                0x0801342e                USBD_LL_ClearStallEP
 .text.USBD_LL_IsStallEP
                0x0801346c       0x58 ./USB_DEVICE/Target/usbd_conf.o
                0x0801346c                USBD_LL_IsStallEP
 .text.USBD_LL_SetUSBAddress
                0x080134c4       0x3e ./USB_DEVICE/Target/usbd_conf.o
                0x080134c4                USBD_LL_SetUSBAddress
 .text.USBD_LL_Transmit
                0x08013502       0x42 ./USB_DEVICE/Target/usbd_conf.o
                0x08013502                USBD_LL_Transmit
 .text.USBD_LL_PrepareReceive
                0x08013544       0x42 ./USB_DEVICE/Target/usbd_conf.o
                0x08013544                USBD_LL_PrepareReceive
 .text.USBD_LL_GetRxDataSize
                0x08013586       0x26 ./USB_DEVICE/Target/usbd_conf.o
                0x08013586                USBD_LL_GetRxDataSize
 .text.USBD_static_malloc
                0x080135ac       0x1c ./USB_DEVICE/Target/usbd_conf.o
                0x080135ac                USBD_static_malloc
 .text.USBD_static_free
                0x080135c8       0x14 ./USB_DEVICE/Target/usbd_conf.o
                0x080135c8                USBD_static_free
 .text.USBD_Get_USB_Status
                0x080135dc       0x58 ./USB_DEVICE/Target/usbd_conf.o
                0x080135dc                USBD_Get_USB_Status
 .text.memset   0x08013634       0x10 D:/STM32CubeIDE/STM32CubeIDE_1.19.0/STM32CubeIDE/plugins/com.st.stm32cube.ide.mcu.externaltools.gnu-tools-for-stm32.13.3.rel1.win32_1.0.0.202411081344/tools/bin/../lib/gcc/arm-none-eabi/13.3.1/../../../../arm-none-eabi/lib/thumb/v7e-m+dp/hard\libc_nano.a(libc_a-memset.o)
                0x08013634                memset
 .text.__libc_init_array
                0x08013644       0x48 D:/STM32CubeIDE/STM32CubeIDE_1.19.0/STM32CubeIDE/plugins/com.st.stm32cube.ide.mcu.externaltools.gnu-tools-for-stm32.13.3.rel1.win32_1.0.0.202411081344/tools/bin/../lib/gcc/arm-none-eabi/13.3.1/../../../../arm-none-eabi/lib/thumb/v7e-m+dp/hard\libc_nano.a(libc_a-init.o)
                0x08013644                __libc_init_array
 *(.glue_7)
 .glue_7        0x0801368c        0x0 linker stubs
 *(.glue_7t)
 .glue_7t       0x0801368c        0x0 linker stubs
 *(.eh_frame)
 .eh_frame      0x0801368c        0x0 D:/STM32CubeIDE/STM32CubeIDE_1.19.0/STM32CubeIDE/plugins/com.st.stm32cube.ide.mcu.externaltools.gnu-tools-for-stm32.13.3.rel1.win32_1.0.0.202411081344/tools/bin/../lib/gcc/arm-none-eabi/13.3.1/thumb/v7e-m+dp/hard/crtbegin.o
 *(.init)
 .init          0x0801368c        0x4 D:/STM32CubeIDE/STM32CubeIDE_1.19.0/STM32CubeIDE/plugins/com.st.stm32cube.ide.mcu.externaltools.gnu-tools-for-stm32.13.3.rel1.win32_1.0.0.202411081344/tools/bin/../lib/gcc/arm-none-eabi/13.3.1/thumb/v7e-m+dp/hard/crti.o
                0x0801368c                _init
 .init          0x08013690        0x8 D:/STM32CubeIDE/STM32CubeIDE_1.19.0/STM32CubeIDE/plugins/com.st.stm32cube.ide.mcu.externaltools.gnu-tools-for-stm32.13.3.rel1.win32_1.0.0.202411081344/tools/bin/../lib/gcc/arm-none-eabi/13.3.1/thumb/v7e-m+dp/hard/crtn.o
 *(.fini)
 .fini          0x08013698        0x4 D:/STM32CubeIDE/STM32CubeIDE_1.19.0/STM32CubeIDE/plugins/com.st.stm32cube.ide.mcu.externaltools.gnu-tools-for-stm32.13.3.rel1.win32_1.0.0.202411081344/tools/bin/../lib/gcc/arm-none-eabi/13.3.1/thumb/v7e-m+dp/hard/crti.o
                0x08013698                _fini
 .fini          0x0801369c        0x8 D:/STM32CubeIDE/STM32CubeIDE_1.19.0/STM32CubeIDE/plugins/com.st.stm32cube.ide.mcu.externaltools.gnu-tools-for-stm32.13.3.rel1.win32_1.0.0.202411081344/tools/bin/../lib/gcc/arm-none-eabi/13.3.1/thumb/v7e-m+dp/hard/crtn.o
                0x080136a4                        . = ALIGN (0x4)
                0x080136a4                        _etext = .

.vfp11_veneer   0x080136a4        0x0
 .vfp11_veneer  0x080136a4        0x0 linker stubs

.v4_bx          0x080136a4        0x0
 .v4_bx         0x080136a4        0x0 linker stubs

.iplt           0x080136a4        0x0
 .iplt          0x080136a4        0x0 D:/STM32CubeIDE/STM32CubeIDE_1.19.0/STM32CubeIDE/plugins/com.st.stm32cube.ide.mcu.externaltools.gnu-tools-for-stm32.13.3.rel1.win32_1.0.0.202411081344/tools/bin/../lib/gcc/arm-none-eabi/13.3.1/thumb/v7e-m+dp/hard/crtbegin.o

.rodata         0x080136a4       0xa4
                0x080136a4                        . = ALIGN (0x4)
 *(.rodata)
 .rodata        0x080136a4       0x14 ./Core/Src/ina228_driver.o
 *(.rodata*)
 .rodata.s_seq_full
                0x080136b8        0x8 ./Core/Src/ina228_driver.o
 .rodata.D1CorePrescTable
                0x080136c0       0x10 ./Core/Src/system_stm32h7xx.o
                0x080136c0                D1CorePrescTable
 .rodata.flagBitshiftOffset.0
                0x080136d0        0x8 ./Drivers/STM32H7xx_HAL_Driver/Src/stm32h7xx_hal_dma.o
 .rodata.UARTPrescTable
                0x080136d8       0x18 ./Drivers/STM32H7xx_HAL_Driver/Src/stm32h7xx_hal_uart.o
                0x080136d8                UARTPrescTable
 .rodata.numerator.1
                0x080136f0        0x8 ./Drivers/STM32H7xx_HAL_Driver/Src/stm32h7xx_hal_uart_ex.o
 .rodata.denominator.0
                0x080136f8        0x8 ./Drivers/STM32H7xx_HAL_Driver/Src/stm32h7xx_hal_uart_ex.o
 .rodata.USBD_HS_ProductStrDescriptor.str1.4
                0x08013700       0x46 ./USB_DEVICE/App/usbd_desc.o
                                 0x16 (size before relaxing)
 .rodata.USBD_HS_ManufacturerStrDescriptor.str1.4
                0x08013746       0x13 ./USB_DEVICE/App/usbd_desc.o
 .rodata.USBD_HS_ConfigStrDescriptor.str1.4
                0x08013746        0xb ./USB_DEVICE/App/usbd_desc.o
 .rodata.USBD_HS_InterfaceStrDescriptor.str1.4
                0x08013746        0xe ./USB_DEVICE/App/usbd_desc.o
                0x0801375c                        . = ALIGN (0x4)
 *fill*         0x08013746        0x2 

.ARM.extab
 *(.ARM.extab* .gnu.linkonce.armextab.*)

.ARM            0x08013748        0x8
                0x08013748                        __exidx_start = .
 *(.ARM.exidx*)
 .ARM.exidx     0x08013748        0x8 D:/STM32CubeIDE/STM32CubeIDE_1.19.0/STM32CubeIDE/plugins/com.st.stm32cube.ide.mcu.externaltools.gnu-tools-for-stm32.13.3.rel1.win32_1.0.0.202411081344/tools/bin/../lib/gcc/arm-none-eabi/13.3.1/thumb/v7e-m+dp/hard\libgcc.a(_udivmoddi4.o)
                0x08013750                        __exidx_end = .

.preinit_array  0x08013750        0x0
                0x08013750                        PROVIDE (__preinit_array_start = .)
 *(.preinit_array*)
                0x08013750                        PROVIDE (__preinit_array_end = .)

.init_array     0x08013750        0x4
                0x08013750                        PROVIDE (__init_array_start = .)
 *(SORT_BY_NAME(.init_array.*))
 *(.init_array*)
 .init_array    0x08013750        0x4 D:/STM32CubeIDE/STM32CubeIDE_1.19.0/STM32CubeIDE/plugins/com.st.stm32cube.ide.mcu.externaltools.gnu-tools-for-stm32.13.3.rel1.win32_1.0.0.202411081344/tools/bin/../lib/gcc/arm-none-eabi/13.3.1/thumb/v7e-m+dp/hard/crtbegin.o
                0x08013754                        PROVIDE (__init_array_end = .)

.fini_array     0x08013754        0x4
                [!provide]                        PROVIDE (__fini_array_start = .)
 *(SORT_BY_NAME(.fini_array.*))
 *(.fini_array*)
 .fini_array    0x08013754        0x4 D:/STM32CubeIDE/STM32CubeIDE_1.19.0/STM32CubeIDE/plugins/com.st.stm32cube.ide.mcu.externaltools.gnu-tools-for-stm32.13.3.rel1.win32_1.0.0.202411081344/tools/bin/../lib/gcc/arm-none-eabi/13.3.1/thumb/v7e-m+dp/hard/crtbegin.o
                [!provide]                        PROVIDE (__fini_array_end = .)
                0x08013758                        _sidata = LOADADDR (.data)

.rel.dyn        0x08013758        0x0
 .rel.iplt      0x08013758        0x0 D:/STM32CubeIDE/STM32CubeIDE_1.19.0/STM32CubeIDE/plugins/com.st.stm32cube.ide.mcu.externaltools.gnu-tools-for-stm32.13.3.rel1.win32_1.0.0.202411081344/tools/bin/../lib/gcc/arm-none-eabi/13.3.1/thumb/v7e-m+dp/hard/crtbegin.o

.data           0x24000000      0x264 load address 0x08013758
                0x24000000                        . = ALIGN (0x4)
                0x24000000                        _sdata = .
 *(.data)
 *(.data*)
 .data.s_send_idx
                0x24000000        0x1 ./Core/Src/comm.o
 *fill*         0x24000001        0x3 
 .data.s_port   0x24000004       0x3c ./Core/Src/comm.o
 .data.g_devs   0x24000040      0x120 ./Core/Src/main.o
                0x24000040                g_devs
 .data.SystemCoreClock
                0x24000160        0x4 ./Core/Src/system_stm32h7xx.o
                0x24000160                SystemCoreClock
 .data.SystemD2Clock
                0x24000164        0x4 ./Core/Src/system_stm32h7xx.o
                0x24000164                SystemD2Clock
 .data.uwTickPrio
                0x24000168        0x4 ./Drivers/STM32H7xx_HAL_Driver/Src/stm32h7xx_hal.o
                0x24000168                uwTickPrio
 .data.uwTickFreq
                0x2400016c        0x1 ./Drivers/STM32H7xx_HAL_Driver/Src/stm32h7xx_hal.o
                0x2400016c                uwTickFreq
 *fill*         0x2400016d        0x3 
 .data.USBD_CDC_DeviceQualifierDesc
                0x24000170        0xa ./Middlewares/ST/STM32_USB_Device_Library/Class/CDC/Src/usbd_cdc.o
 *fill*         0x2400017a        0x2 
 .data.USBD_CDC
                0x2400017c       0x38 ./Middlewares/ST/STM32_USB_Device_Library/Class/CDC/Src/usbd_cdc.o
                0x2400017c                USBD_CDC
 .data.USBD_CDC_CfgDesc
                0x240001b4       0x43 ./Middlewares/ST/STM32_USB_Device_Library/Class/CDC/Src/usbd_cdc.o
 .data.CDCInEpAdd
                0x240001f7        0x1 ./Middlewares/ST/STM32_USB_Device_Library/Class/CDC/Src/usbd_cdc.o
 .data.CDCOutEpAdd
                0x240001f8        0x1 ./Middlewares/ST/STM32_USB_Device_Library/Class/CDC/Src/usbd_cdc.o
 .data.CDCCmdEpAdd
                0x240001f9        0x1 ./Middlewares/ST/STM32_USB_Device_Library/Class/CDC/Src/usbd_cdc.o
 *fill*         0x240001fa        0x2 
 .data.USBD_Interface_fops_HS
                0x240001fc       0x14 ./USB_DEVICE/App/usbd_cdc_if.o
                0x240001fc                USBD_Interface_fops_HS
 .data.HS_Desc  0x24000210       0x20 ./USB_DEVICE/App/usbd_desc.o
                0x24000210                HS_Desc
 .data.USBD_HS_DeviceDesc
                0x24000230       0x12 ./USB_DEVICE/App/usbd_desc.o
                0x24000230                USBD_HS_DeviceDesc
 *fill*         0x24000242        0x2 
 .data.USBD_LangIDDesc
                0x24000244        0x4 ./USB_DEVICE/App/usbd_desc.o
                0x24000244                USBD_LangIDDesc
 .data.USBD_StringSerial
                0x24000248       0x1a ./USB_DEVICE/App/usbd_desc.o
                0x24000248                USBD_StringSerial
 *(.RamFunc)
 *(.RamFunc*)
                0x24000264                        . = ALIGN (0x4)
 *fill*         0x24000262        0x2 
                0x24000264                        _edata = .

.igot.plt       0x24000264        0x0 load address 0x080139bc
 .igot.plt      0x24000264        0x0 D:/STM32CubeIDE/STM32CubeIDE_1.19.0/STM32CubeIDE/plugins/com.st.stm32cube.ide.mcu.externaltools.gnu-tools-for-stm32.13.3.rel1.win32_1.0.0.202411081344/tools/bin/../lib/gcc/arm-none-eabi/13.3.1/thumb/v7e-m+dp/hard/crtbegin.o
                0x24000264                        . = ALIGN (0x4)

.bss            0x24000264     0x22ac load address 0x080139bc
                0x24000264                        _sbss = .
                0x24000264                        __bss_start__ = _sbss
 *(.bss)
 .bss           0x24000264       0x1c D:/STM32CubeIDE/STM32CubeIDE_1.19.0/STM32CubeIDE/plugins/com.st.stm32cube.ide.mcu.externaltools.gnu-tools-for-stm32.13.3.rel1.win32_1.0.0.202411081344/tools/bin/../lib/gcc/arm-none-eabi/13.3.1/thumb/v7e-m+dp/hard/crtbegin.o
 *(.bss*)
 .bss.s_build_idx
                0x24000280        0x1 ./Core/Src/comm.o
 *fill*         0x24000281        0x3 
 .bss.s_stats   0x24000284       0x84 ./Core/Src/comm.o
 .bss.s_dcm_fault
                0x24000308        0x1 ./Core/Src/comm.o
 *fill*         0x24000309        0x3 
 .bss.s_rx_tail
                0x2400030c        0x6 ./Core/Src/comm.o
 *fill*         0x24000312        0x2 
 .bss.s_rx_frm  0x24000314       0x18 ./Core/Src/comm.o
 .bss.s_rx_idx  0x2400032c        0x3 ./Core/Src/comm.o
 .bss.idx.1     0x2400032f        0x1 ./Core/Src/comm.o
 .bss.hist.0    0x24000330        0x3 ./Core/Src/comm.o
 *fill*         0x24000333        0x1 
 .bss.s_bus     0x24000334       0x24 ./Core/Src/ina228_driver.o
 .bss.hi2c1     0x24000358       0x54 ./Core/Src/main.o
                0x24000358                hi2c1
 .bss.hdma_i2c1_rx
                0x240003ac       0x78 ./Core/Src/main.o
                0x240003ac                hdma_i2c1_rx
 .bss.hdma_i2c1_tx
                0x24000424       0x78 ./Core/Src/main.o
                0x24000424                hdma_i2c1_tx
 .bss.huart4    0x2400049c       0x94 ./Core/Src/main.o
                0x2400049c                huart4
 .bss.huart5    0x24000530       0x94 ./Core/Src/main.o
                0x24000530                huart5
 .bss.huart1    0x240005c4       0x94 ./Core/Src/main.o
                0x240005c4                huart1
 .bss.hdma_uart4_tx
                0x24000658       0x78 ./Core/Src/main.o
                0x24000658                hdma_uart4_tx
 .bss.hdma_uart4_rx
                0x240006d0       0x78 ./Core/Src/main.o
                0x240006d0                hdma_uart4_rx
 .bss.hdma_uart5_tx
                0x24000748       0x78 ./Core/Src/main.o
                0x24000748                hdma_uart5_tx
 .bss.hdma_uart5_rx
                0x240007c0       0x78 ./Core/Src/main.o
                0x240007c0                hdma_uart5_rx
 .bss.hdma_usart1_tx
                0x24000838       0x78 ./Core/Src/main.o
                0x24000838                hdma_usart1_tx
 .bss.hdma_usart1_rx
                0x240008b0       0x78 ./Core/Src/main.o
                0x240008b0                hdma_usart1_rx
 .bss.uwTick    0x24000928        0x4 ./Drivers/STM32H7xx_HAL_Driver/Src/stm32h7xx_hal.o
                0x24000928                uwTick
 .bss.cfgidx.0  0x2400092c        0x1 ./Middlewares/ST/STM32_USB_Device_Library/Core/Src/usbd_ctlreq.o
 *fill*         0x2400092d        0x3 
 .bss.hUsbDeviceHS
                0x24000930      0x2dc ./USB_DEVICE/App/usb_device.o
                0x24000930                hUsbDeviceHS
 .bss.UserRxBufferHS
                0x24000c0c      0x800 ./USB_DEVICE/App/usbd_cdc_if.o
                0x24000c0c                UserRxBufferHS
 .bss.UserTxBufferHS
                0x2400140c      0x800 ./USB_DEVICE/App/usbd_cdc_if.o
                0x2400140c                UserTxBufferHS
 .bss.USBD_StrDesc
                0x24001c0c      0x200 ./USB_DEVICE/App/usbd_desc.o
                0x24001c0c                USBD_StrDesc
 .bss.hpcd_USB_OTG_HS
                0x24001e0c      0x4e4 ./USB_DEVICE/Target/usbd_conf.o
                0x24001e0c                hpcd_USB_OTG_HS
 .bss.mem.0     0x240022f0      0x220 ./USB_DEVICE/Target/usbd_conf.o
 *(COMMON)
                0x24002510                        . = ALIGN (0x4)
                0x24002510                        _ebss = .
                0x24002510                        __bss_end__ = _ebss

.dma_buffer     0x30000000      0x380
                0x30000000                        . = ALIGN (0x20)
                0x30000000                        __dma_buffer_start__ = .
 *(.dma_buffer)
 .dma_buffer    0x30000000      0x360 ./Core/Src/comm.o
 .dma_buffer    0x30000360        0x5 ./Core/Src/ina228_driver.o
 *(.dma_buffer.*)
                0x30000380                        . = ALIGN (0x20)
 *fill*         0x30000365       0x1b 
                0x30000380                        __dma_buffer_end__ = .
                0x00000001                        ASSERT ((__dma_buffer_end__ <= (ORIGIN (RAM_D2) + LENGTH (RAM_D2))), ERROR: .dma_buffer tran RAM_D2)
                0x00000001                        ASSERT ((__dma_buffer_start__ >= 0x30000000), ERROR: .dma_buffer khong nam trong D2 SRAM)

._user_heap_stack
                0x24002510      0x600
                0x24002510                        . = ALIGN (0x8)
                [!provide]                        PROVIDE (end = .)
                0x24002510                        PROVIDE (_end = .)
                0x24002710                        . = (. + _Min_Heap_Size)
 *fill*         0x24002510      0x200 
                0x24002b10                        . = (. + _Min_Stack_Size)
 *fill*         0x24002710      0x400 
                0x24002b10                        . = ALIGN (0x8)

/DISCARD/
 libc.a(*)
 libm.a(*)
 libgcc.a(*)

.ARM.attributes
                0x00000000       0x2e
 *(.ARM.attributes)
 .ARM.attributes
                0x00000000       0x20 D:/STM32CubeIDE/STM32CubeIDE_1.19.0/STM32CubeIDE/plugins/com.st.stm32cube.ide.mcu.externaltools.gnu-tools-for-stm32.13.3.rel1.win32_1.0.0.202411081344/tools/bin/../lib/gcc/arm-none-eabi/13.3.1/thumb/v7e-m+dp/hard/crti.o
 .ARM.attributes
                0x00000020       0x32 D:/STM32CubeIDE/STM32CubeIDE_1.19.0/STM32CubeIDE/plugins/com.st.stm32cube.ide.mcu.externaltools.gnu-tools-for-stm32.13.3.rel1.win32_1.0.0.202411081344/tools/bin/../lib/gcc/arm-none-eabi/13.3.1/thumb/v7e-m+dp/hard/crtbegin.o
 .ARM.attributes
                0x00000052       0x32 ./Core/Src/comm.o
 .ARM.attributes
                0x00000084       0x32 ./Core/Src/ina228_driver.o
 .ARM.attributes
                0x000000b6       0x32 ./Core/Src/main.o
 .ARM.attributes
                0x000000e8       0x32 ./Core/Src/stm32h7xx_hal_msp.o
 .ARM.attributes
                0x0000011a       0x32 ./Core/Src/stm32h7xx_it.o
 .ARM.attributes
                0x0000014c       0x32 ./Core/Src/system_stm32h7xx.o
 .ARM.attributes
                0x0000017e       0x21 ./Core/Startup/startup_stm32h725rgvx.o
 .ARM.attributes
                0x0000019f       0x32 ./Drivers/STM32H7xx_HAL_Driver/Src/stm32h7xx_hal.o
 .ARM.attributes
                0x000001d1       0x32 ./Drivers/STM32H7xx_HAL_Driver/Src/stm32h7xx_hal_cortex.o
 .ARM.attributes
                0x00000203       0x32 ./Drivers/STM32H7xx_HAL_Driver/Src/stm32h7xx_hal_dma.o
 .ARM.attributes
                0x00000235       0x32 ./Drivers/STM32H7xx_HAL_Driver/Src/stm32h7xx_hal_gpio.o
 .ARM.attributes
                0x00000267       0x32 ./Drivers/STM32H7xx_HAL_Driver/Src/stm32h7xx_hal_i2c.o
 .ARM.attributes
                0x00000299       0x32 ./Drivers/STM32H7xx_HAL_Driver/Src/stm32h7xx_hal_i2c_ex.o
 .ARM.attributes
                0x000002cb       0x32 ./Drivers/STM32H7xx_HAL_Driver/Src/stm32h7xx_hal_pcd.o
 .ARM.attributes
                0x000002fd       0x32 ./Drivers/STM32H7xx_HAL_Driver/Src/stm32h7xx_hal_pcd_ex.o
 .ARM.attributes
                0x0000032f       0x32 ./Drivers/STM32H7xx_HAL_Driver/Src/stm32h7xx_hal_pwr_ex.o
 .ARM.attributes
                0x00000361       0x32 ./Drivers/STM32H7xx_HAL_Driver/Src/stm32h7xx_hal_rcc.o
 .ARM.attributes
                0x00000393       0x32 ./Drivers/STM32H7xx_HAL_Driver/Src/stm32h7xx_hal_rcc_ex.o
 .ARM.attributes
                0x000003c5       0x32 ./Drivers/STM32H7xx_HAL_Driver/Src/stm32h7xx_hal_uart.o
 .ARM.attributes
                0x000003f7       0x32 ./Drivers/STM32H7xx_HAL_Driver/Src/stm32h7xx_hal_uart_ex.o
 .ARM.attributes
                0x00000429       0x32 ./Drivers/STM32H7xx_HAL_Driver/Src/stm32h7xx_ll_usb.o
 .ARM.attributes
                0x0000045b       0x32 ./Middlewares/ST/STM32_USB_Device_Library/Class/CDC/Src/usbd_cdc.o
 .ARM.attributes
                0x0000048d       0x32 ./Middlewares/ST/STM32_USB_Device_Library/Core/Src/usbd_core.o
 .ARM.attributes
                0x000004bf       0x32 ./Middlewares/ST/STM32_USB_Device_Library/Core/Src/usbd_ctlreq.o
 .ARM.attributes
                0x000004f1       0x32 ./Middlewares/ST/STM32_USB_Device_Library/Core/Src/usbd_ioreq.o
 .ARM.attributes
                0x00000523       0x32 ./USB_DEVICE/App/usb_device.o
 .ARM.attributes
                0x00000555       0x32 ./USB_DEVICE/App/usbd_cdc_if.o
 .ARM.attributes
                0x00000587       0x32 ./USB_DEVICE/App/usbd_desc.o
 .ARM.attributes
                0x000005b9       0x32 ./USB_DEVICE/Target/usbd_conf.o
 .ARM.attributes
                0x000005eb       0x32 D:/STM32CubeIDE/STM32CubeIDE_1.19.0/STM32CubeIDE/plugins/com.st.stm32cube.ide.mcu.externaltools.gnu-tools-for-stm32.13.3.rel1.win32_1.0.0.202411081344/tools/bin/../lib/gcc/arm-none-eabi/13.3.1/../../../../arm-none-eabi/lib/thumb/v7e-m+dp/hard\libc_nano.a(libc_a-memset.o)
 .ARM.attributes
                0x0000061d       0x32 D:/STM32CubeIDE/STM32CubeIDE_1.19.0/STM32CubeIDE/plugins/com.st.stm32cube.ide.mcu.externaltools.gnu-tools-for-stm32.13.3.rel1.win32_1.0.0.202411081344/tools/bin/../lib/gcc/arm-none-eabi/13.3.1/../../../../arm-none-eabi/lib/thumb/v7e-m+dp/hard\libc_nano.a(libc_a-init.o)
 .ARM.attributes
                0x0000064f       0x20 D:/STM32CubeIDE/STM32CubeIDE_1.19.0/STM32CubeIDE/plugins/com.st.stm32cube.ide.mcu.externaltools.gnu-tools-for-stm32.13.3.rel1.win32_1.0.0.202411081344/tools/bin/../lib/gcc/arm-none-eabi/13.3.1/thumb/v7e-m+dp/hard\libgcc.a(_aeabi_uldivmod.o)
 .ARM.attributes
                0x0000066f       0x32 D:/STM32CubeIDE/STM32CubeIDE_1.19.0/STM32CubeIDE/plugins/com.st.stm32cube.ide.mcu.externaltools.gnu-tools-for-stm32.13.3.rel1.win32_1.0.0.202411081344/tools/bin/../lib/gcc/arm-none-eabi/13.3.1/thumb/v7e-m+dp/hard\libgcc.a(_udivmoddi4.o)
 .ARM.attributes
                0x000006a1       0x20 D:/STM32CubeIDE/STM32CubeIDE_1.19.0/STM32CubeIDE/plugins/com.st.stm32cube.ide.mcu.externaltools.gnu-tools-for-stm32.13.3.rel1.win32_1.0.0.202411081344/tools/bin/../lib/gcc/arm-none-eabi/13.3.1/thumb/v7e-m+dp/hard\libgcc.a(_dvmd_tls.o)
 .ARM.attributes
                0x000006c1       0x20 D:/STM32CubeIDE/STM32CubeIDE_1.19.0/STM32CubeIDE/plugins/com.st.stm32cube.ide.mcu.externaltools.gnu-tools-for-stm32.13.3.rel1.win32_1.0.0.202411081344/tools/bin/../lib/gcc/arm-none-eabi/13.3.1/thumb/v7e-m+dp/hard/crtn.o
OUTPUT(PSU_stm32h7.elf elf32-littlearm)
LOAD linker stubs
LOAD D:/STM32CubeIDE/STM32CubeIDE_1.19.0/STM32CubeIDE/plugins/com.st.stm32cube.ide.mcu.externaltools.gnu-tools-for-stm32.13.3.rel1.win32_1.0.0.202411081344/tools/bin/../lib/gcc/arm-none-eabi/13.3.1/../../../../arm-none-eabi/lib/thumb/v7e-m+dp/hard\libc.a
LOAD D:/STM32CubeIDE/STM32CubeIDE_1.19.0/STM32CubeIDE/plugins/com.st.stm32cube.ide.mcu.externaltools.gnu-tools-for-stm32.13.3.rel1.win32_1.0.0.202411081344/tools/bin/../lib/gcc/arm-none-eabi/13.3.1/../../../../arm-none-eabi/lib/thumb/v7e-m+dp/hard\libm.a
LOAD D:/STM32CubeIDE/STM32CubeIDE_1.19.0/STM32CubeIDE/plugins/com.st.stm32cube.ide.mcu.externaltools.gnu-tools-for-stm32.13.3.rel1.win32_1.0.0.202411081344/tools/bin/../lib/gcc/arm-none-eabi/13.3.1/thumb/v7e-m+dp/hard\libgcc.a

.debug_info     0x00000000    0x21843
 .debug_info    0x00000000     0x134c ./Core/Src/comm.o
 .debug_info    0x0000134c     0x1238 ./Core/Src/ina228_driver.o
 .debug_info    0x00002584     0x2270 ./Core/Src/main.o
 .debug_info    0x000047f4     0x18d8 ./Core/Src/stm32h7xx_hal_msp.o
 .debug_info    0x000060cc     0x1210 ./Core/Src/stm32h7xx_it.o
 .debug_info    0x000072dc      0xbff ./Core/Src/system_stm32h7xx.o
 .debug_info    0x00007edb       0x30 ./Core/Startup/startup_stm32h725rgvx.o
 .debug_info    0x00007f0b     0x1698 ./Drivers/STM32H7xx_HAL_Driver/Src/stm32h7xx_hal.o
 .debug_info    0x000095a3     0x10b2 ./Drivers/STM32H7xx_HAL_Driver/Src/stm32h7xx_hal_cortex.o
 .debug_info    0x0000a655      0xb71 ./Drivers/STM32H7xx_HAL_Driver/Src/stm32h7xx_hal_dma.o
 .debug_info    0x0000b1c6      0xc6b ./Drivers/STM32H7xx_HAL_Driver/Src/stm32h7xx_hal_gpio.o
 .debug_info    0x0000be31     0x22ba ./Drivers/STM32H7xx_HAL_Driver/Src/stm32h7xx_hal_i2c.o
 .debug_info    0x0000e0eb      0xd95 ./Drivers/STM32H7xx_HAL_Driver/Src/stm32h7xx_hal_i2c_ex.o
 .debug_info    0x0000ee80     0x1561 ./Drivers/STM32H7xx_HAL_Driver/Src/stm32h7xx_hal_pcd.o
 .debug_info    0x000103e1      0x8b3 ./Drivers/STM32H7xx_HAL_Driver/Src/stm32h7xx_hal_pcd_ex.o
 .debug_info    0x00010c94      0xddb ./Drivers/STM32H7xx_HAL_Driver/Src/stm32h7xx_hal_pwr_ex.o
 .debug_info    0x00011a6f      0xd8c ./Drivers/STM32H7xx_HAL_Driver/Src/stm32h7xx_hal_rcc.o
 .debug_info    0x000127fb     0x120b ./Drivers/STM32H7xx_HAL_Driver/Src/stm32h7xx_hal_rcc_ex.o
 .debug_info    0x00013a06     0x4b53 ./Drivers/STM32H7xx_HAL_Driver/Src/stm32h7xx_hal_uart.o
 .debug_info    0x00018559      0xfbe ./Drivers/STM32H7xx_HAL_Driver/Src/stm32h7xx_hal_uart_ex.o