Archive member included to satisfy reference by file (symbol)

D:/STM32CubeIDE/STM32CubeIDE_1.19.0/STM32CubeIDE/plugins/com.st.stm32cube.ide.mcu.externaltools.gnu-tools-for-stm32.13.3.rel1.win32_1.0.0.202411081344/tools/bin/../lib/gcc/arm-none-eabi/13.3.1/../../../../arm-none-eabi/lib/thumb/v7e-m+dp/hard\libc_nano.a(libc_a-exit.o)
                              D:/STM32CubeIDE/STM32CubeIDE_1.19.0/STM32CubeIDE/plugins/com.st.stm32cube.ide.mcu.externaltools.gnu-tools-for-stm32.13.3.rel1.win32_1.0.0.202411081344/tools/bin/../lib/gcc/arm-none-eabi/13.3.1/../../../../arm-none-eabi/lib/thumb/v7e-m+dp/hard/crt0.o (exit)
D:/STM32CubeIDE/STM32CubeIDE_1.19.0/STM32CubeIDE/plugins/com.st.stm32cube.ide.mcu.externaltools.gnu-tools-for-stm32.13.3.rel1.win32_1.0.0.202411081344/tools/bin/../lib/gcc/arm-none-eabi/13.3.1/../../../../arm-none-eabi/lib/thumb/v7e-m+dp/hard\libc_nano.a(libc_a-findfp.o)
                              D:/STM32CubeIDE/STM32CubeIDE_1.19.0/STM32CubeIDE/plugins/com.st.stm32cube.ide.mcu.externaltools.gnu-tools-for-stm32.13.3.rel1.win32_1.0.0.202411081344/tools/bin/../lib/gcc/arm-none-eabi/13.3.1/../../../../arm-none-eabi/lib/thumb/v7e-m+dp/hard\libc_nano.a(libc_a-exit.o) (__stdio_exit_handler)
D:/STM32CubeIDE/STM32CubeIDE_1.19.0/STM32CubeIDE/plugins/com.st.stm32cube.ide.mcu.externaltools.gnu-tools-for-stm32.13.3.rel1.win32_1.0.0.202411081344/tools/bin/../lib/gcc/arm-none-eabi/13.3.1/../../../../arm-none-eabi/lib/thumb/v7e-m+dp/hard\libc_nano.a(libc_a-fwalk.o)
                              D:/STM32CubeIDE/STM32CubeIDE_1.19.0/STM32CubeIDE/plugins/com.st.stm32cube.ide.mcu.externaltools.gnu-tools-for-stm32.13.3.rel1.win32_1.0.0.202411081344/tools/bin/../lib/gcc/arm-none-eabi/13.3.1/../../../../arm-none-eabi/lib/thumb/v7e-m+dp/hard\libc_nano.a(libc_a-findfp.o) (_fwalk_sglue)
D:/STM32CubeIDE/STM32CubeIDE_1.19.0/STM32CubeIDE/plugins/com.st.stm32cube.ide.mcu.externaltools.gnu-tools-for-stm32.13.3.rel1.win32_1.0.0.202411081344/tools/bin/../lib/gcc/arm-none-eabi/13.3.1/../../../../arm-none-eabi/lib/thumb/v7e-m+dp/hard\libc_nano.a(libc_a-stdio.o)
                              D:/STM32CubeIDE/STM32CubeIDE_1.19.0/STM32CubeIDE/plugins/com.st.stm32cube.ide.mcu.externaltools.gnu-tools-for-stm32.13.3.rel1.win32_1.0.0.202411081344/tools/bin/../lib/gcc/arm-none-eabi/13.3.1/../../../../arm-none-eabi/lib/thumb/v7e-m+dp/hard\libc_nano.a(libc_a-findfp.o) (__sread)
D:/STM32CubeIDE/STM32CubeIDE_1.19.0/STM32CubeIDE/plugins/com.st.stm32cube.ide.mcu.externaltools.gnu-tools-for-stm32.13.3.rel1.win32_1.0.0.202411081344/tools/bin/../lib/gcc/arm-none-eabi/13.3.1/../../../../arm-none-eabi/lib/thumb/v7e-m+dp/hard\libc_nano.a(libc_a-memset.o)
                              D:/STM32CubeIDE/STM32CubeIDE_1.19.0/STM32CubeIDE/plugins/com.st.stm32cube.ide.mcu.externaltools.gnu-tools-for-stm32.13.3.rel1.win32_1.0.0.202411081344/tools/bin/../lib/gcc/arm-none-eabi/13.3.1/../../../../arm-none-eabi/lib/thumb/v7e-m+dp/hard/crt0.o (memset)
D:/STM32CubeIDE/STM32CubeIDE_1.19.0/STM32CubeIDE/plugins/com.st.stm32cube.ide.mcu.externaltools.gnu-tools-for-stm32.13.3.rel1.win32_1.0.0.202411081344/tools/bin/../lib/gcc/arm-none-eabi/13.3.1/../../../../arm-none-eabi/lib/thumb/v7e-m+dp/hard\libc_nano.a(libc_a-closer.o)
                              D:/STM32CubeIDE/STM32CubeIDE_1.19.0/STM32CubeIDE/plugins/com.st.stm32cube.ide.mcu.externaltools.gnu-tools-for-stm32.13.3.rel1.win32_1.0.0.202411081344/tools/bin/../lib/gcc/arm-none-eabi/13.3.1/../../../../arm-none-eabi/lib/thumb/v7e-m+dp/hard\libc_nano.a(libc_a-stdio.o) (_close_r)
D:/STM32CubeIDE/STM32CubeIDE_1.19.0/STM32CubeIDE/plugins/com.st.stm32cube.ide.mcu.externaltools.gnu-tools-for-stm32.13.3.rel1.win32_1.0.0.202411081344/tools/bin/../lib/gcc/arm-none-eabi/13.3.1/../../../../arm-none-eabi/lib/thumb/v7e-m+dp/hard\libc_nano.a(libc_a-reent.o)
                              D:/STM32CubeIDE/STM32CubeIDE_1.19.0/STM32CubeIDE/plugins/com.st.stm32cube.ide.mcu.externaltools.gnu-tools-for-stm32.13.3.rel1.win32_1.0.0.202411081344/tools/bin/../lib/gcc/arm-none-eabi/13.3.1/../../../../arm-none-eabi/lib/thumb/v7e-m+dp/hard\libc_nano.a(libc_a-closer.o) (errno)
D:/STM32CubeIDE/STM32CubeIDE_1.19.0/STM32CubeIDE/plugins/com.st.stm32cube.ide.mcu.externaltools.gnu-tools-for-stm32.13.3.rel1.win32_1.0.0.202411081344/tools/bin/../lib/gcc/arm-none-eabi/13.3.1/../../../../arm-none-eabi/lib/thumb/v7e-m+dp/hard\libc_nano.a(libc_a-impure.o)
                              D:/STM32CubeIDE/STM32CubeIDE_1.19.0/STM32CubeIDE/plugins/com.st.stm32cube.ide.mcu.externaltools.gnu-tools-for-stm32.13.3.rel1.win32_1.0.0.202411081344/tools/bin/../lib/gcc/arm-none-eabi/13.3.1/../../../../arm-none-eabi/lib/thumb/v7e-m+dp/hard\libc_nano.a(libc_a-reent.o) (_impure_ptr)
D:/STM32CubeIDE/STM32CubeIDE_1.19.0/STM32CubeIDE/plugins/com.st.stm32cube.ide.mcu.externaltools.gnu-tools-for-stm32.13.3.rel1.win32_1.0.0.202411081344/tools/bin/../lib/gcc/arm-none-eabi/13.3.1/../../../../arm-none-eabi/lib/thumb/v7e-m+dp/hard\libc_nano.a(libc_a-lseekr.o)
[...]
Memory Configuration

Name             Origin             Length             Attributes
ITCMRAM          0x00000000         0x00010000         xrw
DTCMRAM          0x20000000         0x00020000         xrw
FLASH            0x08000000         0x00100000         xr
RAM_D1           0x24000000         0x00050000         xrw
RAM_D2           0x30000000         0x00008000         xrw
RAM_D3           0x38000000         0x00004000         xrw
*default*        0x00000000         0xffffffff

Linker script and memory map

LOAD D:/STM32CubeIDE/STM32CubeIDE_1.19.0/STM32CubeIDE/plugins/com.st.stm32cube.ide.mcu.externaltools.gnu-tools-for-stm32.13.3.rel1.win32_1.0.0.202411081344/tools/bin/../lib/gcc/arm-none-eabi/13.3.1/thumb/v7e-m+dp/hard/crti.o
LOAD D:/STM32CubeIDE/STM32CubeIDE_1.19.0/STM32CubeIDE/plugins/com.st.stm32cube.ide.mcu.externaltools.gnu-tools-for-stm32.13.3.rel1.win32_1.0.0.202411081344/tools/bin/../lib/gcc/arm-none-eabi/13.3.1/thumb/v7e-m+dp/hard/crtbegin.o
LOAD D:/STM32CubeIDE/STM32CubeIDE_1.19.0/STM32CubeIDE/plugins/com.st.stm32cube.ide.mcu.externaltools.gnu-tools-for-stm32.13.3.rel1.win32_1.0.0.202411081344/tools/bin/../lib/gcc/arm-none-eabi/13.3.1/../../../../arm-none-eabi/lib/thumb/v7e-m+dp/hard/crt0.o
LOAD ./Core/Src/cfg_store.o
LOAD ./Core/Src/comm.o
LOAD ./Core/Src/crc32_sw.o
LOAD ./Core/Src/fw_update.o
LOAD ./Core/Src/ina228_driver.o
LOAD ./Core/Src/led.o
LOAD ./Core/Src/main.o
LOAD ./Core/Src/safety.o
LOAD ./Core/Src/stm32h7xx_hal_msp.o
LOAD ./Core/Src/stm32h7xx_it.o
LOAD ./Core/Src/syscalls.o
LOAD ./Core/Src/sysmem.o
LOAD ./Core/Src/system_stm32h7xx.o
LOAD ./Core/Startup/startup_stm32h725rgvx.o
LOAD ./Drivers/STM32H7xx_HAL_Driver/Src/stm32h7xx_hal.o
LOAD ./Drivers/STM32H7xx_HAL_Driver/Src/stm32h7xx_hal_cortex.o
LOAD ./Drivers/STM32H7xx_HAL_Driver/Src/stm32h7xx_hal_dma.o
LOAD ./Drivers/STM32H7xx_HAL_Driver/Src/stm32h7xx_hal_dma_ex.o
LOAD ./Drivers/STM32H7xx_HAL_Driver/Src/stm32h7xx_hal_exti.o
LOAD ./Drivers/STM32H7xx_HAL_Driver/Src/stm32h7xx_hal_flash.o
LOAD ./Drivers/STM32H7xx_HAL_Driver/Src/stm32h7xx_hal_flash_ex.o
LOAD ./Drivers/STM32H7xx_HAL_Driver/Src/stm32h7xx_hal_gpio.o
LOAD ./Drivers/STM32H7xx_HAL_Driver/Src/stm32h7xx_hal_hsem.o
LOAD ./Drivers/STM32H7xx_HAL_Driver/Src/stm32h7xx_hal_i2c.o
LOAD ./Drivers/STM32H7xx_HAL_Driver/Src/stm32h7xx_hal_i2c_ex.o
LOAD ./Drivers/STM32H7xx_HAL_Driver/Src/stm32h7xx_hal_mdma.o
LOAD ./Drivers/STM32H7xx_HAL_Driver/Src/stm32h7xx_hal_pcd.o
LOAD ./Drivers/STM32H7xx_HAL_Driver/Src/stm32h7xx_hal_pcd_ex.o
LOAD ./Drivers/STM32H7xx_HAL_Driver/Src/stm32h7xx_hal_pwr.o
LOAD ./Drivers/STM32H7xx_HAL_Driver/Src/stm32h7xx_hal_pwr_ex.o
LOAD ./Drivers/STM32H7xx_HAL_Driver/Src/stm32h7xx_hal_rcc.o
LOAD ./Drivers/STM32H7xx_HAL_Driver/Src/stm32h7xx_hal_rcc_ex.o
LOAD ./Drivers/STM32H7xx_HAL_Driver/Src/stm32h7xx_hal_tim.o
LOAD ./Drivers/STM32H7xx_HAL_Driver/Src/stm32h7xx_hal_tim_ex.o
LOAD ./Drivers/STM32H7xx_HAL_Driver/Src/stm32h7xx_hal_uart.o
LOAD ./Drivers/STM32H7xx_HAL_Driver/Src/stm32h7xx_hal_uart_ex.o
LOAD ./Drivers/STM32H7xx_HAL_Driver/Src/stm32h7xx_ll_usb.o
LOAD ./Middlewares/ST/STM32_USB_Device_Library/Class/CDC/Src/usbd_cdc.o
LOAD ./Middlewares/ST/STM32_USB_Device_Library/Core/Src/usbd_core.o
LOAD ./Middlewares/ST/STM32_USB_Device_Library/Core/Src/usbd_ctlreq.o
LOAD ./Middlewares/ST/STM32_USB_Device_Library/Core/Src/usbd_ioreq.o
LOAD ./USB_DEVICE/App/usb_device.o
LOAD ./USB_DEVICE/App/usbd_cdc_if.o
LOAD ./USB_DEVICE/App/usbd_desc.o
LOAD ./USB_DEVICE/Target/usbd_conf.o
START GROUP
LOAD D:/STM32CubeIDE/STM32CubeIDE_1.19.0/STM32CubeIDE/plugins/com.st.stm32cube.ide.mcu.externaltools.gnu-tools-for-stm32.13.3.rel1.win32_1.0.0.202411081344/tools/bin/../lib/gcc/arm-none-eabi/13.3.1/../../../../arm-none-eabi/lib/thumb/v7e-m+dp/hard\libc_nano.a
LOAD D:/STM32CubeIDE/STM32CubeIDE_1.19.0/STM32CubeIDE/plugins/com.st.stm32cube.ide.mcu.externaltools.gnu-tools-for-stm32.13.3.rel1.win32_1.0.0.202411081344/tools/bin/../lib/gcc/arm-none-eabi/13.3.1/../../../../arm-none-eabi/lib/thumb/v7e-m+dp/hard\libm.a
END GROUP
START GROUP
LOAD D:/STM32CubeIDE/STM32CubeIDE_1.19.0/STM32CubeIDE/plugins/com.st.stm32cube.ide.mcu.externaltools.gnu-tools-for-stm32.13.3.rel1.win32_1.0.0.202411081344/tools/bin/../lib/gcc/arm-none-eabi/13.3.1/thumb/v7e-m+dp/hard\libgcc.a
LOAD D:/STM32CubeIDE/STM32CubeIDE_1.19.0/STM32CubeIDE/plugins/com.st.stm32cube.ide.mcu.externaltools.gnu-tools-for-stm32.13.3.rel1.win32_1.0.0.202411081344/tools/bin/../lib/gcc/arm-none-eabi/13.3.1/../../../../arm-none-eabi/lib/thumb/v7e-m+dp/hard\libc_nano.a
END GROUP
START GROUP
LOAD D:/STM32CubeIDE/STM32CubeIDE_1.19.0/STM32CubeIDE/plugins/com.st.stm32cube.ide.mcu.externaltools.gnu-tools-for-stm32.13.3.rel1.win32_1.0.0.202411081344/tools/bin/../lib/gcc/arm-none-eabi/13.3.1/thumb/v7e-m+dp/hard\libgcc.a
LOAD D:/STM32CubeIDE/STM32CubeIDE_1.19.0/STM32CubeIDE/plugins/com.st.stm32cube.ide.mcu.externaltools.gnu-tools-for-stm32.13.3.rel1.win32_1.0.0.202411081344/tools/bin/../lib/gcc/arm-none-eabi/13.3.1/../../../../arm-none-eabi/lib/thumb/v7e-m+dp/hard\libc_nano.a
LOAD D:/STM32CubeIDE/STM32CubeIDE_1.19.0/STM32CubeIDE/plugins/com.st.stm32cube.ide.mcu.externaltools.gnu-tools-for-stm32.13.3.rel1.win32_1.0.0.202411081344/tools/bin/../lib/gcc/arm-none-eabi/13.3.1/../../../../arm-none-eabi/lib/thumb/v7e-m+dp/hard\libnosys.a
END GROUP
START GROUP
LOAD D:/STM32CubeIDE/STM32CubeIDE_1.19.0/STM32CubeIDE/plugins/com.st.stm32cube.ide.mcu.externaltools.gnu-tools-for-stm32.13.3.rel1.win32_1.0.0.202411081344/tools/bin/../lib/gcc/arm-none-eabi/13.3.1/thumb/v7e-m+dp/hard\libgcc.a
LOAD D:/STM32CubeIDE/STM32CubeIDE_1.19.0/STM32CubeIDE/plugins/com.st.stm32cube.ide.mcu.externaltools.gnu-tools-for-stm32.13.3.rel1.win32_1.0.0.202411081344/tools/bin/../lib/gcc/arm-none-eabi/13.3.1/../../../../arm-none-eabi/lib/thumb/v7e-m+dp/hard\libc_nano.a
LOAD D:/STM32CubeIDE/STM32CubeIDE_1.19.0/STM32CubeIDE/plugins/com.st.stm32cube.ide.mcu.externaltools.gnu-tools-for-stm32.13.3.rel1.win32_1.0.0.202411081344/tools/bin/../lib/gcc/arm-none-eabi/13.3.1/../../../../arm-none-eabi/lib/thumb/v7e-m+dp/hard\libnosys.a
END GROUP
LOAD D:/STM32CubeIDE/STM32CubeIDE_1.19.0/STM32CubeIDE/plugins/com.st.stm32cube.ide.mcu.externaltools.gnu-tools-for-stm32.13.3.rel1.win32_1.0.0.202411081344/tools/bin/../lib/gcc/arm-none-eabi/13.3.1/thumb/v7e-m+dp/hard/crtend.o
LOAD D:/STM32CubeIDE/STM32CubeIDE_1.19.0/STM32CubeIDE/plugins/com.st.stm32cube.ide.mcu.externaltools.gnu-tools-for-stm32.13.3.rel1.win32_1.0.0.202411081344/tools/bin/../lib/gcc/arm-none-eabi/13.3.1/thumb/v7e-m+dp/hard/crtn.o
                0x24050000                        _estack = (ORIGIN (RAM_D1) + LENGTH (RAM_D1))
                0x00000200                        _Min_Heap_Size = 0x200
                0x00000400                        _Min_Stack_Size = 0x400

.isr_vector     0x08000000      0x2cc
                0x08000000                        . = ALIGN (0x4)
 *(.isr_vector)
 .isr_vector    0x08000000      0x2cc ./Core/Startup/startup_stm32h725rgvx.o
                0x08000000                g_pfnVectors
                0x080002cc                        . = ALIGN (0x4)

.text           0x080002cc    0x15d88
                0x080002cc                        . = ALIGN (0x4)
 *(.text)
 .text          0x080002cc       0x40 D:/STM32CubeIDE/STM32CubeIDE_1.19.0/STM32CubeIDE/plugins/com.st.stm32cube.ide.mcu.externaltools.gnu-tools-for-stm32.13.3.rel1.win32_1.0.0.202411081344/tools/bin/../lib/gcc/arm-none-eabi/13.3.1/thumb/v7e-m+dp/hard/crtbegin.o
 .text          0x0800030c       0x30 D:/STM32CubeIDE/STM32CubeIDE_1.19.0/STM32CubeIDE/plugins/com.st.stm32cube.ide.mcu.externaltools.gnu-tools-for-stm32.13.3.rel1.win32_1.0.0.202411081344/tools/bin/../lib/gcc/arm-none-eabi/13.3.1/thumb/v7e-m+dp/hard\libgcc.a(_aeabi_uldivmod.o)
                0x0800030c                __aeabi_uldivmod
 .text          0x0800033c      0x2f8 D:/STM32CubeIDE/STM32CubeIDE_1.19.0/STM32CubeIDE/plugins/com.st.stm32cube.ide.mcu.externaltools.gnu-tools-for-stm32.13.3.rel1.win32_1.0.0.202411081344/tools/bin/../lib/gcc/arm-none-eabi/13.3.1/thumb/v7e-m+dp/hard\libgcc.a(_udivmoddi4.o)
                0x0800033c                __udivmoddi4
 .text          0x08000634        0x4 D:/STM32CubeIDE/STM32CubeIDE_1.19.0/STM32CubeIDE/plugins/com.st.stm32cube.ide.mcu.externaltools.gnu-tools-for-stm32.13.3.rel1.win32_1.0.0.202411081344/tools/bin/../lib/gcc/arm-none-eabi/13.3.1/thumb/v7e-m+dp/hard\libgcc.a(_dvmd_tls.o)
                0x08000634                __aeabi_idiv0
                0x08000634                __aeabi_ldiv0
 *(.text*)
 .text.crc16_calc
                0x08000638       0x7c ./Core/Src/cfg_store.o
 .text.rec_at   0x080006b4       0x20 ./Core/Src/cfg_store.o
 .text.rec_is_valid
                0x080006d4       0x40 ./Core/Src/cfg_store.o
 .text.CfgStore_Init
                0x08000714       0xf0 ./Core/Src/cfg_store.o
                0x08000714                CfgStore_Init
 .text.write_record
                0x08000804      0x1b4 ./Core/Src/cfg_store.o
 .text.compact  0x080009b8      0x150 ./Core/Src/cfg_store.o
 .text.CfgStore_ReadBoot
                0x08000b08       0x78 ./Core/Src/cfg_store.o
                0x08000b08                CfgStore_ReadBoot
 .text.CfgStore_WriteBoot
                0x08000b80       0x44 ./Core/Src/cfg_store.o
                0x08000b80                CfgStore_WriteBoot
 .text.CfgStore_ReadLimits
                0x08000bc4       0x48 ./Core/Src/cfg_store.o
                0x08000bc4                CfgStore_ReadLimits
 .text.CfgStore_WriteLimits
                0x08000c0c       0x1c ./Core/Src/cfg_store.o
                0x08000c0c                CfgStore_WriteLimits
 .text.CfgStore_AllocInstallSeq
                0x08000c28       0x38 ./Core/Src/cfg_store.o
                0x08000c28                CfgStore_AllocInstallSeq
 .text.ina228_is_fresh
                0x08000c60       0x2c ./Core/Src/comm.o
 .text.tlm_crc16
                0x08000c8c       0x72 ./Core/Src/comm.o
 .text.put_be   0x08000cfe       0x64 ./Core/Src/comm.o
 .text.get_be_f32
                0x08000d62       0x40 ./Core/Src/comm.o
 .text.get_be_u32
                0x08000da2       0x36 ./Core/Src/comm.o
 .text.get_be_u16
                0x08000dd8       0x2c ./Core/Src/comm.o
 .text.dcm_poll
                0x08000e04       0xd4 ./Core/Src/comm.o
                0x08000e04                dcm_poll
 .text.tlm_build
                0x08000ed8      0x1f0 ./Core/Src/comm.o
 .text.tlm_port_release
                0x080010c8       0x2e ./Core/Src/comm.o
 .text.tlm_tx_start
                0x080010f6       0x68 ./Core/Src/comm.o
 *fill*         0x0800115e        0x2 
 .text.tlm_dispatch
                0x08001160       0xc4 ./Core/Src/comm.o
 .text.HAL_UART_TxCpltCallback
                0x08001224       0x50 ./Core/Src/comm.o
                0x08001224                HAL_UART_TxCpltCallback
 .text.rx_rearm
                0x08001274       0x88 ./Core/Src/comm.o
 .text.HAL_UART_ErrorCallback
                0x080012fc       0xdc ./Core/Src/comm.o
                0x080012fc                HAL_UART_ErrorCallback
 .text.Comm_RxStart
                0x080013d8       0x9c ./Core/Src/comm.o
                0x080013d8                Comm_RxStart
 .text.rx_frame_len
                0x08001474       0x78 ./Core/Src/comm.o
 .text.rx_head  0x080014ec      0x284 ./Core/Src/comm.o
 .text.rx_exec  0x08001770      0x290 ./Core/Src/comm.o
 .text.rx_feed  0x08001a00      0x1e8 ./Core/Src/comm.o
 .text.Comm_RxPoll
                0x08001be8       0xc4 ./Core/Src/comm.o
                0x08001be8                Comm_RxPoll
 .text.Comm_Init
                0x08001cac       0xb4 ./Core/Src/comm.o
                0x08001cac                Comm_Init
 .text.Comm_OnTick
                0x08001d60       0x20 ./Core/Src/comm.o
                0x08001d60                Comm_OnTick
 .text.Comm_Poll
                0x08001d80       0x28 ./Core/Src/comm.o
                0x08001d80                Comm_Poll
 .text.Comm_TxWatchdog
                0x08001da8       0x90 ./Core/Src/comm.o
                0x08001da8                Comm_TxWatchdog
 .text.aux_acquire
                0x08001e38       0x6c ./Core/Src/comm.o
 .text.aux_seal
                0x08001ea4       0x4a ./Core/Src/comm.o
 *fill*         0x08001eee        0x2 
 .text.tlm_send_aux
                0x08001ef0      0x120 ./Core/Src/comm.o
 .text.cfg_send_ack
                0x08002010       0xe8 ./Core/Src/comm.o
 .text.fw_send_ack
                0x080020f8       0x98 ./Core/Src/comm.o
 .text.cfg_persist_limits
                0x08002190       0x8a ./Core/Src/comm.o
 *fill*         0x0800221a        0x2 
 .text.Comm_CfgTask
                0x0800221c       0xd4 ./Core/Src/comm.o
                0x0800221c                Comm_CfgTask
 .text.Comm_DcmFault
                0x080022f0       0x18 ./Core/Src/comm.o
                0x080022f0                Comm_DcmFault
 .text.Comm_PcLinkAlive
                0x08002308       0x3c ./Core/Src/comm.o
                0x08002308                Comm_PcLinkAlive
 .text.Comm_StatusTask
                0x08002344      0x188 ./Core/Src/comm.o
                0x08002344                Comm_StatusTask
 .text.Comm_FwPoll
                0x080024cc       0x3c ./Core/Src/comm.o
                0x080024cc                Comm_FwPoll
 .text.Crc32_Update
                0x08002508       0x68 ./Core/Src/crc32_sw.o
                0x08002508                Crc32_Update
 .text.Crc32_Finalize
                0x08002570       0x18 ./Core/Src/fw_update.o
 .text.__NVIC_SystemReset
                0x08002588       0x2c ./Core/Src/fw_update.o
 .text.FwUpdate_WatchdogHook
                0x080025b4        0xe ./Core/Src/fw_update.o
                0x080025b4                FwUpdate_WatchdogHook
 *fill*         0x080025c2        0x2 
 .text.FwUpdate_Init
                0x080025c4       0x20 ./Core/Src/fw_update.o
                0x080025c4                FwUpdate_Init
 .text.FwUpdate_State
                0x080025e4       0x18 ./Core/Src/fw_update.o
                0x080025e4                FwUpdate_State
 .text.FwUpdate_Begin
                0x080025fc       0xa0 ./Core/Src/fw_update.o
                0x080025fc                FwUpdate_Begin
 .text.FwUpdate_Data
                0x0800269c      0x124 ./Core/Src/fw_update.o
                0x0800269c                FwUpdate_Data
 .text.FwUpdate_End
                0x080027c0      0x1a8 ./Core/Src/fw_update.o
                0x080027c0                FwUpdate_End
 .text.FwUpdate_CanCommit
                0x08002968       0x20 ./Core/Src/fw_update.o
                0x08002968                FwUpdate_CanCommit
 .text.FwUpdate_Commit
                0x08002988       0x20 ./Core/Src/fw_update.o
                0x08002988                FwUpdate_Commit
 .text.FwUpdate_Task
                0x080029a8       0xc8 ./Core/Src/fw_update.o
                0x080029a8                FwUpdate_Task
 .text.ina_parse_20_signed
                0x08002a70       0x4c ./Core/Src/ina228_driver.o
 .text.ina_parse_20_unsigned
                0x08002abc       0x36 ./Core/Src/ina228_driver.o
 *fill*         0x08002af2        0x2 
 .text.ina_store
                0x08002af4      0x10c ./Core/Src/ina228_driver.o
 .text.ina_read_blocking
                0x08002c00       0x6c ./Core/Src/ina228_driver.o
 .text.ina228_write_reg16
                0x08002c6c       0x78 ./Core/Src/ina228_driver.o
                0x08002c6c                ina228_write_reg16
 .text.ina228_read_reg16
                0x08002ce4       0x46 ./Core/Src/ina228_driver.o
                0x08002ce4                ina228_read_reg16
 *fill*         0x08002d2a        0x2 
 .text.ina228_bus_init
                0x08002d2c       0x5c ./Core/Src/ina228_driver.o
                0x08002d2c                ina228_bus_init
 .text.ina228_dev_init
                0x08002d88      0x140 ./Core/Src/ina228_driver.o
                0x08002d88                ina228_dev_init
 .text.ina228_init_all
                0x08002ec8       0x68 ./Core/Src/ina228_driver.o
                0x08002ec8                ina228_init_all
 .text.ina_finish_cycle
                0x08002f30       0x28 ./Core/Src/ina228_driver.o
 .text.ina_kick
                0x08002f58       0xac ./Core/Src/ina228_driver.o
 .text.ina_advance
                0x08003004       0x88 ./Core/Src/ina228_driver.o
 .text.ina228_bus_start
                0x0800308c       0x54 ./Core/Src/ina228_driver.o
                0x0800308c                ina228_bus_start
 .text.ina228_i2c_rx_complete
                0x080030e0       0x60 ./Core/Src/ina228_driver.o
                0x080030e0                ina228_i2c_rx_complete
 .text.ina228_i2c_error
                0x08003140       0x30 ./Core/Src/ina228_driver.o
                0x08003140                ina228_i2c_error
 .text.ina228_bus_state
                0x08003170       0x18 ./Core/Src/ina228_driver.o
                0x08003170                ina228_bus_state
 .text.ina228_bus_collect
                0x08003188       0x70 ./Core/Src/ina228_driver.o
                0x08003188                ina228_bus_collect
 .text.ina228_bus_tick
                0x080031f8       0x74 ./Core/Src/ina228_driver.o
                0x080031f8                ina228_bus_tick
 .text.ina228_alert_isr
                0x0800326c       0x68 ./Core/Src/ina228_driver.o
                0x0800326c                ina228_alert_isr
 .text.ina228_alert_process
                0x080032d4      0x114 ./Core/Src/ina228_driver.o
                0x080032d4                ina228_alert_process
 .text.ina228_get_dev
                0x080033e8       0x40 ./Core/Src/ina228_driver.o
                0x080033e8                ina228_get_dev
 .text.HAL_I2C_MemRxCpltCallback
                0x08003428       0x16 ./Core/Src/ina228_driver.o
                0x08003428                HAL_I2C_MemRxCpltCallback
 .text.HAL_I2C_ErrorCallback
                0x0800343e       0x16 ./Core/Src/ina228_driver.o
                0x0800343e                HAL_I2C_ErrorCallback
 .text.HAL_GPIO_EXTI_Callback
                0x08003454       0x36 ./Core/Src/ina228_driver.o
                0x08003454                HAL_GPIO_EXTI_Callback
 .text.ina228_write_limits
                0x0800348a       0x72 ./Core/Src/ina228_driver.o
                0x0800348a                ina228_write_limits
 .text.lim_sovl_raw
                0x080034fc       0x9c ./Core/Src/ina228_driver.o
 .text.lim_busv_raw
                0x08003598       0x94 ./Core/Src/ina228_driver.o
 .text.ina228_read_limits
                0x0800362c       0x62 ./Core/Src/ina228_driver.o
                0x0800362c                ina228_read_limits
 *fill*         0x0800368e        0x2 
 .text.ina228_set_limits_f
                0x08003690       0xb4 ./Core/Src/ina228_driver.o
                0x08003690                ina228_set_limits_f
 .text.pat_count
                0x08003744       0x4a ./Core/Src/led.o
 .text.led_write
                0x0800378e       0x2c ./Core/Src/led.o
 .text.hb_pattern
                0x080037ba       0x3a ./Core/Src/led.o
 .text.Led_Init
                0x080037f4       0x70 ./Core/Src/led.o
                0x080037f4                Led_Init
 .text.Led_SetStatus
                0x08003864      0x134 ./Core/Src/led.o
                0x08003864                Led_SetStatus
 .text.Led_Task
                0x08003998       0xd0 ./Core/Src/led.o
                0x08003998                Led_Task
 .text.ina228_is_fresh
                0x08003a68       0x2c ./Core/Src/main.o
 .text.main     0x08003a94      0x300 ./Core/Src/main.o
                0x08003a94                main
 .text.SystemClock_Config
                0x08003d94       0xec ./Core/Src/main.o
                0x08003d94                SystemClock_Config
 .text.MX_I2C1_Init
                0x08003e80       0x80 ./Core/Src/main.o
 .text.MX_UART4_Init
                0x08003f00       0x98 ./Core/Src/main.o
 .text.MX_UART5_Init
                0x08003f98       0x98 ./Core/Src/main.o
 .text.MX_USART1_UART_Init
                0x08004030       0x98 ./Core/Src/main.o
 .text.MX_DMA_Init
                0x080040c8       0xb0 ./Core/Src/main.o
 .text.MX_GPIO_Init
                0x08004178      0x1ec ./Core/Src/main.o
 .text.MPU_Config
                0x08004364       0x58 ./Core/Src/main.o
 .text.Error_Handler
                0x080043bc        0xc ./Core/Src/main.o
                0x080043bc                Error_Handler
 .text.ina228_is_fresh
                0x080043c8       0x2c ./Core/Src/safety.o
 .text.pwr_write
                0x080043f4       0x34 ./Core/Src/safety.o
 .text.goto_state
                0x08004428       0x38 ./Core/Src/safety.o
 .text.sticky_clear_all
                0x08004460       0x48 ./Core/Src/safety.o
 .text.classify
                0x080044a8       0x5e ./Core/Src/safety.o
 *fill*         0x08004506        0x2 
 .text.active_mask
                0x08004508       0x30 ./Core/Src/safety.o
 .text.Safety_Init
                0x08004538       0x48 ./Core/Src/safety.o
                0x08004538                Safety_Init
 .text.Safety_FastTrip
                0x08004580       0x30 ./Core/Src/safety.o
                0x08004580                Safety_FastTrip
 .text.Safety_Task
                0x080045b0      0x3f8 ./Core/Src/safety.o
                0x080045b0                Safety_Task
 .text.Safety_RequestPower
                0x080049a8       0x40 ./Core/Src/safety.o
                0x080049a8                Safety_RequestPower
 .text.Safety_ClearFault
                0x080049e8       0x40 ./Core/Src/safety.o
                0x080049e8                Safety_ClearFault
 .text.Safety_State
                0x08004a28       0x18 ./Core/Src/safety.o
                0x08004a28                Safety_State
 .text.Safety_Code
                0x08004a40       0x18 ./Core/Src/safety.o
                0x08004a40                Safety_Code
 .text.Safety_TripMask
                0x08004a58       0x18 ./Core/Src/safety.o
                0x08004a58                Safety_TripMask
 .text.Safety_PowerIsOn
                0x08004a70       0x18 ./Core/Src/safety.o
                0x08004a70                Safety_PowerIsOn
 .text.Safety_TripCount
                0x08004a88       0x18 ./Core/Src/safety.o
                0x08004a88                Safety_TripCount
 .text.HAL_MspInit
                0x08004aa0       0x34 ./Core/Src/stm32h7xx_hal_msp.o
                0x08004aa0                HAL_MspInit
 .text.HAL_I2C_MspInit
                0x08004ad4      0x1bc ./Core/Src/stm32h7xx_hal_msp.o
                0x08004ad4                HAL_I2C_MspInit
 .text.HAL_UART_MspInit
                0x08004c90      0x4a8 ./Core/Src/stm32h7xx_hal_msp.o
                0x08004c90                HAL_UART_MspInit
 .text.NMI_Handler
                0x08005138        0x8 ./Core/Src/stm32h7xx_it.o
                0x08005138                NMI_Handler
 .text.HardFault_Handler
                0x08005140        0x8 ./Core/Src/stm32h7xx_it.o
                0x08005140                HardFault_Handler
 .text.MemManage_Handler
                0x08005148        0x8 ./Core/Src/stm32h7xx_it.o
                0x08005148                MemManage_Handler
 .text.BusFault_Handler
                0x08005150        0x8 ./Core/Src/stm32h7xx_it.o
                0x08005150                BusFault_Handler
 .text.UsageFault_Handler
                0x08005158        0x8 ./Core/Src/stm32h7xx_it.o
                0x08005158                UsageFault_Handler
 .text.SVC_Handler
                0x08005160        0xe ./Core/Src/stm32h7xx_it.o
                0x08005160                SVC_Handler
 .text.DebugMon_Handler
                0x0800516e        0xe ./Core/Src/stm32h7xx_it.o
                0x0800516e                DebugMon_Handler
 .text.PendSV_Handler
                0x0800517c        0xe ./Core/Src/stm32h7xx_it.o
                0x0800517c                PendSV_Handler
 .text.SysTick_Handler
                0x0800518a        0xc ./Core/Src/stm32h7xx_it.o
                0x0800518a                SysTick_Handler
 .text.EXTI4_IRQHandler
                0x08005196        0xe ./Core/Src/stm32h7xx_it.o
                0x08005196                EXTI4_IRQHandler
 .text.DMA1_Stream0_IRQHandler
                0x080051a4       0x14 ./Core/Src/stm32h7xx_it.o
                0x080051a4                DMA1_Stream0_IRQHandler
 .text.DMA1_Stream1_IRQHandler
                0x080051b8       0x14 ./Core/Src/stm32h7xx_it.o
                0x080051b8                DMA1_Stream1_IRQHandler
 .text.DMA1_Stream2_IRQHandler
                0x080051cc       0x14 ./Core/Src/stm32h7xx_it.o
                0x080051cc                DMA1_Stream2_IRQHandler
 .text.DMA1_Stream3_IRQHandler
                0x080051e0       0x14 ./Core/Src/stm32h7xx_it.o
                0x080051e0                DMA1_Stream3_IRQHandler
 .text.DMA1_Stream4_IRQHandler
                0x080051f4       0x14 ./Core/Src/stm32h7xx_it.o
                0x080051f4                DMA1_Stream4_IRQHandler
 .text.DMA1_Stream5_IRQHandler
                0x08005208       0x14 ./Core/Src/stm32h7xx_it.o
                0x08005208                DMA1_Stream5_IRQHandler
 .text.DMA1_Stream6_IRQHandler
                0x0800521c       0x14 ./Core/Src/stm32h7xx_it.o
                0x0800521c                DMA1_Stream6_IRQHandler
 .text.EXTI9_5_IRQHandler
                0x08005230       0x1a ./Core/Src/stm32h7xx_it.o
                0x08005230                EXTI9_5_IRQHandler
 *fill*         0x0800524a        0x2 
 .text.I2C1_EV_IRQHandler
                0x0800524c       0x14 ./Core/Src/stm32h7xx_it.o
                0x0800524c                I2C1_EV_IRQHandler
 .text.I2C1_ER_IRQHandler
                0x08005260       0x14 ./Core/Src/stm32h7xx_it.o
                0x08005260                I2C1_ER_IRQHandler
 .text.USART1_IRQHandler
                0x08005274       0x14 ./Core/Src/stm32h7xx_it.o
                0x08005274                USART1_IRQHandler
 .text.DMA1_Stream7_IRQHandler
                0x08005288       0x14 ./Core/Src/stm32h7xx_it.o
                0x08005288                DMA1_Stream7_IRQHandler
 .text.UART4_IRQHandler
                0x0800529c       0x14 ./Core/Src/stm32h7xx_it.o
                0x0800529c                UART4_IRQHandler
 .text.UART5_IRQHandler
                0x080052b0       0x14 ./Core/Src/stm32h7xx_it.o
                0x080052b0                UART5_IRQHandler
 .text.OTG_HS_IRQHandler
                0x080052c4       0x14 ./Core/Src/stm32h7xx_it.o
                0x080052c4                OTG_HS_IRQHandler
 .text.SystemInit
                0x080052d8      0x120 ./Core/Src/system_stm32h7xx.o
                0x080052d8                SystemInit
 .text.ExitRun0Mode
                0x080053f8       0x18 ./Core/Src/system_stm32h7xx.o
                0x080053f8                ExitRun0Mode
 .text.Reset_Handler
                0x08005410       0x54 ./Core/Startup/startup_stm32h725rgvx.o
                0x08005410                Reset_Handler
 .text.Default_Handler
                0x08005464        0x2 ./Core/Startup/startup_stm32h725rgvx.o
                0x08005464                RTC_Alarm_IRQHandler
                0x08005464                EXTI2_IRQHandler
                0x08005464                TIM8_CC_IRQHandler
                0x08005464                UART8_IRQHandler
                0x08005464                SPI4_IRQHandler
                0x08005464                FDCAN3_IT0_IRQHandler
                0x08005464                TIM1_CC_IRQHandler
                0x08005464                BDMA_Channel6_IRQHandler
                0x08005464                DMA2_Stream5_IRQHandler
                0x08005464                CORDIC_IRQHandler
                0x08005464                BDMA_Channel1_IRQHandler
                0x08005464                TAMP_STAMP_IRQHandler
                0x08005464                EXTI3_IRQHandler
                0x08005464                LPTIM4_IRQHandler
                0x08005464                TIM8_TRG_COM_TIM14_IRQHandler
                0x08005464                LPTIM2_IRQHandler
                0x08005464                DFSDM1_FLT1_IRQHandler
                0x08005464                DMAMUX2_OVR_IRQHandler
                0x08005464                TIM8_UP_TIM13_IRQHandler
                0x08005464                I2C3_ER_IRQHandler
                0x08005464                DFSDM1_FLT2_IRQHandler
                0x08005464                I2C5_EV_IRQHandler
                0x08005464                USART10_IRQHandler
                0x08005464                MDMA_IRQHandler
                0x08005464                LPTIM3_IRQHandler
                0x08005464                HSEM1_IRQHandler
                0x08005464                EXTI0_IRQHandler
                0x08005464                I2C2_EV_IRQHandler
                0x08005464                FPU_IRQHandler
                0x08005464                OTG_HS_WKUP_IRQHandler
                0x08005464                FDCAN1_IT1_IRQHandler
                0x08005464                LTDC_ER_IRQHandler
                0x08005464                DMA2_Stream2_IRQHandler
                0x08005464                SPI1_IRQHandler
                0x08005464                OCTOSPI1_IRQHandler
                0x08005464                TIM6_DAC_IRQHandler
                0x08005464                DMA2_Stream3_IRQHandler
                0x08005464                OCTOSPI2_IRQHandler
                0x08005464                DFSDM1_FLT3_IRQHandler
                0x08005464                TIM23_IRQHandler
                0x08005464                USART6_IRQHandler
                0x08005464                TIM17_IRQHandler
                0x08005464                USART3_IRQHandler
                0x08005464                BDMA_Channel7_IRQHandler
                0x08005464                LPTIM5_IRQHandler
                0x08005464                ADC3_IRQHandler
                0x08005464                DMA2_Stream0_IRQHandler
                0x08005464                TIM4_IRQHandler
                0x08005464                BDMA_Channel2_IRQHandler
                0x08005464                DMAMUX1_OVR_IRQHandler
                0x08005464                TIM16_IRQHandler
                0x08005464                BDMA_Channel5_IRQHandler
                0x08005464                TIM3_IRQHandler
                0x08005464                RCC_IRQHandler
                0x08005464                UART9_IRQHandler
                0x08005464                TIM8_BRK_TIM12_IRQHandler
                0x08005464                TIM1_TRG_COM_IRQHandler
                0x08005464                Default_Handler
                0x08005464                ECC_IRQHandler
                0x08005464                FMAC_IRQHandler
                0x08005464                CEC_IRQHandler
                0x08005464                EXTI15_10_IRQHandler
                0x08005464                BDMA_Channel0_IRQHandler
                0x08005464                ADC_IRQHandler
                0x08005464                I2C5_ER_IRQHandler
                0x08005464                SPI5_IRQHandler
                0x08005464                TIM7_IRQHandler
                0x08005464                FDCAN3_IT1_IRQHandler
                0x08005464                SDMMC1_IRQHandler
                0x08005464                TIM5_IRQHandler
                0x08005464                DMA2_Stream7_IRQHandler
                0x08005464                TIM15_IRQHandler
                0x08005464                PVD_AVD_IRQHandler
                0x08005464                I2C3_EV_IRQHandler
                0x08005464                RTC_WKUP_IRQHandler
                0x08005464                LTDC_IRQHandler
                0x08005464                ETH_WKUP_IRQHandler
                0x08005464                SPDIF_RX_IRQHandler
                0x08005464                SPI2_IRQHandler
                0x08005464                OTG_HS_EP1_IN_IRQHandler
                0x08005464                TIM24_IRQHandler
                0x08005464                CRS_IRQHandler
                0x08005464                RNG_IRQHandler
                0x08005464                FDCAN2_IT1_IRQHandler
                0x08005464                ETH_IRQHandler
                0x08005464                TIM1_UP_IRQHandler
                0x08005464                BDMA_Channel4_IRQHandler
                0x08005464                OTG_HS_EP1_OUT_IRQHandler
                0x08005464                WWDG_IRQHandler
                0x08005464                SPI6_IRQHandler
                0x08005464                MDIOS_IRQHandler
                0x08005464                I2C4_EV_IRQHandler
                0x08005464                FDCAN2_IT0_IRQHandler
                0x08005464                LPUART1_IRQHandler
                0x08005464                FDCAN1_IT0_IRQHandler
                0x08005464                TIM2_IRQHandler
                0x08005464                DMA2D_IRQHandler
                0x08005464                TIM1_BRK_IRQHandler
                0x08005464                EXTI1_IRQHandler
                0x08005464                SDMMC2_IRQHandler
                0x08005464                BDMA_Channel3_IRQHandler
                0x08005464                DTS_IRQHandler
                0x08005464                UART7_IRQHandler
                0x08005464                MDIOS_WKUP_IRQHandler
                0x08005464                USART2_IRQHandler
                0x08005464                DFSDM1_FLT0_IRQHandler
                0x08005464                SAI4_IRQHandler
                0x08005464                I2C2_ER_IRQHandler
                0x08005464                DMA2_Stream1_IRQHandler
                0x08005464                FLASH_IRQHandler
                0x08005464                DMA2_Stream4_IRQHandler
                0x08005464                SPI3_IRQHandler
                0x08005464                WAKEUP_PIN_IRQHandler
                0x08005464                FMC_IRQHandler
                0x08005464                FDCAN_CAL_IRQHandler
                0x08005464                SWPMI1_IRQHandler
                0x08005464                COMP1_IRQHandler
                0x08005464                LPTIM1_IRQHandler
                0x08005464                DCMI_PSSI_IRQHandler
                0x08005464                I2C4_ER_IRQHandler
                0x08005464                DMA2_Stream6_IRQHandler
                0x08005464                SAI1_IRQHandler
 *fill*         0x08005466        0x2 
 .text.HAL_Init
                0x08005468       0x78 ./Drivers/STM32H7xx_HAL_Driver/Src/stm32h7xx_hal.o
                0x08005468                HAL_Init
 .text.HAL_InitTick
                0x080054e0       0x6c ./Drivers/STM32H7xx_HAL_Driver/Src/stm32h7xx_hal.o
                0x080054e0                HAL_InitTick
 .text.HAL_IncTick
                0x0800554c       0x28 ./Drivers/STM32H7xx_HAL_Driver/Src/stm32h7xx_hal.o
                0x0800554c                HAL_IncTick
 .text.HAL_GetTick
                0x08005574       0x18 ./Drivers/STM32H7xx_HAL_Driver/Src/stm32h7xx_hal.o
                0x08005574                HAL_GetTick
 .text.HAL_Delay
                0x0800558c       0x48 ./Drivers/STM32H7xx_HAL_Driver/Src/stm32h7xx_hal.o
                0x0800558c                HAL_Delay
 .text.__NVIC_SetPriorityGrouping
                0x080055d4       0x48 ./Drivers/STM32H7xx_HAL_Driver/Src/stm32h7xx_hal_cortex.o
 .text.__NVIC_GetPriorityGrouping
                0x0800561c       0x1c ./Drivers/STM32H7xx_HAL_Driver/Src/stm32h7xx_hal_cortex.o
 .text.__NVIC_EnableIRQ
                0x08005638       0x3c ./Drivers/STM32H7xx_HAL_Driver/Src/stm32h7xx_hal_cortex.o
 .text.__NVIC_SetPriority
                0x08005674       0x54 ./Drivers/STM32H7xx_HAL_Driver/Src/stm32h7xx_hal_cortex.o
 .text.NVIC_EncodePriority
                0x080056c8       0x66 ./Drivers/STM32H7xx_HAL_Driver/Src/stm32h7xx_hal_cortex.o
 *fill*         0x0800572e        0x2 
 .text.SysTick_Config
                0x08005730       0x44 ./Drivers/STM32H7xx_HAL_Driver/Src/stm32h7xx_hal_cortex.o
 .text.HAL_NVIC_SetPriorityGrouping
                0x08005774       0x16 ./Drivers/STM32H7xx_HAL_Driver/Src/stm32h7xx_hal_cortex.o
                0x08005774                HAL_NVIC_SetPriorityGrouping
 .text.HAL_NVIC_SetPriority
                0x0800578a       0x34 ./Drivers/STM32H7xx_HAL_Driver/Src/stm32h7xx_hal_cortex.o
                0x0800578a                HAL_NVIC_SetPriority
 .text.HAL_NVIC_EnableIRQ
                0x080057be       0x1c ./Drivers/STM32H7xx_HAL_Driver/Src/stm32h7xx_hal_cortex.o
                0x080057be                HAL_NVIC_EnableIRQ
 .text.HAL_SYSTICK_Config
                0x080057da       0x18 ./Drivers/STM32H7xx_HAL_Driver/Src/stm32h7xx_hal_cortex.o
                0x080057da                HAL_SYSTICK_Config
 *fill*         0x080057f2        0x2 
 .text.HAL_MPU_Disable
                0x080057f4       0x30 ./Drivers/STM32H7xx_HAL_Driver/Src/stm32h7xx_hal_cortex.o
                0x080057f4                HAL_MPU_Disable
 .text.HAL_MPU_Enable
                0x08005824       0x40 ./Drivers/STM32H7xx_HAL_Driver/Src/stm32h7xx_hal_cortex.o
                0x08005824                HAL_MPU_Enable
 .text.HAL_MPU_ConfigRegion
                0x08005864       0x80 ./Drivers/STM32H7xx_HAL_Driver/Src/stm32h7xx_hal_cortex.o
                0x08005864                HAL_MPU_ConfigRegion
 .text.HAL_DMA_Init
                0x080058e4      0x6b0 ./Drivers/STM32H7xx_HAL_Driver/Src/stm32h7xx_hal_dma.o
                0x080058e4                HAL_DMA_Init
 .text.HAL_DMA_Start_IT
                0x08005f94      0x4d4 ./Drivers/STM32H7xx_HAL_Driver/Src/stm32h7xx_hal_dma.o
                0x08005f94                HAL_DMA_Start_IT
 .text.HAL_DMA_Abort
                0x08006468      0x63c ./Drivers/STM32H7xx_HAL_Driver/Src/stm32h7xx_hal_dma.o
                0x08006468                HAL_DMA_Abort
 .text.HAL_DMA_Abort_IT
                0x08006aa4      0x48c ./Drivers/STM32H7xx_HAL_Driver/Src/stm32h7xx_hal_dma.o
                0x08006aa4                HAL_DMA_Abort_IT
 .text.HAL_DMA_IRQHandler
                0x08006f30      0xe54 ./Drivers/STM32H7xx_HAL_Driver/Src/stm32h7xx_hal_dma.o
                0x08006f30                HAL_DMA_IRQHandler
 .text.HAL_DMA_GetState
                0x08007d84       0x1c ./Drivers/STM32H7xx_HAL_Driver/Src/stm32h7xx_hal_dma.o
                0x08007d84                HAL_DMA_GetState
 .text.HAL_DMA_GetError
                0x08007da0       0x18 ./Drivers/STM32H7xx_HAL_Driver/Src/stm32h7xx_hal_dma.o
                0x08007da0                HAL_DMA_GetError
 .text.DMA_SetConfig
                0x08007db8      0x358 ./Drivers/STM32H7xx_HAL_Driver/Src/stm32h7xx_hal_dma.o
 .text.DMA_CalcBaseAndBitshift
                0x08008110      0x164 ./Drivers/STM32H7xx_HAL_Driver/Src/stm32h7xx_hal_dma.o
 .text.DMA_CheckFifoParam
                0x08008274       0xf8 ./Drivers/STM32H7xx_HAL_Driver/Src/stm32h7xx_hal_dma.o
 .text.DMA_CalcDMAMUXChannelBaseAndMask
                0x0800836c      0x134 ./Drivers/STM32H7xx_HAL_Driver/Src/stm32h7xx_hal_dma.o
 .text.DMA_CalcDMAMUXRequestGenBaseAndMask
                0x080084a0       0xe8 ./Drivers/STM32H7xx_HAL_Driver/Src/stm32h7xx_hal_dma.o
 .text.HAL_FLASH_Program
                0x08008588       0xe0 ./Drivers/STM32H7xx_HAL_Driver/Src/stm32h7xx_hal_flash.o
                0x08008588                HAL_FLASH_Program
 .text.HAL_FLASH_Unlock
                0x08008668       0x44 ./Drivers/STM32H7xx_HAL_Driver/Src/stm32h7xx_hal_flash.o
                0x08008668                HAL_FLASH_Unlock
 .text.HAL_FLASH_Lock
                0x080086ac       0x30 ./Drivers/STM32H7xx_HAL_Driver/Src/stm32h7xx_hal_flash.o
                0x080086ac                HAL_FLASH_Lock
 .text.FLASH_WaitForLastOperation
                0x080086dc       0xac ./Drivers/STM32H7xx_HAL_Driver/Src/stm32h7xx_hal_flash.o
                0x080086dc                FLASH_WaitForLastOperation
 .text.HAL_FLASHEx_Erase
                0x08008788      0x118 ./Drivers/STM32H7xx_HAL_Driver/Src/stm32h7xx_hal_flash_ex.o
                0x08008788                HAL_FLASHEx_Erase
 .text.FLASH_MassErase
                0x080088a0       0x48 ./Drivers/STM32H7xx_HAL_Driver/Src/stm32h7xx_hal_flash_ex.o
 .text.FLASH_Erase_Sector
                0x080088e8       0x48 ./Drivers/STM32H7xx_HAL_Driver/Src/stm32h7xx_hal_flash_ex.o
                0x080088e8                FLASH_Erase_Sector
 .text.HAL_GPIO_Init
                0x08008930      0x364 ./Drivers/STM32H7xx_HAL_Driver/Src/stm32h7xx_hal_gpio.o
                0x08008930                HAL_GPIO_Init
 .text.HAL_GPIO_ReadPin
                0x08008c94       0x30 ./Drivers/STM32H7xx_HAL_Driver/Src/stm32h7xx_hal_gpio.o
                0x08008c94                HAL_GPIO_ReadPin
 .text.HAL_GPIO_WritePin
                0x08008cc4       0x32 ./Drivers/STM32H7xx_HAL_Driver/Src/stm32h7xx_hal_gpio.o
                0x08008cc4                HAL_GPIO_WritePin
 .text.HAL_GPIO_EXTI_IRQHandler
                0x08008cf6       0x34 ./Drivers/STM32H7xx_HAL_Driver/Src/stm32h7xx_hal_gpio.o
                0x08008cf6                HAL_GPIO_EXTI_IRQHandler
 *fill*         0x08008d2a        0x2 
 .text.HAL_I2C_Init
                0x08008d2c      0x138 ./Drivers/STM32H7xx_HAL_Driver/Src/stm32h7xx_hal_i2c.o
                0x08008d2c                HAL_I2C_Init
 .text.HAL_I2C_Mem_Write
                0x08008e64      0x228 ./Drivers/STM32H7xx_HAL_Driver/Src/stm32h7xx_hal_i2c.o
                0x08008e64                HAL_I2C_Mem_Write
 .text.HAL_I2C_Mem_Read
                0x0800908c      0x234 ./Drivers/STM32H7xx_HAL_Driver/Src/stm32h7xx_hal_i2c.o
                0x0800908c                HAL_I2C_Mem_Read
 .text.HAL_I2C_Mem_Read_DMA
                0x080092c0      0x1cc ./Drivers/STM32H7xx_HAL_Driver/Src/stm32h7xx_hal_i2c.o
                0x080092c0                HAL_I2C_Mem_Read_DMA
 .text.HAL_I2C_Master_Abort_IT
                0x0800948c       0xa8 ./Drivers/STM32H7xx_HAL_Driver/Src/stm32h7xx_hal_i2c.o
                0x0800948c                HAL_I2C_Master_Abort_IT
 .text.HAL_I2C_EV_IRQHandler
                0x08009534       0x34 ./Drivers/STM32H7xx_HAL_Driver/Src/stm32h7xx_hal_i2c.o
                0x08009534                HAL_I2C_EV_IRQHandler
 .text.HAL_I2C_ER_IRQHandler
                0x08009568       0xc2 ./Drivers/STM32H7xx_HAL_Driver/Src/stm32h7xx_hal_i2c.o
                0x08009568                HAL_I2C_ER_IRQHandler
 .text.HAL_I2C_MasterTxCpltCallback
                0x0800962a       0x14 ./Drivers/STM32H7xx_HAL_Driver/Src/stm32h7xx_hal_i2c.o
                0x0800962a                HAL_I2C_MasterTxCpltCallback
 .text.HAL_I2C_MasterRxCpltCallback
                0x0800963e       0x14 ./Drivers/STM32H7xx_HAL_Driver/Src/stm32h7xx_hal_i2c.o
                0x0800963e                HAL_I2C_MasterRxCpltCallback
 .text.HAL_I2C_SlaveTxCpltCallback
                0x08009652       0x14 ./Drivers/STM32H7xx_HAL_Driver/Src/stm32h7xx_hal_i2c.o
                0x08009652                HAL_I2C_SlaveTxCpltCallback
 .text.HAL_I2C_SlaveRxCpltCallback
                0x08009666       0x14 ./Drivers/STM32H7xx_HAL_Driver/Src/stm32h7xx_hal_i2c.o
                0x08009666                HAL_I2C_SlaveRxCpltCallback
 .text.HAL_I2C_AddrCallback
                0x0800967a       0x1c ./Drivers/STM32H7xx_HAL_Driver/Src/stm32h7xx_hal_i2c.o
                0x0800967a                HAL_I2C_AddrCallback
 .text.HAL_I2C_ListenCpltCallback
                0x08009696       0x14 ./Drivers/STM32H7xx_HAL_Driver/Src/stm32h7xx_hal_i2c.o
                0x08009696                HAL_I2C_ListenCpltCallback
 .text.HAL_I2C_MemTxCpltCallback
                0x080096aa       0x14 ./Drivers/STM32H7xx_HAL_Driver/Src/stm32h7xx_hal_i2c.o
                0x080096aa                HAL_I2C_MemTxCpltCallback
 .text.HAL_I2C_AbortCpltCallback
                0x080096be       0x14 ./Drivers/STM32H7xx_HAL_Driver/Src/stm32h7xx_hal_i2c.o
                0x080096be                HAL_I2C_AbortCpltCallback
 .text.I2C_Slave_ISR_IT
                0x080096d2      0x208 ./Drivers/STM32H7xx_HAL_Driver/Src/stm32h7xx_hal_i2c.o
 .text.I2C_Master_ISR_DMA
                0x080098da      0x1e6 ./Drivers/STM32H7xx_HAL_Driver/Src/stm32h7xx_hal_i2c.o
 .text.I2C_Mem_ISR_DMA
                0x08009ac0      0x260 ./Drivers/STM32H7xx_HAL_Driver/Src/stm32h7xx_hal_i2c.o
 .text.I2C_Slave_ISR_DMA
                0x08009d20      0x3c8 ./Drivers/STM32H7xx_HAL_Driver/Src/stm32h7xx_hal_i2c.o
 .text.I2C_RequestMemoryWrite
                0x0800a0e8       0xa8 ./Drivers/STM32H7xx_HAL_Driver/Src/stm32h7xx_hal_i2c.o
 .text.I2C_RequestMemoryRead
                0x0800a190       0xa8 ./Drivers/STM32H7xx_HAL_Driver/Src/stm32h7xx_hal_i2c.o
 .text.I2C_ITAddrCplt
                0x0800a238      0x108 ./Drivers/STM32H7xx_HAL_Driver/Src/stm32h7xx_hal_i2c.o
 .text.I2C_ITMasterSeqCplt
                0x0800a340       0x7a ./Drivers/STM32H7xx_HAL_Driver/Src/stm32h7xx_hal_i2c.o
 .text.I2C_ITSlaveSeqCplt
                0x0800a3ba       0xbc ./Drivers/STM32H7xx_HAL_Driver/Src/stm32h7xx_hal_i2c.o
 *fill*         0x0800a476        0x2 
 .text.I2C_ITMasterCplt
                0x0800a478      0x194 ./Drivers/STM32H7xx_HAL_Driver/Src/stm32h7xx_hal_i2c.o
 .text.I2C_ITSlaveCplt
                0x0800a60c      0x4b4 ./Drivers/STM32H7xx_HAL_Driver/Src/stm32h7xx_hal_i2c.o
 .text.I2C_ITListenCplt
                0x0800aac0       0xac ./Drivers/STM32H7xx_HAL_Driver/Src/stm32h7xx_hal_i2c.o
 .text.I2C_ITError
                0x0800ab6c      0x1e0 ./Drivers/STM32H7xx_HAL_Driver/Src/stm32h7xx_hal_i2c.o
 .text.I2C_TreatErrorCallback
                0x0800ad4c       0x4e ./Drivers/STM32H7xx_HAL_Driver/Src/stm32h7xx_hal_i2c.o
 .text.I2C_Flush_TXDR
                0x0800ad9a       0x48 ./Drivers/STM32H7xx_HAL_Driver/Src/stm32h7xx_hal_i2c.o
 .text.I2C_DMAMasterReceiveCplt
                0x0800ade2       0x96 ./Drivers/STM32H7xx_HAL_Driver/Src/stm32h7xx_hal_i2c.o
 .text.I2C_DMAError
                0x0800ae78      0x274 ./Drivers/STM32H7xx_HAL_Driver/Src/stm32h7xx_hal_i2c.o
 .text.I2C_DMAAbort
                0x0800b0ec       0x3c ./Drivers/STM32H7xx_HAL_Driver/Src/stm32h7xx_hal_i2c.o
 .text.I2C_WaitOnFlagUntilTimeout
                0x0800b128       0xb2 ./Drivers/STM32H7xx_HAL_Driver/Src/stm32h7xx_hal_i2c.o
 .text.I2C_WaitOnTXISFlagUntilTimeout
                0x0800b1da       0x8e ./Drivers/STM32H7xx_HAL_Driver/Src/stm32h7xx_hal_i2c.o
 .text.I2C_WaitOnSTOPFlagUntilTimeout
                0x0800b268       0x86 ./Drivers/STM32H7xx_HAL_Driver/Src/stm32h7xx_hal_i2c.o
 *fill*         0x0800b2ee        0x2 
 .text.I2C_IsErrorOccurred
                0x0800b2f0      0x1c0 ./Drivers/STM32H7xx_HAL_Driver/Src/stm32h7xx_hal_i2c.o
 .text.I2C_TransferConfig
                0x0800b4b0       0x64 ./Drivers/STM32H7xx_HAL_Driver/Src/stm32h7xx_hal_i2c.o
 .text.I2C_Enable_IRQ
                0x0800b514      0x108 ./Drivers/STM32H7xx_HAL_Driver/Src/stm32h7xx_hal_i2c.o
 .text.I2C_Disable_IRQ
                0x0800b61c       0xbc ./Drivers/STM32H7xx_HAL_Driver/Src/stm32h7xx_hal_i2c.o
 .text.HAL_I2CEx_ConfigAnalogFilter
                0x0800b6d8       0x96 ./Drivers/STM32H7xx_HAL_Driver/Src/stm32h7xx_hal_i2c_ex.o
                0x0800b6d8                HAL_I2CEx_ConfigAnalogFilter
 .text.HAL_I2CEx_ConfigDigitalFilter
                0x0800b76e       0x98 ./Drivers/STM32H7xx_HAL_Driver/Src/stm32h7xx_hal_i2c_ex.o
                0x0800b76e                HAL_I2CEx_ConfigDigitalFilter
 .text.HAL_PCD_Init
                0x0800b806      0x218 ./Drivers/STM32H7xx_HAL_Driver/Src/stm32h7xx_hal_pcd.o
                0x0800b806                HAL_PCD_Init
 .text.HAL_PCD_Start
                0x0800ba1e       0x6a ./Drivers/STM32H7xx_HAL_Driver/Src/stm32h7xx_hal_pcd.o
                0x0800ba1e                HAL_PCD_Start
 .text.HAL_PCD_IRQHandler
                0x0800ba88      0x9d0 ./Drivers/STM32H7xx_HAL_Driver/Src/stm32h7xx_hal_pcd.o
                0x0800ba88                HAL_PCD_IRQHandler
 .text.HAL_PCD_SetAddress
                0x0800c458       0x48 ./Drivers/STM32H7xx_HAL_Driver/Src/stm32h7xx_hal_pcd.o
                0x0800c458                HAL_PCD_SetAddress
 .text.HAL_PCD_EP_Open
                0x0800c4a0       0xd4 ./Drivers/STM32H7xx_HAL_Driver/Src/stm32h7xx_hal_pcd.o
                0x0800c4a0                HAL_PCD_EP_Open
 .text.HAL_PCD_EP_Close
                0x0800c574       0x94 ./Drivers/STM32H7xx_HAL_Driver/Src/stm32h7xx_hal_pcd.o
                0x0800c574                HAL_PCD_EP_Close
 .text.HAL_PCD_EP_Receive
                0x0800c608       0x76 ./Drivers/STM32H7xx_HAL_Driver/Src/stm32h7xx_hal_pcd.o
                0x0800c608                HAL_PCD_EP_Receive
 .text.HAL_PCD_EP_GetRxCount
                0x0800c67e       0x30 ./Drivers/STM32H7xx_HAL_Driver/Src/stm32h7xx_hal_pcd.o
                0x0800c67e                HAL_PCD_EP_GetRxCount
 .text.HAL_PCD_EP_Transmit
                0x0800c6ae       0x74 ./Drivers/STM32H7xx_HAL_Driver/Src/stm32h7xx_hal_pcd.o
                0x0800c6ae                HAL_PCD_EP_Transmit
 .text.HAL_PCD_EP_SetStall
                0x0800c722       0xc6 ./Drivers/STM32H7xx_HAL_Driver/Src/stm32h7xx_hal_pcd.o
                0x0800c722                HAL_PCD_EP_SetStall
 .text.HAL_PCD_EP_ClrStall
                0x0800c7e8       0xac ./Drivers/STM32H7xx_HAL_Driver/Src/stm32h7xx_hal_pcd.o
                0x0800c7e8                HAL_PCD_EP_ClrStall
 .text.HAL_PCD_EP_Abort
                0x0800c894       0x62 ./Drivers/STM32H7xx_HAL_Driver/Src/stm32h7xx_hal_pcd.o
                0x0800c894                HAL_PCD_EP_Abort
 .text.PCD_WriteEmptyTxFifo
                0x0800c8f6      0x118 ./Drivers/STM32H7xx_HAL_Driver/Src/stm32h7xx_hal_pcd.o
 *fill*         0x0800ca0e        0x2 
 .text.PCD_EP_OutXfrComplete_int
                0x0800ca10      0x1d0 ./Drivers/STM32H7xx_HAL_Driver/Src/stm32h7xx_hal_pcd.o
 .text.PCD_EP_OutSetupPacket_int
                0x0800cbe0       0x8c ./Drivers/STM32H7xx_HAL_Driver/Src/stm32h7xx_hal_pcd.o
 .text.HAL_PCDEx_SetTxFiFo
                0x0800cc6c       0x8e ./Drivers/STM32H7xx_HAL_Driver/Src/stm32h7xx_hal_pcd_ex.o
                0x0800cc6c                HAL_PCDEx_SetTxFiFo
 .text.HAL_PCDEx_SetRxFiFo
                0x0800ccfa       0x22 ./Drivers/STM32H7xx_HAL_Driver/Src/stm32h7xx_hal_pcd_ex.o
                0x0800ccfa                HAL_PCDEx_SetRxFiFo
 .text.HAL_PCDEx_ActivateLPM
                0x0800cd1c       0x48 ./Drivers/STM32H7xx_HAL_Driver/Src/stm32h7xx_hal_pcd_ex.o
                0x0800cd1c                HAL_PCDEx_ActivateLPM
 .text.HAL_PCDEx_LPM_Callback
                0x0800cd64       0x18 ./Drivers/STM32H7xx_HAL_Driver/Src/stm32h7xx_hal_pcd_ex.o
                0x0800cd64                HAL_PCDEx_LPM_Callback
 .text.HAL_PWREx_ConfigSupply
                0x0800cd7c       0xb4 ./Drivers/STM32H7xx_HAL_Driver/Src/stm32h7xx_hal_pwr_ex.o
                0x0800cd7c                HAL_PWREx_ConfigSupply
 .text.HAL_PWREx_EnableUSBVoltageDetector
                0x0800ce30       0x20 ./Drivers/STM32H7xx_HAL_Driver/Src/stm32h7xx_hal_pwr_ex.o
                0x0800ce30                HAL_PWREx_EnableUSBVoltageDetector
 .text.HAL_RCC_OscConfig
                0x0800ce50      0x7b4 ./Drivers/STM32H7xx_HAL_Driver/Src/stm32h7xx_hal_rcc.o
                0x0800ce50                HAL_RCC_OscConfig
 .text.HAL_RCC_ClockConfig
                0x0800d604      0x36c ./Drivers/STM32H7xx_HAL_Driver/Src/stm32h7xx_hal_rcc.o
                0x0800d604                HAL_RCC_ClockConfig
 .text.HAL_RCC_GetSysClockFreq
                0x0800d970      0x2f4 ./Drivers/STM32H7xx_HAL_Driver/Src/stm32h7xx_hal_rcc.o
                0x0800d970                HAL_RCC_GetSysClockFreq
 .text.HAL_RCC_GetHCLKFreq
                0x0800dc64       0x60 ./Drivers/STM32H7xx_HAL_Driver/Src/stm32h7xx_hal_rcc.o
                0x0800dc64                HAL_RCC_GetHCLKFreq
 .text.HAL_RCC_GetPCLK1Freq
                0x0800dcc4       0x2c ./Drivers/STM32H7xx_HAL_Driver/Src/stm32h7xx_hal_rcc.o
                0x0800dcc4                HAL_RCC_GetPCLK1Freq
 .text.HAL_RCC_GetPCLK2Freq
                0x0800dcf0       0x2c ./Drivers/STM32H7xx_HAL_Driver/Src/stm32h7xx_hal_rcc.o
                0x0800dcf0                HAL_RCC_GetPCLK2Freq
 .text.HAL_RCCEx_PeriphCLKConfig
                0x0800dd1c     0x1340 ./Drivers/STM32H7xx_HAL_Driver/Src/stm32h7xx_hal_rcc_ex.o
                0x0800dd1c                HAL_RCCEx_PeriphCLKConfig
 .text.HAL_RCCEx_GetD3PCLK1Freq
                0x0800f05c       0x2c ./Drivers/STM32H7xx_HAL_Driver/Src/stm32h7xx_hal_rcc_ex.o
                0x0800f05c                HAL_RCCEx_GetD3PCLK1Freq
 .text.HAL_RCCEx_GetPLL2ClockFreq
                0x0800f088      0x2a8 ./Drivers/STM32H7xx_HAL_Driver/Src/stm32h7xx_hal_rcc_ex.o
                0x0800f088                HAL_RCCEx_GetPLL2ClockFreq
 .text.HAL_RCCEx_GetPLL3ClockFreq
                0x0800f330      0x2a8 ./Drivers/STM32H7xx_HAL_Driver/Src/stm32h7xx_hal_rcc_ex.o
                0x0800f330                HAL_RCCEx_GetPLL3ClockFreq
 .text.RCCEx_PLL2_Config
                0x0800f5d8      0x164 ./Drivers/STM32H7xx_HAL_Driver/Src/stm32h7xx_hal_rcc_ex.o
 .text.RCCEx_PLL3_Config
                0x0800f73c      0x164 ./Drivers/STM32H7xx_HAL_Driver/Src/stm32h7xx_hal_rcc_ex.o
 .text.HAL_UART_Init
                0x0800f8a0       0xa0 ./Drivers/STM32H7xx_HAL_Driver/Src/stm32h7xx_hal_uart.o
                0x0800f8a0                HAL_UART_Init
 .text.HAL_UART_Transmit_DMA
                0x0800f940      0x100 ./Drivers/STM32H7xx_HAL_Driver/Src/stm32h7xx_hal_uart.o
                0x0800f940                HAL_UART_Transmit_DMA
 .text.HAL_UART_Receive_DMA
                0x0800fa40       0x98 ./Drivers/STM32H7xx_HAL_Driver/Src/stm32h7xx_hal_uart.o
                0x0800fa40                HAL_UART_Receive_DMA
 .text.HAL_UART_AbortTransmit_IT
                0x0800fad8      0x134 ./Drivers/STM32H7xx_HAL_Driver/Src/stm32h7xx_hal_uart.o
                0x0800fad8                HAL_UART_AbortTransmit_IT
 .text.HAL_UART_IRQHandler
                0x0800fc0c      0x7ac ./Drivers/STM32H7xx_HAL_Driver/Src/stm32h7xx_hal_uart.o
                0x0800fc0c                HAL_UART_IRQHandler
 .text.HAL_UART_TxHalfCpltCallback
                0x080103b8       0x14 ./Drivers/STM32H7xx_HAL_Driver/Src/stm32h7xx_hal_uart.o
                0x080103b8                HAL_UART_TxHalfCpltCallback
 .text.HAL_UART_RxCpltCallback
                0x080103cc       0x14 ./Drivers/STM32H7xx_HAL_Driver/Src/stm32h7xx_hal_uart.o
                0x080103cc                HAL_UART_RxCpltCallback
 .text.HAL_UART_RxHalfCpltCallback
                0x080103e0       0x14 ./Drivers/STM32H7xx_HAL_Driver/Src/stm32h7xx_hal_uart.o
                0x080103e0                HAL_UART_RxHalfCpltCallback
 .text.HAL_UART_AbortTransmitCpltCallback
                0x080103f4       0x14 ./Drivers/STM32H7xx_HAL_Driver/Src/stm32h7xx_hal_uart.o
                0x080103f4                HAL_UART_AbortTransmitCpltCallback
 .text.HAL_UARTEx_RxEventCallback
                0x08010408       0x18 ./Drivers/STM32H7xx_HAL_Driver/Src/stm32h7xx_hal_uart.o
                0x08010408                HAL_UARTEx_RxEventCallback
 .text.UART_SetConfig
                0x08010420      0xcd8 ./Drivers/STM32H7xx_HAL_Driver/Src/stm32h7xx_hal_uart.o
                0x08010420                UART_SetConfig
 .text.UART_AdvFeatureConfig
                0x080110f8      0x144 ./Drivers/STM32H7xx_HAL_Driver/Src/stm32h7xx_hal_uart.o
                0x080110f8                UART_AdvFeatureConfig
 .text.UART_CheckIdleState
                0x0801123c      0x154 ./Drivers/STM32H7xx_HAL_Driver/Src/stm32h7xx_hal_uart.o
                0x0801123c                UART_CheckIdleState
 .text.UART_WaitOnFlagUntilTimeout
                0x08011390       0xda ./Drivers/STM32H7xx_HAL_Driver/Src/stm32h7xx_hal_uart.o
                0x08011390                UART_WaitOnFlagUntilTimeout
 *fill*         0x0801146a        0x2 
 .text.UART_Start_Receive_DMA
                0x0801146c      0x14c ./Drivers/STM32H7xx_HAL_Driver/Src/stm32h7xx_hal_uart.o
                0x0801146c                UART_Start_Receive_DMA
 .text.UART_EndTxTransfer
                0x080115b8       0x82 ./Drivers/STM32H7xx_HAL_Driver/Src/stm32h7xx_hal_uart.o
 *fill*         0x0801163a        0x2 
 .text.UART_EndRxTransfer
                0x0801163c       0xcc ./Drivers/STM32H7xx_HAL_Driver/Src/stm32h7xx_hal_uart.o
 .text.UART_DMATransmitCplt
                0x08011708       0x96 ./Drivers/STM32H7xx_HAL_Driver/Src/stm32h7xx_hal_uart.o
 .text.UART_DMATxHalfCplt
                0x0801179e       0x1c ./Drivers/STM32H7xx_HAL_Driver/Src/stm32h7xx_hal_uart.o
 *fill*         0x080117ba        0x2 
 .text.UART_DMAReceiveCplt
                0x080117bc      0x24c ./Drivers/STM32H7xx_HAL_Driver/Src/stm32h7xx_hal_uart.o
 .text.UART_DMARxHalfCplt
                0x08011a08      0x160 ./Drivers/STM32H7xx_HAL_Driver/Src/stm32h7xx_hal_uart.o
 .text.UART_DMAError
                0x08011b68       0x70 ./Drivers/STM32H7xx_HAL_Driver/Src/stm32h7xx_hal_uart.o
 .text.UART_DMAAbortOnError
                0x08011bd8       0x1c ./Drivers/STM32H7xx_HAL_Driver/Src/stm32h7xx_hal_uart.o
 .text.UART_DMATxOnlyAbortCallback
                0x08011bf4       0x3e ./Drivers/STM32H7xx_HAL_Driver/Src/stm32h7xx_hal_uart.o
 .text.UART_EndTransmit_IT
                0x08011c32       0x56 ./Drivers/STM32H7xx_HAL_Driver/Src/stm32h7xx_hal_uart.o
 .text.HAL_UARTEx_WakeupCallback
                0x08011c88       0x14 ./Drivers/STM32H7xx_HAL_Driver/Src/stm32h7xx_hal_uart_ex.o
                0x08011c88                HAL_UARTEx_WakeupCallback
 .text.HAL_UARTEx_RxFifoFullCallback
                0x08011c9c       0x14 ./Drivers/STM32H7xx_HAL_Driver/Src/stm32h7xx_hal_uart_ex.o
                0x08011c9c                HAL_UARTEx_RxFifoFullCallback
 .text.HAL_UARTEx_TxFifoEmptyCallback
                0x08011cb0       0x14 ./Drivers/STM32H7xx_HAL_Driver/Src/stm32h7xx_hal_uart_ex.o
                0x08011cb0                HAL_UARTEx_TxFifoEmptyCallback
 .text.HAL_UARTEx_DisableFifoMode
                0x08011cc4       0x72 ./Drivers/STM32H7xx_HAL_Driver/Src/stm32h7xx_hal_uart_ex.o
                0x08011cc4                HAL_UARTEx_DisableFifoMode
 .text.HAL_UARTEx_SetTxFifoThreshold
                0x08011d36       0x7c ./Drivers/STM32H7xx_HAL_Driver/Src/stm32h7xx_hal_uart_ex.o
                0x08011d36                HAL_UARTEx_SetTxFifoThreshold
 .text.HAL_UARTEx_SetRxFifoThreshold
                0x08011db2       0x7c ./Drivers/STM32H7xx_HAL_Driver/Src/stm32h7xx_hal_uart_ex.o
                0x08011db2                HAL_UARTEx_SetRxFifoThreshold
 *fill*         0x08011e2e        0x2 
 .text.UARTEx_SetNbDataToProcess
                0x08011e30       0x9c ./Drivers/STM32H7xx_HAL_Driver/Src/stm32h7xx_hal_uart_ex.o
 .text.USB_CoreInit
                0x08011ecc       0xf0 ./Drivers/STM32H7xx_HAL_Driver/Src/stm32h7xx_ll_usb.o
                0x08011ecc                USB_CoreInit
 .text.USB_SetTurnaroundTime
                0x08011fbc      0x144 ./Drivers/STM32H7xx_HAL_Driver/Src/stm32h7xx_ll_usb.o
                0x08011fbc                USB_SetTurnaroundTime
 .text.USB_EnableGlobalInt
                0x08012100       0x22 ./Drivers/STM32H7xx_HAL_Driver/Src/stm32h7xx_ll_usb.o
                0x08012100                USB_EnableGlobalInt
 .text.USB_DisableGlobalInt
                0x08012122       0x22 ./Drivers/STM32H7xx_HAL_Driver/Src/stm32h7xx_ll_usb.o
                0x08012122                USB_DisableGlobalInt
 .text.USB_SetCurrentMode
                0x08012144       0x98 ./Drivers/STM32H7xx_HAL_Driver/Src/stm32h7xx_ll_usb.o
                0x08012144                USB_SetCurrentMode
 .text.USB_DevInit
                0x080121dc      0x2bc ./Drivers/STM32H7xx_HAL_Driver/Src/stm32h7xx_ll_usb.o
                0x080121dc                USB_DevInit
 .text.USB_FlushTxFifo
                0x08012498       0x64 ./Drivers/STM32H7xx_HAL_Driver/Src/stm32h7xx_ll_usb.o
                0x08012498                USB_FlushTxFifo
 .text.USB_FlushRxFifo
                0x080124fc       0x5c ./Drivers/STM32H7xx_HAL_Driver/Src/stm32h7xx_ll_usb.o
                0x080124fc                USB_FlushRxFifo
 .text.USB_SetDevSpeed
                0x08012558       0x32 ./Drivers/STM32H7xx_HAL_Driver/Src/stm32h7xx_ll_usb.o
                0x08012558                USB_SetDevSpeed
 .text.USB_GetDevSpeed
                0x0801258a       0x4a ./Drivers/STM32H7xx_HAL_Driver/Src/stm32h7xx_ll_usb.o
                0x0801258a                USB_GetDevSpeed
 .text.USB_ActivateEndpoint
                0x080125d4      0x110 ./Drivers/STM32H7xx_HAL_Driver/Src/stm32h7xx_ll_usb.o
                0x080125d4                USB_ActivateEndpoint
 .text.USB_DeactivateEndpoint
                0x080126e4      0x1b8 ./Drivers/STM32H7xx_HAL_Driver/Src/stm32h7xx_ll_usb.o
                0x080126e4                USB_DeactivateEndpoint
 .text.USB_EPStartXfer
                0x0801289c      0x548 ./Drivers/STM32H7xx_HAL_Driver/Src/stm32h7xx_ll_usb.o
                0x0801289c                USB_EPStartXfer
 .text.USB_EPStopXfer
                0x08012de4      0x1fa ./Drivers/STM32H7xx_HAL_Driver/Src/stm32h7xx_ll_usb.o
                0x08012de4                USB_EPStopXfer
 .text.USB_EPSetStall
                0x08012fde       0xdc ./Drivers/STM32H7xx_HAL_Driver/Src/stm32h7xx_ll_usb.o
                0x08012fde                USB_EPSetStall
 .text.USB_EPClearStall
                0x080130ba       0xcc ./Drivers/STM32H7xx_HAL_Driver/Src/stm32h7xx_ll_usb.o
                0x080130ba                USB_EPClearStall
 .text.USB_WritePacket
                0x08013186       0x7c ./Drivers/STM32H7xx_HAL_Driver/Src/stm32h7xx_ll_usb.o
                0x08013186                USB_WritePacket
 .text.USB_ReadPacket
                0x08013202       0xb0 ./Drivers/STM32H7xx_HAL_Driver/Src/stm32h7xx_ll_usb.o
                0x08013202                USB_ReadPacket
 .text.USB_SetDevAddress
                0x080132b2       0x4c ./Drivers/STM32H7xx_HAL_Driver/Src/stm32h7xx_ll_usb.o
                0x080132b2                USB_SetDevAddress
 .text.USB_DevConnect
                0x080132fe       0x42 ./Drivers/STM32H7xx_HAL_Driver/Src/stm32h7xx_ll_usb.o
                0x080132fe                USB_DevConnect
 .text.USB_DevDisconnect
                0x08013340       0x42 ./Drivers/STM32H7xx_HAL_Driver/Src/stm32h7xx_ll_usb.o
                0x08013340                USB_DevDisconnect
 .text.USB_ReadInterrupts
                0x08013382       0x26 ./Drivers/STM32H7xx_HAL_Driver/Src/stm32h7xx_ll_usb.o
                0x08013382                USB_ReadInterrupts
 .text.USB_ReadDevAllOutEpInterrupt
                0x080133a8       0x34 ./Drivers/STM32H7xx_HAL_Driver/Src/stm32h7xx_ll_usb.o
                0x080133a8                USB_ReadDevAllOutEpInterrupt
 .text.USB_ReadDevAllInEpInterrupt
                0x080133dc       0x34 ./Drivers/STM32H7xx_HAL_Driver/Src/stm32h7xx_ll_usb.o
                0x080133dc                USB_ReadDevAllInEpInterrupt
 .text.USB_ReadDevOutEPInterrupt
                0x08013410       0x3c ./Drivers/STM32H7xx_HAL_Driver/Src/stm32h7xx_ll_usb.o
                0x08013410                USB_ReadDevOutEPInterrupt
 .text.USB_ReadDevInEPInterrupt
                0x0801344c       0x5c ./Drivers/STM32H7xx_HAL_Driver/Src/stm32h7xx_ll_usb.o
                0x0801344c                USB_ReadDevInEPInterrupt
 .text.USB_GetMode
                0x080134a8       0x1c ./Drivers/STM32H7xx_HAL_Driver/Src/stm32h7xx_ll_usb.o
                0x080134a8                USB_GetMode
 .text.USB_ActivateSetup
                0x080134c4       0x48 ./Drivers/STM32H7xx_HAL_Driver/Src/stm32h7xx_ll_usb.o
                0x080134c4                USB_ActivateSetup
 .text.USB_EP0_OutStart
                0x0801350c       0xbc ./Drivers/STM32H7xx_HAL_Driver/Src/stm32h7xx_ll_usb.o
                0x0801350c                USB_EP0_OutStart
 .text.USB_CoreReset
                0x080135c8       0x70 ./Drivers/STM32H7xx_HAL_Driver/Src/stm32h7xx_ll_usb.o
 .text.USBD_CDC_Init
                0x08013638      0x1f0 ./Middlewares/ST/STM32_USB_Device_Library/Class/CDC/Src/usbd_cdc.o
 .text.USBD_CDC_DeInit
                0x08013828      0x104 ./Middlewares/ST/STM32_USB_Device_Library/Class/CDC/Src/usbd_cdc.o
 .text.USBD_CDC_Setup
                0x0801392c      0x1b8 ./Middlewares/ST/STM32_USB_Device_Library/Class/CDC/Src/usbd_cdc.o
 .text.USBD_CDC_DataIn
                0x08013ae4       0xfe ./Middlewares/ST/STM32_USB_Device_Library/Class/CDC/Src/usbd_cdc.o
 .text.USBD_CDC_DataOut
                0x08013be2       0x70 ./Middlewares/ST/STM32_USB_Device_Library/Class/CDC/Src/usbd_cdc.o
 .text.USBD_CDC_EP0_RxReady
                0x08013c52       0x74 ./Middlewares/ST/STM32_USB_Device_Library/Class/CDC/Src/usbd_cdc.o
 *fill*         0x08013cc6        0x2 
 .text.USBD_CDC_GetFSCfgDesc
                0x08013cc8       0x70 ./Middlewares/ST/STM32_USB_Device_Library/Class/CDC/Src/usbd_cdc.o
 .text.USBD_CDC_GetHSCfgDesc
                0x08013d38       0x70 ./Middlewares/ST/STM32_USB_Device_Library/Class/CDC/Src/usbd_cdc.o
 .text.USBD_CDC_GetOtherSpeedCfgDesc
                0x08013da8       0x70 ./Middlewares/ST/STM32_USB_Device_Library/Class/CDC/Src/usbd_cdc.o
 .text.USBD_CDC_GetDeviceQualifierDescriptor
                0x08013e18       0x20 ./Middlewares/ST/STM32_USB_Device_Library/Class/CDC/Src/usbd_cdc.o
                0x08013e18                USBD_CDC_GetDeviceQualifierDescriptor
 .text.USBD_CDC_RegisterInterface
                0x08013e38       0x34 ./Middlewares/ST/STM32_USB_Device_Library/Class/CDC/Src/usbd_cdc.o
                0x08013e38                USBD_CDC_RegisterInterface
 .text.USBD_CDC_SetTxBuffer
                0x08013e6c       0x44 ./Middlewares/ST/STM32_USB_Device_Library/Class/CDC/Src/usbd_cdc.o
                0x08013e6c                USBD_CDC_SetTxBuffer
 .text.USBD_CDC_SetRxBuffer
                0x08013eb0       0x3a ./Middlewares/ST/STM32_USB_Device_Library/Class/CDC/Src/usbd_cdc.o
                0x08013eb0                USBD_CDC_SetRxBuffer
 *fill*         0x08013eea        0x2 
 .text.USBD_CDC_ReceivePacket
                0x08013eec       0x6c ./Middlewares/ST/STM32_USB_Device_Library/Class/CDC/Src/usbd_cdc.o
                0x08013eec                USBD_CDC_ReceivePacket
 .text.USBD_Init
                0x08013f58       0x60 ./Middlewares/ST/STM32_USB_Device_Library/Core/Src/usbd_core.o
                0x08013f58                USBD_Init
 .text.USBD_RegisterClass
                0x08013fb8       0x6c ./Middlewares/ST/STM32_USB_Device_Library/Core/Src/usbd_core.o
                0x08013fb8                USBD_RegisterClass
 .text.USBD_Start
                0x08014024       0x18 ./Middlewares/ST/STM32_USB_Device_Library/Core/Src/usbd_core.o
                0x08014024                USBD_Start
 .text.USBD_RunTestMode
                0x0801403c       0x16 ./Middlewares/ST/STM32_USB_Device_Library/Core/Src/usbd_core.o
                0x0801403c                USBD_RunTestMode
 .text.USBD_SetClassConfig
                0x08014052       0x38 ./Middlewares/ST/STM32_USB_Device_Library/Core/Src/usbd_core.o
                0x08014052                USBD_SetClassConfig
 .text.USBD_ClrClassConfig
                0x0801408a       0x34 ./Middlewares/ST/STM32_USB_Device_Library/Core/Src/usbd_core.o
                0x0801408a                USBD_ClrClassConfig
 .text.USBD_LL_SetupStage
                0x080140be       0xaa ./Middlewares/ST/STM32_USB_Device_Library/Core/Src/usbd_core.o
                0x080140be                USBD_LL_SetupStage
 .text.USBD_LL_DataOutStage
                0x08014168      0x178 ./Middlewares/ST/STM32_USB_Device_Library/Core/Src/usbd_core.o
                0x08014168                USBD_LL_DataOutStage
 .text.USBD_LL_DataInStage
                0x080142e0      0x176 ./Middlewares/ST/STM32_USB_Device_Library/Core/Src/usbd_core.o
                0x080142e0                USBD_LL_DataInStage
 .text.USBD_LL_Reset
                0x08014456       0xa6 ./Middlewares/ST/STM32_USB_Device_Library/Core/Src/usbd_core.o
                0x08014456                USBD_LL_Reset
 .text.USBD_LL_SetSpeed
                0x080144fc       0x20 ./Middlewares/ST/STM32_USB_Device_Library/Core/Src/usbd_core.o
                0x080144fc                USBD_LL_SetSpeed
 .text.USBD_LL_Suspend
                0x0801451c       0x38 ./Middlewares/ST/STM32_USB_Device_Library/Core/Src/usbd_core.o
                0x0801451c                USBD_LL_Suspend
 .text.USBD_LL_Resume
                0x08014554       0x30 ./Middlewares/ST/STM32_USB_Device_Library/Core/Src/usbd_core.o
                0x08014554                USBD_LL_Resume
 .text.USBD_LL_SOF
                0x08014584       0x40 ./Middlewares/ST/STM32_USB_Device_Library/Core/Src/usbd_core.o
                0x08014584                USBD_LL_SOF
 .text.USBD_LL_IsoINIncomplete
                0x080145c4       0x64 ./Middlewares/ST/STM32_USB_Device_Library/Core/Src/usbd_core.o
                0x080145c4                USBD_LL_IsoINIncomplete
 .text.USBD_LL_IsoOUTIncomplete
                0x08014628       0x64 ./Middlewares/ST/STM32_USB_Device_Library/Core/Src/usbd_core.o
                0x08014628                USBD_LL_IsoOUTIncomplete
 .text.USBD_LL_DevConnected
                0x0801468c       0x16 ./Middlewares/ST/STM32_USB_Device_Library/Core/Src/usbd_core.o
                0x0801468c                USBD_LL_DevConnected
 .text.USBD_LL_DevDisconnected
                0x080146a2       0x46 ./Middlewares/ST/STM32_USB_Device_Library/Core/Src/usbd_core.o
                0x080146a2                USBD_LL_DevDisconnected
 .text.USBD_CoreFindIF
                0x080146e8       0x1a ./Middlewares/ST/STM32_USB_Device_Library/Core/Src/usbd_core.o
                0x080146e8                USBD_CoreFindIF
 .text.USBD_CoreFindEP
                0x08014702       0x1a ./Middlewares/ST/STM32_USB_Device_Library/Core/Src/usbd_core.o
                0x08014702                USBD_CoreFindEP
 .text.USBD_GetEpDesc
                0x0801471c       0x70 ./Middlewares/ST/STM32_USB_Device_Library/Core/Src/usbd_core.o
                0x0801471c                USBD_GetEpDesc
 .text.USBD_GetNextDesc
                0x0801478c       0x38 ./Middlewares/ST/STM32_USB_Device_Library/Core/Src/usbd_core.o
                0x0801478c                USBD_GetNextDesc
 .text.SWAPBYTE
                0x080147c4       0x3e ./Middlewares/ST/STM32_USB_Device_Library/Core/Src/usbd_ctlreq.o
 *fill*         0x08014802        0x2 
 .text.USBD_StdDevReq
                0x08014804       0xe4 ./Middlewares/ST/STM32_USB_Device_Library/Core/Src/usbd_ctlreq.o
                0x08014804                USBD_StdDevReq
 .text.USBD_StdItfReq
                0x080148e8       0xd8 ./Middlewares/ST/STM32_USB_Device_Library/Core/Src/usbd_ctlreq.o
                0x080148e8                USBD_StdItfReq
 .text.USBD_StdEPReq
                0x080149c0      0x33e ./Middlewares/ST/STM32_USB_Device_Library/Core/Src/usbd_ctlreq.o
                0x080149c0                USBD_StdEPReq
 *fill*         0x08014cfe        0x2 
 .text.USBD_GetDescriptor
                0x08014d00      0x328 ./Middlewares/ST/STM32_USB_Device_Library/Core/Src/usbd_ctlreq.o
 .text.USBD_SetAddress
                0x08015028       0x88 ./Middlewares/ST/STM32_USB_Device_Library/Core/Src/usbd_ctlreq.o
 .text.USBD_SetConfig
                0x080150b0      0x154 ./Middlewares/ST/STM32_USB_Device_Library/Core/Src/usbd_ctlreq.o
 .text.USBD_GetConfig
                0x08015204       0x6c ./Middlewares/ST/STM32_USB_Device_Library/Core/Src/usbd_ctlreq.o
 .text.USBD_GetStatus
                0x08015270       0x68 ./Middlewares/ST/STM32_USB_Device_Library/Core/Src/usbd_ctlreq.o
 .text.USBD_SetFeature
                0x080152d8       0x52 ./Middlewares/ST/STM32_USB_Device_Library/Core/Src/usbd_ctlreq.o
 .text.USBD_ClrFeature
                0x0801532a       0x44 ./Middlewares/ST/STM32_USB_Device_Library/Core/Src/usbd_ctlreq.o
 .text.USBD_ParseSetupRequest
                0x0801536e       0x74 ./Middlewares/ST/STM32_USB_Device_Library/Core/Src/usbd_ctlreq.o
                0x0801536e                USBD_ParseSetupRequest
 .text.USBD_CtlError
                0x080153e2       0x22 ./Middlewares/ST/STM32_USB_Device_Library/Core/Src/usbd_ctlreq.o
                0x080153e2                USBD_CtlError
 .text.USBD_GetString
                0x08015404       0xa4 ./Middlewares/ST/STM32_USB_Device_Library/Core/Src/usbd_ctlreq.o
                0x08015404                USBD_GetString
 .text.USBD_GetLen
                0x080154a8       0x34 ./Middlewares/ST/STM32_USB_Device_Library/Core/Src/usbd_ctlreq.o
 .text.USBD_CtlSendData
                0x080154dc       0x3c ./Middlewares/ST/STM32_USB_Device_Library/Core/Src/usbd_ioreq.o
                0x080154dc                USBD_CtlSendData
 .text.USBD_CtlContinueSendData
                0x08015518       0x22 ./Middlewares/ST/STM32_USB_Device_Library/Core/Src/usbd_ioreq.o
                0x08015518                USBD_CtlContinueSendData
 .text.USBD_CtlPrepareRx
                0x0801553a       0x42 ./Middlewares/ST/STM32_USB_Device_Library/Core/Src/usbd_ioreq.o
                0x0801553a                USBD_CtlPrepareRx
 .text.USBD_CtlContinueRx
                0x0801557c       0x22 ./Middlewares/ST/STM32_USB_Device_Library/Core/Src/usbd_ioreq.o
                0x0801557c                USBD_CtlContinueRx
 .text.USBD_CtlSendStatus
                0x0801559e       0x26 ./Middlewares/ST/STM32_USB_Device_Library/Core/Src/usbd_ioreq.o
                0x0801559e                USBD_CtlSendStatus
 .text.USBD_CtlReceiveStatus
                0x080155c4       0x26 ./Middlewares/ST/STM32_USB_Device_Library/Core/Src/usbd_ioreq.o
                0x080155c4                USBD_CtlReceiveStatus
 *fill*         0x080155ea        0x2 
 .text.MX_USB_DEVICE_Init
                0x080155ec       0x64 ./USB_DEVICE/App/usb_device.o
                0x080155ec                MX_USB_DEVICE_Init
 .text.CDC_Init_HS
                0x08015650       0x28 ./USB_DEVICE/App/usbd_cdc_if.o
 .text.CDC_DeInit_HS
                0x08015678       0x10 ./USB_DEVICE/App/usbd_cdc_if.o
 .text.CDC_Control_HS
                0x08015688       0xbc ./USB_DEVICE/App/usbd_cdc_if.o
 .text.CDC_Receive_HS
                0x08015744       0x28 ./USB_DEVICE/App/usbd_cdc_if.o
 .text.CDC_TransmitCplt_HS
                0x0801576c       0x22 ./USB_DEVICE/App/usbd_cdc_if.o
 *fill*         0x0801578e        0x2 
 .text.USBD_HS_DeviceDescriptor
                0x08015790       0x24 ./USB_DEVICE/App/usbd_desc.o
                0x08015790                USBD_HS_DeviceDescriptor
 .text.USBD_HS_LangIDStrDescriptor
                0x080157b4       0x24 ./USB_DEVICE/App/usbd_desc.o
                0x080157b4                USBD_HS_LangIDStrDescriptor
 .text.USBD_HS_ProductStrDescriptor
                0x080157d8       0x3c ./USB_DEVICE/App/usbd_desc.o
                0x080157d8                USBD_HS_ProductStrDescriptor
 .text.USBD_HS_ManufacturerStrDescriptor
                0x08015814       0x28 ./USB_DEVICE/App/usbd_desc.o
                0x08015814                USBD_HS_ManufacturerStrDescriptor
 .text.USBD_HS_SerialStrDescriptor
                0x0801583c       0x24 ./USB_DEVICE/App/usbd_desc.o
                0x0801583c                USBD_HS_SerialStrDescriptor
 .text.USBD_HS_ConfigStrDescriptor
                0x08015860       0x3c ./USB_DEVICE/App/usbd_desc.o
                0x08015860                USBD_HS_ConfigStrDescriptor
 .text.USBD_HS_InterfaceStrDescriptor
                0x0801589c       0x3c ./USB_DEVICE/App/usbd_desc.o
                0x0801589c                USBD_HS_InterfaceStrDescriptor
 .text.Get_SerialNum
                0x080158d8       0x58 ./USB_DEVICE/App/usbd_desc.o
 .text.IntToUnicode
                0x08015930       0x7e ./USB_DEVICE/App/usbd_desc.o
 *fill*         0x080159ae        0x2 
 .text.HAL_PCD_MspInit
                0x080159b0       0x8c ./USB_DEVICE/Target/usbd_conf.o
                0x080159b0                HAL_PCD_MspInit
 .text.HAL_PCD_SetupStageCallback
                0x08015a3c       0x24 ./USB_DEVICE/Target/usbd_conf.o
                0x08015a3c                HAL_PCD_SetupStageCallback
 .text.HAL_PCD_DataOutStageCallback
                0x08015a60       0x36 ./USB_DEVICE/Target/usbd_conf.o
                0x08015a60                HAL_PCD_DataOutStageCallback
 .text.HAL_PCD_DataInStageCallback
                0x08015a96       0x34 ./USB_DEVICE/Target/usbd_conf.o
                0x08015a96                HAL_PCD_DataInStageCallback
 .text.HAL_PCD_SOFCallback
                0x08015aca       0x1c ./USB_DEVICE/Target/usbd_conf.o
                0x08015aca                HAL_PCD_SOFCallback
 .text.HAL_PCD_ResetCallback
                0x08015ae6       0x50 ./USB_DEVICE/Target/usbd_conf.o
                0x08015ae6                HAL_PCD_ResetCallback
 *fill*         0x08015b36        0x2 
 .text.HAL_PCD_SuspendCallback
                0x08015b38       0x4c ./USB_DEVICE/Target/usbd_conf.o
                0x08015b38                HAL_PCD_SuspendCallback
 .text.HAL_PCD_ResumeCallback
                0x08015b84       0x1c ./USB_DEVICE/Target/usbd_conf.o
                0x08015b84                HAL_PCD_ResumeCallback
 .text.HAL_PCD_ISOOUTIncompleteCallback
                0x08015ba0       0x24 ./USB_DEVICE/Target/usbd_conf.o
                0x08015ba0                HAL_PCD_ISOOUTIncompleteCallback
 .text.HAL_PCD_ISOINIncompleteCallback
                0x08015bc4       0x24 ./USB_DEVICE/Target/usbd_conf.o
                0x08015bc4                HAL_PCD_ISOINIncompleteCallback
 .text.HAL_PCD_ConnectCallback
                0x08015be8       0x1c ./USB_DEVICE/Target/usbd_conf.o
                0x08015be8                HAL_PCD_ConnectCallback
 .text.HAL_PCD_DisconnectCallback
                0x08015c04       0x1c ./USB_DEVICE/Target/usbd_conf.o
                0x08015c04                HAL_PCD_DisconnectCallback
 .text.USBD_LL_Init
                0x08015c20       0xa4 ./USB_DEVICE/Target/usbd_conf.o
                0x08015c20                USBD_LL_Init
 .text.USBD_LL_Start
                0x08015cc4       0x36 ./USB_DEVICE/Target/usbd_conf.o
                0x08015cc4                USBD_LL_Start
 .text.USBD_LL_OpenEP
                0x08015cfa       0x4c ./USB_DEVICE/Target/usbd_conf.o
                0x08015cfa                USBD_LL_OpenEP
 .text.USBD_LL_CloseEP
                0x08015d46       0x3e ./USB_DEVICE/Target/usbd_conf.o
                0x08015d46                USBD_LL_CloseEP
 .text.USBD_LL_StallEP
                0x08015d84       0x3e ./USB_DEVICE/Target/usbd_conf.o
                0x08015d84                USBD_LL_StallEP
 .text.USBD_LL_ClearStallEP
                0x08015dc2       0x3e ./USB_DEVICE/Target/usbd_conf.o
                0x08015dc2                USBD_LL_ClearStallEP
 .text.USBD_LL_IsStallEP
                0x08015e00       0x58 ./USB_DEVICE/Target/usbd_conf.o
                0x08015e00                USBD_LL_IsStallEP
 .text.USBD_LL_SetUSBAddress
                0x08015e58       0x3e ./USB_DEVICE/Target/usbd_conf.o
                0x08015e58                USBD_LL_SetUSBAddress
 .text.USBD_LL_Transmit
                0x08015e96       0x42 ./USB_DEVICE/Target/usbd_conf.o
                0x08015e96                USBD_LL_Transmit
 .text.USBD_LL_PrepareReceive
                0x08015ed8       0x42 ./USB_DEVICE/Target/usbd_conf.o
                0x08015ed8                USBD_LL_PrepareReceive
 .text.USBD_LL_GetRxDataSize
                0x08015f1a       0x26 ./USB_DEVICE/Target/usbd_conf.o
                0x08015f1a                USBD_LL_GetRxDataSize
 .text.USBD_static_malloc
                0x08015f40       0x1c ./USB_DEVICE/Target/usbd_conf.o
                0x08015f40                USBD_static_malloc
 .text.USBD_static_free
                0x08015f5c       0x14 ./USB_DEVICE/Target/usbd_conf.o
                0x08015f5c                USBD_static_free
 .text.USBD_Get_USB_Status
                0x08015f70       0x58 ./USB_DEVICE/Target/usbd_conf.o
                0x08015f70                USBD_Get_USB_Status
 .text.memset   0x08015fc8       0x10 D:/STM32CubeIDE/STM32CubeIDE_1.19.0/STM32CubeIDE/plugins/com.st.stm32cube.ide.mcu.externaltools.gnu-tools-for-stm32.13.3.rel1.win32_1.0.0.202411081344/tools/bin/../lib/gcc/arm-none-eabi/13.3.1/../../../../arm-none-eabi/lib/thumb/v7e-m+dp/hard\libc_nano.a(libc_a-memset.o)
                0x08015fc8                memset
 .text.__libc_init_array
                0x08015fd8       0x48 D:/STM32CubeIDE/STM32CubeIDE_1.19.0/STM32CubeIDE/plugins/com.st.stm32cube.ide.mcu.externaltools.gnu-tools-for-stm32.13.3.rel1.win32_1.0.0.202411081344/tools/bin/../lib/gcc/arm-none-eabi/13.3.1/../../../../arm-none-eabi/lib/thumb/v7e-m+dp/hard\libc_nano.a(libc_a-init.o)
                0x08015fd8                __libc_init_array
 .text.memcpy   0x08016020       0x1c D:/STM32CubeIDE/STM32CubeIDE_1.19.0/STM32CubeIDE/plugins/com.st.stm32cube.ide.mcu.externaltools.gnu-tools-for-stm32.13.3.rel1.win32_1.0.0.202411081344/tools/bin/../lib/gcc/arm-none-eabi/13.3.1/../../../../arm-none-eabi/lib/thumb/v7e-m+dp/hard\libc_nano.a(libc_a-memcpy-stub.o)
                0x08016020                memcpy
 *(.glue_7)
 .glue_7        0x0801603c        0x0 linker stubs
 *(.glue_7t)
 .glue_7t       0x0801603c        0x0 linker stubs
 *(.eh_frame)
 .eh_frame      0x0801603c        0x0 D:/STM32CubeIDE/STM32CubeIDE_1.19.0/STM32CubeIDE/plugins/com.st.stm32cube.ide.mcu.externaltools.gnu-tools-for-stm32.13.3.rel1.win32_1.0.0.202411081344/tools/bin/../lib/gcc/arm-none-eabi/13.3.1/thumb/v7e-m+dp/hard/crtbegin.o
 *(.init)
 .init          0x0801603c        0x4 D:/STM32CubeIDE/STM32CubeIDE_1.19.0/STM32CubeIDE/plugins/com.st.stm32cube.ide.mcu.externaltools.gnu-tools-for-stm32.13.3.rel1.win32_1.0.0.202411081344/tools/bin/../lib/gcc/arm-none-eabi/13.3.1/thumb/v7e-m+dp/hard/crti.o
                0x0801603c                _init
 .init          0x08016040        0x8 D:/STM32CubeIDE/STM32CubeIDE_1.19.0/STM32CubeIDE/plugins/com.st.stm32cube.ide.mcu.externaltools.gnu-tools-for-stm32.13.3.rel1.win32_1.0.0.202411081344/tools/bin/../lib/gcc/arm-none-eabi/13.3.1/thumb/v7e-m+dp/hard/crtn.o
 *(.fini)
 .fini          0x08016048        0x4 D:/STM32CubeIDE/STM32CubeIDE_1.19.0/STM32CubeIDE/plugins/com.st.stm32cube.ide.mcu.externaltools.gnu-tools-for-stm32.13.3.rel1.win32_1.0.0.202411081344/tools/bin/../lib/gcc/arm-none-eabi/13.3.1/thumb/v7e-m+dp/hard/crti.o
                0x08016048                _fini
 .fini          0x0801604c        0x8 D:/STM32CubeIDE/STM32CubeIDE_1.19.0/STM32CubeIDE/plugins/com.st.stm32cube.ide.mcu.externaltools.gnu-tools-for-stm32.13.3.rel1.win32_1.0.0.202411081344/tools/bin/../lib/gcc/arm-none-eabi/13.3.1/thumb/v7e-m+dp/hard/crtn.o
                0x08016054                        . = ALIGN (0x4)
                0x08016054                        _etext = .

.vfp11_veneer   0x08016054        0x0
 .vfp11_veneer  0x08016054        0x0 linker stubs

.v4_bx          0x08016054        0x0
 .v4_bx         0x08016054        0x0 linker stubs

.iplt           0x08016054        0x0
 .iplt          0x08016054        0x0 D:/STM32CubeIDE/STM32CubeIDE_1.19.0/STM32CubeIDE/plugins/com.st.stm32cube.ide.mcu.externaltools.gnu-tools-for-stm32.13.3.rel1.win32_1.0.0.202411081344/tools/bin/../lib/gcc/arm-none-eabi/13.3.1/thumb/v7e-m+dp/hard/crtbegin.o

.rodata         0x08016054       0xa4
                0x08016054                        . = ALIGN (0x4)
 *(.rodata)
 .rodata        0x08016054       0x14 ./Core/Src/ina228_driver.o
 *(.rodata*)
 .rodata.s_seq_full
                0x08016068        0x8 ./Core/Src/ina228_driver.o
 .rodata.D1CorePrescTable
                0x08016070       0x10 ./Core/Src/system_stm32h7xx.o
                0x08016070                D1CorePrescTable
 .rodata.flagBitshiftOffset.0
                0x08016080        0x8 ./Drivers/STM32H7xx_HAL_Driver/Src/stm32h7xx_hal_dma.o
 .rodata.UARTPrescTable
                0x08016088       0x18 ./Drivers/STM32H7xx_HAL_Driver/Src/stm32h7xx_hal_uart.o
                0x08016088                UARTPrescTable
 .rodata.numerator.1
                0x080160a0        0x8 ./Drivers/STM32H7xx_HAL_Driver/Src/stm32h7xx_hal_uart_ex.o
 .rodata.denominator.0
                0x080160a8        0x8 ./Drivers/STM32H7xx_HAL_Driver/Src/stm32h7xx_hal_uart_ex.o
 .rodata.USBD_HS_ProductStrDescriptor.str1.4
                0x080160b0       0x46 ./USB_DEVICE/App/usbd_desc.o
                                 0x16 (size before relaxing)
 .rodata.USBD_HS_ManufacturerStrDescriptor.str1.4
                0x080160f6       0x13 ./USB_DEVICE/App/usbd_desc.o
 .rodata.USBD_HS_ConfigStrDescriptor.str1.4
                0x080160f6        0xb ./USB_DEVICE/App/usbd_desc.o
 .rodata.USBD_HS_InterfaceStrDescriptor.str1.4
                0x080160f6        0xe ./USB_DEVICE/App/usbd_desc.o
                0x0801610c                        . = ALIGN (0x4)
 *fill*         0x080160f6        0x2 

.ARM.extab
 *(.ARM.extab* .gnu.linkonce.armextab.*)

.ARM            0x080160f8        0x8
                0x080160f8                        __exidx_start = .
 *(.ARM.exidx*)
 .ARM.exidx     0x080160f8        0x8 D:/STM32CubeIDE/STM32CubeIDE_1.19.0/STM32CubeIDE/plugins/com.st.stm32cube.ide.mcu.externaltools.gnu-tools-for-stm32.13.3.rel1.win32_1.0.0.202411081344/tools/bin/../lib/gcc/arm-none-eabi/13.3.1/thumb/v7e-m+dp/hard\libgcc.a(_udivmoddi4.o)
                0x08016100                        __exidx_end = .

.preinit_array  0x08016100        0x0
                0x08016100                        PROVIDE (__preinit_array_start = .)
 *(.preinit_array*)
                0x08016100                        PROVIDE (__preinit_array_end = .)

.init_array     0x08016100        0x4
                0x08016100                        PROVIDE (__init_array_start = .)
 *(SORT_BY_NAME(.init_array.*))
 *(.init_array*)
 .init_array    0x08016100        0x4 D:/STM32CubeIDE/STM32CubeIDE_1.19.0/STM32CubeIDE/plugins/com.st.stm32cube.ide.mcu.externaltools.gnu-tools-for-stm32.13.3.rel1.win32_1.0.0.202411081344/tools/bin/../lib/gcc/arm-none-eabi/13.3.1/thumb/v7e-m+dp/hard/crtbegin.o
                0x08016104                        PROVIDE (__init_array_end = .)

.fini_array     0x08016104        0x4
                [!provide]                        PROVIDE (__fini_array_start = .)
 *(SORT_BY_NAME(.fini_array.*))
 *(.fini_array*)
 .fini_array    0x08016104        0x4 D:/STM32CubeIDE/STM32CubeIDE_1.19.0/STM32CubeIDE/plugins/com.st.stm32cube.ide.mcu.externaltools.gnu-tools-for-stm32.13.3.rel1.win32_1.0.0.202411081344/tools/bin/../lib/gcc/arm-none-eabi/13.3.1/thumb/v7e-m+dp/hard/crtbegin.o
                [!provide]                        PROVIDE (__fini_array_end = .)
                0x08016108                        _sidata = LOADADDR (.data)

.rel.dyn        0x08016108        0x0
 .rel.iplt      0x08016108        0x0 D:/STM32CubeIDE/STM32CubeIDE_1.19.0/STM32CubeIDE/plugins/com.st.stm32cube.ide.mcu.externaltools.gnu-tools-for-stm32.13.3.rel1.win32_1.0.0.202411081344/tools/bin/../lib/gcc/arm-none-eabi/13.3.1/thumb/v7e-m+dp/hard/crtbegin.o

.data           0x24000000      0x2e8 load address 0x08016108
                0x24000000                        . = ALIGN (0x4)
                0x24000000                        _sdata = .
 *(.data)
 *(.data*)
 .data.s_send_idx
                0x24000000        0x1 ./Core/Src/comm.o
 *fill*         0x24000001        0x3 
 .data.s_port   0x24000004       0x3c ./Core/Src/comm.o
 .data.last_state.1
                0x24000040        0x1 ./Core/Src/comm.o
 *fill*         0x24000041        0x3 
 .data.g_devs   0x24000044      0x1a0 ./Core/Src/main.o
                0x24000044                g_devs
 .data.SystemCoreClock
                0x240001e4        0x4 ./Core/Src/system_stm32h7xx.o
                0x240001e4                SystemCoreClock
 .data.SystemD2Clock
                0x240001e8        0x4 ./Core/Src/system_stm32h7xx.o
                0x240001e8                SystemD2Clock
 .data.uwTickPrio
                0x240001ec        0x4 ./Drivers/STM32H7xx_HAL_Driver/Src/stm32h7xx_hal.o
                0x240001ec                uwTickPrio
 .data.uwTickFreq
                0x240001f0        0x1 ./Drivers/STM32H7xx_HAL_Driver/Src/stm32h7xx_hal.o
                0x240001f0                uwTickFreq
 *fill*         0x240001f1        0x3 
 .data.USBD_CDC_DeviceQualifierDesc
                0x240001f4        0xa ./Middlewares/ST/STM32_USB_Device_Library/Class/CDC/Src/usbd_cdc.o
 *fill*         0x240001fe        0x2 
 .data.USBD_CDC
                0x24000200       0x38 ./Middlewares/ST/STM32_USB_Device_Library/Class/CDC/Src/usbd_cdc.o
                0x24000200                USBD_CDC
 .data.USBD_CDC_CfgDesc
                0x24000238       0x43 ./Middlewares/ST/STM32_USB_Device_Library/Class/CDC/Src/usbd_cdc.o
 .data.CDCInEpAdd
                0x2400027b        0x1 ./Middlewares/ST/STM32_USB_Device_Library/Class/CDC/Src/usbd_cdc.o
 .data.CDCOutEpAdd
                0x2400027c        0x1 ./Middlewares/ST/STM32_USB_Device_Library/Class/CDC/Src/usbd_cdc.o
 .data.CDCCmdEpAdd
                0x2400027d        0x1 ./Middlewares/ST/STM32_USB_Device_Library/Class/CDC/Src/usbd_cdc.o
 *fill*         0x2400027e        0x2 
 .data.USBD_Interface_fops_HS
                0x24000280       0x14 ./USB_DEVICE/App/usbd_cdc_if.o
                0x24000280                USBD_Interface_fops_HS
 .data.HS_Desc  0x24000294       0x20 ./USB_DEVICE/App/usbd_desc.o
                0x24000294                HS_Desc
 .data.USBD_HS_DeviceDesc
                0x240002b4       0x12 ./USB_DEVICE/App/usbd_desc.o
                0x240002b4                USBD_HS_DeviceDesc
 *fill*         0x240002c6        0x2 
 .data.USBD_LangIDDesc
                0x240002c8        0x4 ./USB_DEVICE/App/usbd_desc.o
                0x240002c8                USBD_LangIDDesc
 .data.USBD_StringSerial
                0x240002cc       0x1a ./USB_DEVICE/App/usbd_desc.o
                0x240002cc                USBD_StringSerial
 *(.RamFunc)
 *(.RamFunc*)
                0x240002e8                        . = ALIGN (0x4)
 *fill*         0x240002e6        0x2 
                0x240002e8                        _edata = .

.igot.plt       0x240002e8        0x0 load address 0x080163f0
 .igot.plt      0x240002e8        0x0 D:/STM32CubeIDE/STM32CubeIDE_1.19.0/STM32CubeIDE/plugins/com.st.stm32cube.ide.mcu.externaltools.gnu-tools-for-stm32.13.3.rel1.win32_1.0.0.202411081344/tools/bin/../lib/gcc/arm-none-eabi/13.3.1/thumb/v7e-m+dp/hard/crtbegin.o
                0x240002e8                        . = ALIGN (0x4)

.bss            0x240002e8     0x268c load address 0x080163f0
                0x240002e8                        _sbss = .
                0x240002e8                        __bss_start__ = _sbss
 *(.bss)
 .bss           0x240002e8       0x1c D:/STM32CubeIDE/STM32CubeIDE_1.19.0/STM32CubeIDE/plugins/com.st.stm32cube.ide.mcu.externaltools.gnu-tools-for-stm32.13.3.rel1.win32_1.0.0.202411081344/tools/bin/../lib/gcc/arm-none-eabi/13.3.1/thumb/v7e-m+dp/hard/crtbegin.o
 *(.bss*)
 .bss.s         0x24000304       0x40 ./Core/Src/cfg_store.o
 .bss.s_build_idx
                0x24000344        0x1 ./Core/Src/comm.o
 .bss.s_aux_idx
                0x24000345        0x1 ./Core/Src/comm.o
 *fill*         0x24000346        0x2 
 .bss.s_stats   0x24000348       0x84 ./Core/Src/comm.o
 .bss.s_dcm_fault
                0x240003cc        0x1 ./Core/Src/comm.o
 *fill*         0x240003cd        0x3 
 .bss.s_last_rx_ms
                0x240003d0        0x4 ./Core/Src/comm.o
 .bss.s_rx_tail
                0x240003d4        0x6 ./Core/Src/comm.o
 *fill*         0x240003da        0x2 
 .bss.s_rx_frm  0x240003dc      0x324 ./Core/Src/comm.o
 .bss.s_rx_idx  0x24000700        0x6 ./Core/Src/comm.o
 *fill*         0x24000706        0x2 
 .bss.s_rx_len  0x24000708        0x6 ./Core/Src/comm.o
 *fill*         0x2400070e        0x2 
 .bss.s_cfg_req
                0x24000710       0x10 ./Core/Src/comm.o
 .bss.idx.4     0x24000720        0x1 ./Core/Src/comm.o
 *fill*         0x24000721        0x3 
 .bss.hist.3    0x24000724        0x3 ./Core/Src/comm.o
 *fill*         0x24000727        0x1 
 .bss.t_last.2  0x24000728        0x4 ./Core/Src/comm.o
 .bss.s_last.0  0x2400072c        0x1 ./Core/Src/comm.o
 *fill*         0x2400072d        0x3 
 .bss.s         0x24000730       0x24 ./Core/Src/fw_update.o
 .bss.s_bus     0x24000754       0x24 ./Core/Src/ina228_driver.o
 .bss.s_pat_g   0x24000778        0x4 ./Core/Src/led.o
 .bss.s_pat_b   0x2400077c        0x4 ./Core/Src/led.o
 .bss.s_pat_r   0x24000780        0x4 ./Core/Src/led.o
 .bss.s_slot    0x24000784        0x1 ./Core/Src/led.o
 *fill*         0x24000785        0x3 
 .bss.s_t_last  0x24000788        0x4 ./Core/Src/led.o
 .bss.hi2c1     0x2400078c       0x54 ./Core/Src/main.o
                0x2400078c                hi2c1
 .bss.hdma_i2c1_rx
                0x240007e0       0x78 ./Core/Src/main.o
                0x240007e0                hdma_i2c1_rx
 .bss.hdma_i2c1_tx
                0x24000858       0x78 ./Core/Src/main.o
                0x24000858                hdma_i2c1_tx
 .bss.huart4    0x240008d0       0x94 ./Core/Src/main.o
                0x240008d0                huart4
 .bss.huart5    0x24000964       0x94 ./Core/Src/main.o
                0x24000964                huart5
 .bss.huart1    0x240009f8       0x94 ./Core/Src/main.o
                0x240009f8                huart1
 .bss.hdma_uart4_tx
                0x24000a8c       0x78 ./Core/Src/main.o
                0x24000a8c                hdma_uart4_tx
 .bss.hdma_uart4_rx
                0x24000b04       0x78 ./Core/Src/main.o
                0x24000b04                hdma_uart4_rx
 .bss.hdma_uart5_tx
                0x24000b7c       0x78 ./Core/Src/main.o
                0x24000b7c                hdma_uart5_tx
 .bss.hdma_uart5_rx
                0x24000bf4       0x78 ./Core/Src/main.o
                0x24000bf4                hdma_uart5_rx
 .bss.hdma_usart1_tx
                0x24000c6c       0x78 ./Core/Src/main.o
                0x24000c6c                hdma_usart1_tx
 .bss.hdma_usart1_rx
                0x24000ce4       0x78 ./Core/Src/main.o
                0x24000ce4                hdma_usart1_rx
 .bss.s         0x24000d5c       0x14 ./Core/Src/safety.o
 .bss.uwTick    0x24000d70        0x4 ./Drivers/STM32H7xx_HAL_Driver/Src/stm32h7xx_hal.o
                0x24000d70                uwTick
 .bss.pFlash    0x24000d74       0x1c ./Drivers/STM32H7xx_HAL_Driver/Src/stm32h7xx_hal_flash.o